Archive member included to satisfy reference by file (symbol)

/usr/lib/gcc/arm-none-eabi/9.2.1/../../../arm-none-eabi/lib/thumb/v7-m/nofp/libc.a(lib_a-memcpy.o)
                              rtos/queue.o (memcpy)
/home/hades/bp/stm32//rtos/libwwg/libwwg.a(miniprintf.o)
                              rtos/usbcdc.o (mini_vprintf_cooked)
/home/hades/bp/stm32//rtos/libwwg/libwwg.a(mcuio.o)
                              main.o (std_printf)
/home/hades/bp/stm32//rtos/libwwg/libwwg.a(getline.o)
                              rtos/usbcdc.o (getline)
/home/hades/bp/stm32//rtos/libwwg/libwwg.a(uartlib.o)
                              /home/hades/bp/stm32//rtos/libwwg/libwwg.a(mcuio.o) (uart1_putc)
/home/hades/bp/stm32/libopencm3/lib/libopencm3_stm32f1.a(adc.o)
                              main.o (adc_power_on)
/home/hades/bp/stm32/libopencm3/lib/libopencm3_stm32f1.a(adc_common_v1.o)
                              main.o (adc_power_off)
/home/hades/bp/stm32/libopencm3/lib/libopencm3_stm32f1.a(gpio.o)
                              main.o (gpio_set_mode)
/home/hades/bp/stm32/libopencm3/lib/libopencm3_stm32f1.a(gpio_common_all.o)
                              main.o (gpio_clear)
/home/hades/bp/stm32/libopencm3/lib/libopencm3_stm32f1.a(rcc.o)
                              main.o (rcc_enable_rtc_clock)
/home/hades/bp/stm32/libopencm3/lib/libopencm3_stm32f1.a(rcc_common_all.o)
                              main.o (rcc_peripheral_enable_clock)
/home/hades/bp/stm32/libopencm3/lib/libopencm3_stm32f1.a(rtc.o)
                              main.o (rtc_awake_from_off)
/home/hades/bp/stm32/libopencm3/lib/libopencm3_stm32f1.a(usart_common_all.o)
                              /home/hades/bp/stm32//rtos/libwwg/libwwg.a(uartlib.o) (usart_set_baudrate)
/home/hades/bp/stm32/libopencm3/lib/libopencm3_stm32f1.a(usart_common_f124.o)
                              /home/hades/bp/stm32/libopencm3/lib/libopencm3_stm32f1.a(usart_common_all.o) (usart_send)
/home/hades/bp/stm32/libopencm3/lib/libopencm3_stm32f1.a(usb.o)
                              rtos/usbcdc.o (usbd_init)
/home/hades/bp/stm32/libopencm3/lib/libopencm3_stm32f1.a(usb_control.o)
                              rtos/usbcdc.o (usbd_register_control_callback)
/home/hades/bp/stm32/libopencm3/lib/libopencm3_stm32f1.a(usb_standard.o)
                              rtos/usbcdc.o (usbd_register_set_config_callback)
/home/hades/bp/stm32/libopencm3/lib/libopencm3_stm32f1.a(st_usbfs_v1.o)
                              rtos/usbcdc.o (st_usbfs_v1_usb_driver)
/home/hades/bp/stm32/libopencm3/lib/libopencm3_stm32f1.a(vector.o)
                              (reset_handler)
/home/hades/bp/stm32/libopencm3/lib/libopencm3_stm32f1.a(nvic.o)
                              main.o (nvic_enable_irq)
/home/hades/bp/stm32/libopencm3/lib/libopencm3_stm32f1.a(assert.o)
                              /home/hades/bp/stm32/libopencm3/lib/libopencm3_stm32f1.a(rcc.o) (cm3_assert_failed)
/home/hades/bp/stm32/libopencm3/lib/libopencm3_stm32f1.a(flash_common_all.o)
                              /home/hades/bp/stm32/libopencm3/lib/libopencm3_stm32f1.a(rcc.o) (flash_set_ws)
/home/hades/bp/stm32/libopencm3/lib/libopencm3_stm32f1.a(pwr_common_v1.o)
                              /home/hades/bp/stm32/libopencm3/lib/libopencm3_stm32f1.a(rtc.o) (pwr_disable_backup_domain_write_protect)
/home/hades/bp/stm32/libopencm3/lib/libopencm3_stm32f1.a(st_usbfs_core.o)
                              /home/hades/bp/stm32/libopencm3/lib/libopencm3_stm32f1.a(st_usbfs_v1.o) (st_usbfs_set_address)
/usr/lib/gcc/arm-none-eabi/9.2.1/../../../arm-none-eabi/lib/thumb/v7-m/nofp/libc.a(lib_a-malloc.o)
                              /home/hades/bp/stm32//rtos/libwwg/libwwg.a(uartlib.o) (malloc)
/usr/lib/gcc/arm-none-eabi/9.2.1/../../../arm-none-eabi/lib/thumb/v7-m/nofp/libc.a(lib_a-mallocr.o)
                              /usr/lib/gcc/arm-none-eabi/9.2.1/../../../arm-none-eabi/lib/thumb/v7-m/nofp/libc.a(lib_a-malloc.o) (_malloc_r)
/usr/lib/gcc/arm-none-eabi/9.2.1/../../../arm-none-eabi/lib/thumb/v7-m/nofp/libc.a(lib_a-memmove.o)
                              /home/hades/bp/stm32//rtos/libwwg/libwwg.a(getline.o) (memmove)
/usr/lib/gcc/arm-none-eabi/9.2.1/../../../arm-none-eabi/lib/thumb/v7-m/nofp/libc.a(lib_a-mlock.o)
                              /usr/lib/gcc/arm-none-eabi/9.2.1/../../../arm-none-eabi/lib/thumb/v7-m/nofp/libc.a(lib_a-mallocr.o) (__malloc_lock)
/usr/lib/gcc/arm-none-eabi/9.2.1/../../../arm-none-eabi/lib/thumb/v7-m/nofp/libc.a(lib_a-sbrkr.o)
                              /usr/lib/gcc/arm-none-eabi/9.2.1/../../../arm-none-eabi/lib/thumb/v7-m/nofp/libc.a(lib_a-mallocr.o) (_sbrk_r)
/usr/lib/gcc/arm-none-eabi/9.2.1/../../../arm-none-eabi/lib/thumb/v7-m/nofp/libc.a(lib_a-strlen-stub.o)
                              /home/hades/bp/stm32//rtos/libwwg/libwwg.a(miniprintf.o) (strlen)
/usr/lib/gcc/arm-none-eabi/9.2.1/../../../arm-none-eabi/lib/thumb/v7-m/nofp/libc.a(lib_a-freer.o)
[...]
Memory Configuration

Name             Origin             Length             Attributes
rom              0x0000000008000000 0x0000000000010000 xr
ram              0x0000000020000000 0x0000000000005000 xrw
*default*        0x0000000000000000 0xffffffffffffffff

Linker script and memory map

LOAD main.o
LOAD rtos/heap_4.o
LOAD rtos/list.o
LOAD rtos/port.o
LOAD rtos/queue.o
LOAD rtos/tasks.o
LOAD rtos/opencm3.o
LOAD rtos/usbcdc.o
START GROUP
LOAD /usr/lib/gcc/arm-none-eabi/9.2.1/../../../arm-none-eabi/lib/thumb/v7-m/nofp/libc.a
LOAD /usr/lib/gcc/arm-none-eabi/9.2.1/thumb/v7-m/nofp/libgcc.a
LOAD /usr/lib/gcc/arm-none-eabi/9.2.1/../../../arm-none-eabi/lib/thumb/v7-m/nofp/libnosys.a
END GROUP
LOAD /home/hades/bp/stm32//rtos/libwwg/libwwg.a
LOAD /home/hades/bp/stm32/libopencm3/lib/libopencm3_stm32f1.a
START GROUP
LOAD /usr/lib/gcc/arm-none-eabi/9.2.1/thumb/v7-m/nofp/libgcc.a
LOAD /usr/lib/gcc/arm-none-eabi/9.2.1/../../../arm-none-eabi/lib/thumb/v7-m/nofp/libc.a
END GROUP
START GROUP
LOAD /usr/lib/gcc/arm-none-eabi/9.2.1/thumb/v7-m/nofp/libgcc.a
LOAD /usr/lib/gcc/arm-none-eabi/9.2.1/../../../arm-none-eabi/lib/thumb/v7-m/nofp/libc.a
LOAD /usr/lib/gcc/arm-none-eabi/9.2.1/../../../arm-none-eabi/lib/thumb/v7-m/nofp/libnosys.a
END GROUP

.text           0x0000000008000000     0x3c30
 *(.vectors)
 .vectors       0x0000000008000000      0x150 /home/hades/bp/stm32/libopencm3/lib/libopencm3_stm32f1.a(vector.o)
                0x0000000008000000                vector_table
 *(.text*)
 .text.mutex_lock
                0x0000000008000150       0x10 main.o
 .text.mutex_unlock
                0x0000000008000160       0x14 main.o
 .text.task3    0x0000000008000174       0x44 main.o
 .text.task2    0x00000000080001b8       0x48 main.o
 .text.task1    0x0000000008000200      0x12c main.o
 .text.rtc_isr  0x000000000800032c      0x118 main.o
                0x000000000800032c                rtc_isr
 .text.startup.main
                0x0000000008000444      0x154 main.o
                0x0000000008000444                main
 .text.prvInsertBlockIntoFreeList
                0x0000000008000598       0x48 rtos/heap_4.o
 .text.pvPortMalloc
                0x00000000080005e0       0xfc rtos/heap_4.o
                0x00000000080005e0                pvPortMalloc
 .text.vPortFree
                0x00000000080006dc       0x58 rtos/heap_4.o
                0x00000000080006dc                vPortFree
 .text.vListInitialise
                0x0000000008000734       0x16 rtos/list.o
                0x0000000008000734                vListInitialise
 .text.vListInitialiseItem
                0x000000000800074a        0x6 rtos/list.o
                0x000000000800074a                vListInitialiseItem
 .text.vListInsertEnd
                0x0000000008000750       0x18 rtos/list.o
                0x0000000008000750                vListInsertEnd
 .text.vListInsert
                0x0000000008000768       0x2e rtos/list.o
                0x0000000008000768                vListInsert
 .text.uxListRemove
                0x0000000008000796       0x20 rtos/list.o
                0x0000000008000796                uxListRemove
 .text.prvTaskExitError
                0x00000000080007b6       0x20 rtos/port.o
 *fill*         0x00000000080007d6        0x2 
 .text.prvPortStartFirstTask
                0x00000000080007d8       0x20 rtos/port.o
 .text.pxPortInitialiseStack
                0x00000000080007f8       0x24 rtos/port.o
                0x00000000080007f8                pxPortInitialiseStack
 *fill*         0x000000000800081c        0x4 
 .text.vPortSVCHandler
                0x0000000008000820       0x24 rtos/port.o
                0x0000000008000820                vPortSVCHandler
 .text.vPortEnterCritical
                0x0000000008000844       0x20 rtos/port.o
                0x0000000008000844                vPortEnterCritical
 .text.vPortExitCritical
                0x0000000008000864       0x14 rtos/port.o
                0x0000000008000864                vPortExitCritical
 *fill*         0x0000000008000878        0x8 
 .text.xPortPendSVHandler
                0x0000000008000880       0x44 rtos/port.o
                0x0000000008000880                xPortPendSVHandler
 .text.xPortSysTickHandler
                0x00000000080008c4       0x2c rtos/port.o
                0x00000000080008c4                xPortSysTickHandler
 .text.vPortSetupTimerInterrupt
                0x00000000080008f0       0x24 rtos/port.o
                0x00000000080008f0                vPortSetupTimerInterrupt
 .text.xPortStartScheduler
                0x0000000008000914       0x38 rtos/port.o
                0x0000000008000914                xPortStartScheduler
 .text.prvIsQueueEmpty
                0x000000000800094c       0x16 rtos/queue.o
 .text.prvCopyDataToQueue
                0x0000000008000962       0x6a rtos/queue.o
 .text.prvCopyDataFromQueue
                0x00000000080009cc       0x28 rtos/queue.o
 .text.prvUnlockQueue
                0x00000000080009f4       0x70 rtos/queue.o
 .text.xQueueGenericReset
                0x0000000008000a64       0x6c rtos/queue.o
                0x0000000008000a64                xQueueGenericReset
 .text.xQueueGenericCreate
                0x0000000008000ad0       0x2e rtos/queue.o
                0x0000000008000ad0                xQueueGenericCreate
 *fill*         0x0000000008000afe        0x2 
 .text.xQueueGenericSend
                0x0000000008000b00      0x104 rtos/queue.o
                0x0000000008000b00                xQueueGenericSend
 .text.xQueueCreateMutex
                0x0000000008000c04       0x24 rtos/queue.o
                0x0000000008000c04                xQueueCreateMutex
 .text.xQueueReceive
                0x0000000008000c28       0xf0 rtos/queue.o
                0x0000000008000c28                xQueueReceive
 .text.xQueueSemaphoreTake
                0x0000000008000d18      0x128 rtos/queue.o
                0x0000000008000d18                xQueueSemaphoreTake
 .text.xQueuePeek
                0x0000000008000e40       0xf0 rtos/queue.o
                0x0000000008000e40                xQueuePeek
 .text.uxQueueSpacesAvailable
                0x0000000008000f30       0x16 rtos/queue.o
                0x0000000008000f30                uxQueueSpacesAvailable
 *fill*         0x0000000008000f46        0x2 
 .text.prvResetNextTaskUnblockTime
                0x0000000008000f48       0x24 rtos/tasks.o
 .text.prvAddCurrentTaskToDelayedList
                0x0000000008000f6c       0x8c rtos/tasks.o
 .text.prvIdleTask
                0x0000000008000ff8       0x6c rtos/tasks.o
 .text.xTaskCreate
                0x0000000008001064      0x1b8 rtos/tasks.o
                0x0000000008001064                xTaskCreate
 .text.vTaskStartScheduler
                0x000000000800121c       0x64 rtos/tasks.o
                0x000000000800121c                vTaskStartScheduler
 .text.vTaskSuspendAll
                0x0000000008001280       0x10 rtos/tasks.o
                0x0000000008001280                vTaskSuspendAll
 .text.xTaskGetTickCount
                0x0000000008001290        0xc rtos/tasks.o
                0x0000000008001290                xTaskGetTickCount
 .text.xTaskIncrementTick
                0x000000000800129c      0x10c rtos/tasks.o
                0x000000000800129c                xTaskIncrementTick
 .text.xTaskResumeAll
                0x00000000080013a8       0xd8 rtos/tasks.o
                0x00000000080013a8                xTaskResumeAll
 .text.vTaskSwitchContext
                0x0000000008001480       0x60 rtos/tasks.o
                0x0000000008001480                vTaskSwitchContext
 .text.vTaskPlaceOnEventList
                0x00000000080014e0       0x20 rtos/tasks.o
                0x00000000080014e0                vTaskPlaceOnEventList
 .text.xTaskRemoveFromEventList
                0x0000000008001500       0x70 rtos/tasks.o
                0x0000000008001500                xTaskRemoveFromEventList
 .text.vTaskInternalSetTimeOutState
                0x0000000008001570       0x18 rtos/tasks.o
                0x0000000008001570                vTaskInternalSetTimeOutState
 .text.xTaskCheckForTimeOut
                0x0000000008001588       0x50 rtos/tasks.o
                0x0000000008001588                xTaskCheckForTimeOut
 .text.vTaskMissedYield
                0x00000000080015d8        0xc rtos/tasks.o
                0x00000000080015d8                vTaskMissedYield
 .text.xTaskPriorityInherit
                0x00000000080015e4       0x98 rtos/tasks.o
                0x00000000080015e4                xTaskPriorityInherit
 .text.xTaskPriorityDisinherit
                0x000000000800167c       0x68 rtos/tasks.o
                0x000000000800167c                xTaskPriorityDisinherit
 .text.vTaskPriorityDisinheritAfterTimeout
                0x00000000080016e4       0x78 rtos/tasks.o
                0x00000000080016e4                vTaskPriorityDisinheritAfterTimeout
 .text.pvTaskIncrementMutexHeldCount
                0x000000000800175c       0x18 rtos/tasks.o
                0x000000000800175c                pvTaskIncrementMutexHeldCount
 .text.ulTaskGenericNotifyTake
                0x0000000008001774       0x84 rtos/tasks.o
                0x0000000008001774                ulTaskGenericNotifyTake
 .text.vTaskGenericNotifyGiveFromISR
                0x00000000080017f8       0xa4 rtos/tasks.o
                0x00000000080017f8                vTaskGenericNotifyGiveFromISR
 .text.sv_call_handler
                0x000000000800189c        0x4 rtos/opencm3.o
                0x000000000800189c                sv_call_handler
 .text.pend_sv_handler
                0x00000000080018a0        0x4 rtos/opencm3.o
                0x00000000080018a0                pend_sv_handler
 .text.sys_tick_handler
                0x00000000080018a4        0x4 rtos/opencm3.o
                0x00000000080018a4                sys_tick_handler
 .text.cdcacm_control_request
                0x00000000080018a8       0x1c rtos/usbcdc.o
 .text.usb_putc
                0x00000000080018c4       0x5c rtos/usbcdc.o
                0x00000000080018c4                usb_putc
 .text.usb_getc
                0x0000000008001920       0x28 rtos/usbcdc.o
                0x0000000008001920                usb_getc
 .text.usb_task
                0x0000000008001948       0x64 rtos/usbcdc.o
 .text.cdcacm_set_config
                0x00000000080019ac       0x54 rtos/usbcdc.o
 .text.cdcacm_data_rx_cb
                0x0000000008001a00       0x48 rtos/usbcdc.o
 .text.usb_puts
                0x0000000008001a48       0x12 rtos/usbcdc.o
                0x0000000008001a48                usb_puts
 *fill*         0x0000000008001a5a        0x2 
 .text.usb_vprintf
                0x0000000008001a5c       0x10 rtos/usbcdc.o
                0x0000000008001a5c                usb_vprintf
 .text.usb_write
                0x0000000008001a6c       0x24 rtos/usbcdc.o
                0x0000000008001a6c                usb_write
 .text.usb_peek
                0x0000000008001a90       0x24 rtos/usbcdc.o
                0x0000000008001a90                usb_peek
 .text.usb_gets
                0x0000000008001ab4       0x4c rtos/usbcdc.o
                0x0000000008001ab4                usb_gets
 .text.usb_getline
                0x0000000008001b00       0x10 rtos/usbcdc.o
                0x0000000008001b00                usb_getline
 .text.usb_start
                0x0000000008001b10       0x98 rtos/usbcdc.o
                0x0000000008001b10                usb_start
 .text          0x0000000008001ba8       0xec /usr/lib/gcc/arm-none-eabi/9.2.1/../../../arm-none-eabi/lib/thumb/v7-m/nofp/libc.a(lib_a-memcpy.o)
                0x0000000008001ba8                memcpy
 .text.mini_write
                0x0000000008001c94       0x16 /home/hades/bp/stm32//rtos/libwwg/libwwg.a(miniprintf.o)
 .text.mini_putc
                0x0000000008001caa       0x2a /home/hades/bp/stm32//rtos/libwwg/libwwg.a(miniprintf.o)
 .text.mini_pad
                0x0000000008001cd4       0x24 /home/hades/bp/stm32//rtos/libwwg/libwwg.a(miniprintf.o)
 .text.internal_vprintf
                0x0000000008001cf8      0x1f0 /home/hades/bp/stm32//rtos/libwwg/libwwg.a(miniprintf.o)
 .text.mini_vprintf_cooked
                0x0000000008001ee8       0x30 /home/hades/bp/stm32//rtos/libwwg/libwwg.a(miniprintf.o)
                0x0000000008001ee8                mini_vprintf_cooked
 .text.std_printf
                0x0000000008001f18       0x24 /home/hades/bp/stm32//rtos/libwwg/libwwg.a(mcuio.o)
                0x0000000008001f18                std_printf
 .text.getline  0x0000000008001f3c      0x18e /home/hades/bp/stm32//rtos/libwwg/libwwg.a(getline.o)
                0x0000000008001f3c                getline
 *fill*         0x00000000080020ca        0x2 
 .text.uart_common_isr
                0x00000000080020cc       0x44 /home/hades/bp/stm32//rtos/libwwg/libwwg.a(uartlib.o)
 .text.usart1_isr
                0x0000000008002110        0x6 /home/hades/bp/stm32//rtos/libwwg/libwwg.a(uartlib.o)
                0x0000000008002110                usart1_isr
 .text.usart2_isr
                0x0000000008002116        0x6 /home/hades/bp/stm32//rtos/libwwg/libwwg.a(uartlib.o)
                0x0000000008002116                usart2_isr
 .text.usart3_isr
                0x000000000800211c        0x6 /home/hades/bp/stm32//rtos/libwwg/libwwg.a(uartlib.o)
                0x000000000800211c                usart3_isr
 *fill*         0x0000000008002122        0x2 
 .text.putc_uart
                0x0000000008002124       0x34 /home/hades/bp/stm32//rtos/libwwg/libwwg.a(uartlib.o)
                0x0000000008002124                putc_uart
 .text.uart1_putc
                0x0000000008002158       0x1c /home/hades/bp/stm32//rtos/libwwg/libwwg.a(uartlib.o)
                0x0000000008002158                uart1_putc
 .text.uart2_putc
                0x0000000008002174       0x1c /home/hades/bp/stm32//rtos/libwwg/libwwg.a(uartlib.o)
                0x0000000008002174                uart2_putc
 .text.uart3_putc
                0x0000000008002190       0x1c /home/hades/bp/stm32//rtos/libwwg/libwwg.a(uartlib.o)
                0x0000000008002190                uart3_putc
 .text.getc_uart
                0x00000000080021ac       0x4c /home/hades/bp/stm32//rtos/libwwg/libwwg.a(uartlib.o)
                0x00000000080021ac                getc_uart
 .text.uart1_getc
                0x00000000080021f8        0xa /home/hades/bp/stm32//rtos/libwwg/libwwg.a(uartlib.o)
                0x00000000080021f8                uart1_getc
 .text.uart2_getc
                0x0000000008002202        0xa /home/hades/bp/stm32//rtos/libwwg/libwwg.a(uartlib.o)
                0x0000000008002202                uart2_getc
 .text.uart3_getc
                0x000000000800220c        0xa /home/hades/bp/stm32//rtos/libwwg/libwwg.a(uartlib.o)
                0x000000000800220c                uart3_getc
 .text.adc_power_on
                0x0000000008002216       0x10 /home/hades/bp/stm32/libopencm3/lib/libopencm3_stm32f1.a(adc.o)
                0x0000000008002216                adc_power_on
 .text.adc_start_conversion_direct
                0x0000000008002226       0x10 /home/hades/bp/stm32/libopencm3/lib/libopencm3_stm32f1.a(adc.o)
                0x0000000008002226                adc_start_conversion_direct
 *fill*         0x0000000008002236        0x2 
 .text.adc_set_dual_mode
                0x0000000008002238       0x14 /home/hades/bp/stm32/libopencm3/lib/libopencm3_stm32f1.a(adc.o)
                0x0000000008002238                adc_set_dual_mode
 .text.adc_enable_temperature_sensor
                0x000000000800224c       0x14 /home/hades/bp/stm32/libopencm3/lib/libopencm3_stm32f1.a(adc.o)
                0x000000000800224c                adc_enable_temperature_sensor
 .text.adc_reset_calibration
                0x0000000008002260       0x14 /home/hades/bp/stm32/libopencm3/lib/libopencm3_stm32f1.a(adc.o)
                0x0000000008002260                adc_reset_calibration
 .text.adc_calibrate_async
                0x0000000008002274        0xa /home/hades/bp/stm32/libopencm3/lib/libopencm3_stm32f1.a(adc.o)
                0x0000000008002274                adc_calibrate_async
 .text.adc_is_calibrating
                0x000000000800227e        0x8 /home/hades/bp/stm32/libopencm3/lib/libopencm3_stm32f1.a(adc.o)
                0x000000000800227e                adc_is_calibrating
 .text.adc_set_sample_time
                0x0000000008002286       0x36 /home/hades/bp/stm32/libopencm3/lib/libopencm3_stm32f1.a(adc.o)
                0x0000000008002286                adc_set_sample_time
 .text.adc_power_off
                0x00000000080022bc        0xa /home/hades/bp/stm32/libopencm3/lib/libopencm3_stm32f1.a(adc_common_v1.o)
                0x00000000080022bc                adc_power_off
 .text.adc_disable_scan_mode
                0x00000000080022c6        0xa /home/hades/bp/stm32/libopencm3/lib/libopencm3_stm32f1.a(adc_common_v1.o)
                0x00000000080022c6                adc_disable_scan_mode
 .text.adc_set_right_aligned
                0x00000000080022d0        0xa /home/hades/bp/stm32/libopencm3/lib/libopencm3_stm32f1.a(adc_common_v1.o)
                0x00000000080022d0                adc_set_right_aligned
 .text.adc_eoc  0x00000000080022da        0x8 /home/hades/bp/stm32/libopencm3/lib/libopencm3_stm32f1.a(adc_common_v1.o)
                0x00000000080022da                adc_eoc
 .text.adc_read_regular
                0x00000000080022e2        0x4 /home/hades/bp/stm32/libopencm3/lib/libopencm3_stm32f1.a(adc_common_v1.o)
                0x00000000080022e2                adc_read_regular
 .text.adc_set_single_conversion_mode
                0x00000000080022e6        0xa /home/hades/bp/stm32/libopencm3/lib/libopencm3_stm32f1.a(adc_common_v1.o)
                0x00000000080022e6                adc_set_single_conversion_mode
 .text.adc_set_regular_sequence
                0x00000000080022f0       0x5e /home/hades/bp/stm32/libopencm3/lib/libopencm3_stm32f1.a(adc_common_v1.o)
                0x00000000080022f0                adc_set_regular_sequence
 .text.gpio_set_mode
                0x000000000800234e       0x5e /home/hades/bp/stm32/libopencm3/lib/libopencm3_stm32f1.a(gpio.o)
                0x000000000800234e                gpio_set_mode
 .text.gpio_clear
                0x00000000080023ac        0x6 /home/hades/bp/stm32/libopencm3/lib/libopencm3_stm32f1.a(gpio_common_all.o)
                0x00000000080023ac                gpio_clear
 .text.gpio_toggle
                0x00000000080023b2       0x12 /home/hades/bp/stm32/libopencm3/lib/libopencm3_stm32f1.a(gpio_common_all.o)
                0x00000000080023b2                gpio_toggle
 .text.rcc_is_osc_ready
                0x00000000080023c4       0x58 /home/hades/bp/stm32/libopencm3/lib/libopencm3_stm32f1.a(rcc.o)
                0x00000000080023c4                rcc_is_osc_ready
 .text.rcc_wait_for_osc_ready
                0x000000000800241c       0x10 /home/hades/bp/stm32/libopencm3/lib/libopencm3_stm32f1.a(rcc.o)
                0x000000000800241c                rcc_wait_for_osc_ready
 .text.rcc_osc_on
                0x000000000800242c       0x60 /home/hades/bp/stm32/libopencm3/lib/libopencm3_stm32f1.a(rcc.o)
                0x000000000800242c                rcc_osc_on
 .text.rcc_set_sysclk_source
                0x000000000800248c       0x14 /home/hades/bp/stm32/libopencm3/lib/libopencm3_stm32f1.a(rcc.o)
                0x000000000800248c                rcc_set_sysclk_source
 .text.rcc_set_pll_multiplication_factor
                0x00000000080024a0       0x14 /home/hades/bp/stm32/libopencm3/lib/libopencm3_stm32f1.a(rcc.o)
                0x00000000080024a0                rcc_set_pll_multiplication_factor
 .text.rcc_set_pll_source
                0x00000000080024b4       0x14 /home/hades/bp/stm32/libopencm3/lib/libopencm3_stm32f1.a(rcc.o)
                0x00000000080024b4                rcc_set_pll_source
 .text.rcc_set_pllxtpre
                0x00000000080024c8       0x14 /home/hades/bp/stm32/libopencm3/lib/libopencm3_stm32f1.a(rcc.o)
                0x00000000080024c8                rcc_set_pllxtpre
 .text.rcc_enable_rtc_clock
                0x00000000080024dc       0x10 /home/hades/bp/stm32/libopencm3/lib/libopencm3_stm32f1.a(rcc.o)
                0x00000000080024dc                rcc_enable_rtc_clock
 .text.rcc_set_rtc_clock_source
                0x00000000080024ec       0x84 /home/hades/bp/stm32/libopencm3/lib/libopencm3_stm32f1.a(rcc.o)
                0x00000000080024ec                rcc_set_rtc_clock_source
 .text.rcc_set_adcpre
                0x0000000008002570       0x14 /home/hades/bp/stm32/libopencm3/lib/libopencm3_stm32f1.a(rcc.o)
                0x0000000008002570                rcc_set_adcpre
 .text.rcc_set_ppre2
                0x0000000008002584       0x14 /home/hades/bp/stm32/libopencm3/lib/libopencm3_stm32f1.a(rcc.o)
                0x0000000008002584                rcc_set_ppre2
 .text.rcc_set_ppre1
                0x0000000008002598       0x14 /home/hades/bp/stm32/libopencm3/lib/libopencm3_stm32f1.a(rcc.o)
                0x0000000008002598                rcc_set_ppre1
 .text.rcc_set_hpre
                0x00000000080025ac       0x14 /home/hades/bp/stm32/libopencm3/lib/libopencm3_stm32f1.a(rcc.o)
                0x00000000080025ac                rcc_set_hpre
 .text.rcc_clock_setup_in_hse_8mhz_out_72mhz
                0x00000000080025c0       0x88 /home/hades/bp/stm32/libopencm3/lib/libopencm3_stm32f1.a(rcc.o)
                0x00000000080025c0                rcc_clock_setup_in_hse_8mhz_out_72mhz
 .text.rcc_peripheral_enable_clock
                0x0000000008002648        0x8 /home/hades/bp/stm32/libopencm3/lib/libopencm3_stm32f1.a(rcc_common_all.o)
                0x0000000008002648                rcc_peripheral_enable_clock
 .text.rcc_peripheral_reset
                0x0000000008002650        0x8 /home/hades/bp/stm32/libopencm3/lib/libopencm3_stm32f1.a(rcc_common_all.o)
                0x0000000008002650                rcc_peripheral_reset
 .text.rcc_peripheral_clear_reset
                0x0000000008002658        0xa /home/hades/bp/stm32/libopencm3/lib/libopencm3_stm32f1.a(rcc_common_all.o)
                0x0000000008002658                rcc_peripheral_clear_reset
 .text.rcc_periph_clock_enable
                0x0000000008002662       0x1c /home/hades/bp/stm32/libopencm3/lib/libopencm3_stm32f1.a(rcc_common_all.o)
                0x0000000008002662                rcc_periph_clock_enable
 *fill*         0x000000000800267e        0x2 
 .text.rtc_enter_config_mode
                0x0000000008002680       0x1c /home/hades/bp/stm32/libopencm3/lib/libopencm3_stm32f1.a(rtc.o)
                0x0000000008002680                rtc_enter_config_mode
 .text.rtc_exit_config_mode
                0x000000000800269c       0x1c /home/hades/bp/stm32/libopencm3/lib/libopencm3_stm32f1.a(rtc.o)
                0x000000000800269c                rtc_exit_config_mode
 .text.rtc_awake_from_off
                0x00000000080026b8       0x6c /home/hades/bp/stm32/libopencm3/lib/libopencm3_stm32f1.a(rtc.o)
                0x00000000080026b8                rtc_awake_from_off
 .text.rtc_set_alarm_time
                0x0000000008002724       0x20 /home/hades/bp/stm32/libopencm3/lib/libopencm3_stm32f1.a(rtc.o)
                0x0000000008002724                rtc_set_alarm_time
 .text.rtc_enable_alarm
                0x0000000008002744       0x20 /home/hades/bp/stm32/libopencm3/lib/libopencm3_stm32f1.a(rtc.o)
                0x0000000008002744                rtc_enable_alarm
 .text.rtc_disable_alarm
                0x0000000008002764       0x20 /home/hades/bp/stm32/libopencm3/lib/libopencm3_stm32f1.a(rtc.o)
                0x0000000008002764                rtc_disable_alarm
 .text.rtc_set_prescale_val
                0x0000000008002784       0x24 /home/hades/bp/stm32/libopencm3/lib/libopencm3_stm32f1.a(rtc.o)
                0x0000000008002784                rtc_set_prescale_val
 .text.rtc_get_counter_val
                0x00000000080027a8       0x14 /home/hades/bp/stm32/libopencm3/lib/libopencm3_stm32f1.a(rtc.o)
                0x00000000080027a8                rtc_get_counter_val
 .text.rtc_set_counter_val
                0x00000000080027bc       0x20 /home/hades/bp/stm32/libopencm3/lib/libopencm3_stm32f1.a(rtc.o)
                0x00000000080027bc                rtc_set_counter_val
 .text.rtc_interrupt_enable
                0x00000000080027dc       0x44 /home/hades/bp/stm32/libopencm3/lib/libopencm3_stm32f1.a(rtc.o)
                0x00000000080027dc                rtc_interrupt_enable
 .text.rtc_interrupt_disable
                0x0000000008002820       0x44 /home/hades/bp/stm32/libopencm3/lib/libopencm3_stm32f1.a(rtc.o)
                0x0000000008002820                rtc_interrupt_disable
 .text.rtc_clear_flag
                0x0000000008002864       0x38 /home/hades/bp/stm32/libopencm3/lib/libopencm3_stm32f1.a(rtc.o)
                0x0000000008002864                rtc_clear_flag
 .text.rtc_check_flag
                0x000000000800289c       0x38 /home/hades/bp/stm32/libopencm3/lib/libopencm3_stm32f1.a(rtc.o)
                0x000000000800289c                rtc_check_flag
 .text.usart_send_blocking
                0x00000000080028d4       0x16 /home/hades/bp/stm32/libopencm3/lib/libopencm3_stm32f1.a(usart_common_all.o)
                0x00000000080028d4                usart_send_blocking
 .text.usart_send
                0x00000000080028ea        0x8 /home/hades/bp/stm32/libopencm3/lib/libopencm3_stm32f1.a(usart_common_f124.o)
                0x00000000080028ea                usart_send
 .text.usart_wait_send_ready
                0x00000000080028f2        0x8 /home/hades/bp/stm32/libopencm3/lib/libopencm3_stm32f1.a(usart_common_f124.o)
                0x00000000080028f2                usart_wait_send_ready
 *fill*         0x00000000080028fa        0x2 
 .text.usbd_init
                0x00000000080028fc       0x54 /home/hades/bp/stm32/libopencm3/lib/libopencm3_stm32f1.a(usb.o)
                0x00000000080028fc                usbd_init
 .text.usbd_poll
                0x0000000008002950        0x8 /home/hades/bp/stm32/libopencm3/lib/libopencm3_stm32f1.a(usb.o)
                0x0000000008002950                usbd_poll
 .text.usbd_ep_setup
                0x0000000008002958        0xe /home/hades/bp/stm32/libopencm3/lib/libopencm3_stm32f1.a(usb.o)
                0x0000000008002958                usbd_ep_setup
 .text._usbd_reset
                0x0000000008002966       0x32 /home/hades/bp/stm32/libopencm3/lib/libopencm3_stm32f1.a(usb.o)
                0x0000000008002966                _usbd_reset
 .text.usbd_ep_write_packet
                0x0000000008002998        0xe /home/hades/bp/stm32/libopencm3/lib/libopencm3_stm32f1.a(usb.o)
                0x0000000008002998                usbd_ep_write_packet
 .text.usbd_ep_read_packet
                0x00000000080029a6        0xe /home/hades/bp/stm32/libopencm3/lib/libopencm3_stm32f1.a(usb.o)
                0x00000000080029a6                usbd_ep_read_packet
 .text.usbd_ep_stall_set
                0x00000000080029b4        0x8 /home/hades/bp/stm32/libopencm3/lib/libopencm3_stm32f1.a(usb.o)
                0x00000000080029b4                usbd_ep_stall_set
 .text.usbd_ep_stall_get
                0x00000000080029bc        0x8 /home/hades/bp/stm32/libopencm3/lib/libopencm3_stm32f1.a(usb.o)
                0x00000000080029bc                usbd_ep_stall_get
 .text.usbd_ep_nak_set
                0x00000000080029c4        0x8 /home/hades/bp/stm32/libopencm3/lib/libopencm3_stm32f1.a(usb.o)
                0x00000000080029c4                usbd_ep_nak_set
 .text.usb_control_send_chunk
                0x00000000080029cc       0x52 /home/hades/bp/stm32/libopencm3/lib/libopencm3_stm32f1.a(usb_control.o)
 .text.usb_control_request_dispatch
                0x0000000008002a1e       0x60 /home/hades/bp/stm32/libopencm3/lib/libopencm3_stm32f1.a(usb_control.o)
 .text.stall_transaction
                0x0000000008002a7e       0x14 /home/hades/bp/stm32/libopencm3/lib/libopencm3_stm32f1.a(usb_control.o)
 .text.usb_control_recv_chunk
                0x0000000008002a92       0x3c /home/hades/bp/stm32/libopencm3/lib/libopencm3_stm32f1.a(usb_control.o)
 .text.usb_control_setup_read
                0x0000000008002ace       0x66 /home/hades/bp/stm32/libopencm3/lib/libopencm3_stm32f1.a(usb_control.o)
 .text.usbd_register_control_callback
                0x0000000008002b34       0x2c /home/hades/bp/stm32/libopencm3/lib/libopencm3_stm32f1.a(usb_control.o)
                0x0000000008002b34                usbd_register_control_callback
 .text._usbd_control_setup
                0x0000000008002b60       0x60 /home/hades/bp/stm32/libopencm3/lib/libopencm3_stm32f1.a(usb_control.o)
                0x0000000008002b60                _usbd_control_setup
 .text._usbd_control_out
                0x0000000008002bc0       0x82 /home/hades/bp/stm32/libopencm3/lib/libopencm3_stm32f1.a(usb_control.o)
                0x0000000008002bc0                _usbd_control_out
 .text._usbd_control_in
                0x0000000008002c42       0x64 /home/hades/bp/stm32/libopencm3/lib/libopencm3_stm32f1.a(usb_control.o)
                0x0000000008002c42                _usbd_control_in
 .text.usb_standard_set_address
                0x0000000008002ca6       0x28 /home/hades/bp/stm32/libopencm3/lib/libopencm3_stm32f1.a(usb_standard.o)
 .text.usb_standard_set_configuration
                0x0000000008002cce       0x92 /home/hades/bp/stm32/libopencm3/lib/libopencm3_stm32f1.a(usb_standard.o)
 .text.usb_standard_get_configuration
                0x0000000008002d60       0x22 /home/hades/bp/stm32/libopencm3/lib/libopencm3_stm32f1.a(usb_standard.o)
 .text.usb_standard_set_interface
                0x0000000008002d82       0x50 /home/hades/bp/stm32/libopencm3/lib/libopencm3_stm32f1.a(usb_standard.o)
 .text.usb_standard_get_interface
                0x0000000008002dd2       0x34 /home/hades/bp/stm32/libopencm3/lib/libopencm3_stm32f1.a(usb_standard.o)
 .text.usb_standard_device_get_status
                0x0000000008002e06       0x18 /home/hades/bp/stm32/libopencm3/lib/libopencm3_stm32f1.a(usb_standard.o)
 .text.usb_standard_endpoint_get_status
                0x0000000008002e1e       0x2a /home/hades/bp/stm32/libopencm3/lib/libopencm3_stm32f1.a(usb_standard.o)
 .text.usb_standard_endpoint_stall
                0x0000000008002e48       0x10 /home/hades/bp/stm32/libopencm3/lib/libopencm3_stm32f1.a(usb_standard.o)
 .text.usb_standard_endpoint_unstall
                0x0000000008002e58       0x10 /home/hades/bp/stm32/libopencm3/lib/libopencm3_stm32f1.a(usb_standard.o)
 .text.usb_standard_get_descriptor
                0x0000000008002e68      0x2a6 /home/hades/bp/stm32/libopencm3/lib/libopencm3_stm32f1.a(usb_standard.o)
 .text.usb_standard_interface_get_status
                0x000000000800310e       0x18 /home/hades/bp/stm32/libopencm3/lib/libopencm3_stm32f1.a(usb_standard.o)
 .text.usbd_register_set_config_callback
                0x0000000008003126       0x2c /home/hades/bp/stm32/libopencm3/lib/libopencm3_stm32f1.a(usb_standard.o)
                0x0000000008003126                usbd_register_set_config_callback
 *fill*         0x0000000008003152        0x2 
 .text._usbd_standard_request_device
                0x0000000008003154       0x48 /home/hades/bp/stm32/libopencm3/lib/libopencm3_stm32f1.a(usb_standard.o)
                0x0000000008003154                _usbd_standard_request_device
 .text._usbd_standard_request_interface
                0x000000000800319c       0x30 /home/hades/bp/stm32/libopencm3/lib/libopencm3_stm32f1.a(usb_standard.o)
                0x000000000800319c                _usbd_standard_request_interface
 .text._usbd_standard_request_endpoint
                0x00000000080031cc       0x3c /home/hades/bp/stm32/libopencm3/lib/libopencm3_stm32f1.a(usb_standard.o)
                0x00000000080031cc                _usbd_standard_request_endpoint
 .text._usbd_standard_request
                0x0000000008003208       0x30 /home/hades/bp/stm32/libopencm3/lib/libopencm3_stm32f1.a(usb_standard.o)
                0x0000000008003208                _usbd_standard_request
 .text.st_usbfs_v1_usbd_init
                0x0000000008003238       0x30 /home/hades/bp/stm32/libopencm3/lib/libopencm3_stm32f1.a(st_usbfs_v1.o)
 .text.st_usbfs_copy_to_pm
                0x0000000008003268       0x18 /home/hades/bp/stm32/libopencm3/lib/libopencm3_stm32f1.a(st_usbfs_v1.o)
                0x0000000008003268                st_usbfs_copy_to_pm
 .text.st_usbfs_copy_from_pm
                0x0000000008003280       0x26 /home/hades/bp/stm32/libopencm3/lib/libopencm3_stm32f1.a(st_usbfs_v1.o)
                0x0000000008003280                st_usbfs_copy_from_pm
 .text.blocking_handler
                0x00000000080032a6        0x2 /home/hades/bp/stm32/libopencm3/lib/libopencm3_stm32f1.a(vector.o)
                0x00000000080032a6                tim7_isr
                0x00000000080032a6                adc1_2_isr
                0x00000000080032a6                tim1_trg_com_isr
                0x00000000080032a6                usb_hp_can_tx_isr
                0x00000000080032a6                tim6_isr
                0x00000000080032a6                usb_wakeup_isr
                0x00000000080032a6                blocking_handler
                0x00000000080032a6                tim5_isr
                0x00000000080032a6                otg_fs_isr
                0x00000000080032a6                spi1_isr
                0x00000000080032a6                exti2_isr
                0x00000000080032a6                dma1_channel6_isr
                0x00000000080032a6                can_rx1_isr
                0x00000000080032a6                dma1_channel5_isr
                0x00000000080032a6                dma2_channel5_isr
                0x00000000080032a6                usage_fault_handler
                0x00000000080032a6                tim8_trg_com_isr
                0x00000000080032a6                can2_rx0_isr
                0x00000000080032a6                tim1_brk_isr
                0x00000000080032a6                can2_rx1_isr
                0x00000000080032a6                tim1_cc_isr
                0x00000000080032a6                sdio_isr
                0x00000000080032a6                eth_isr
                0x00000000080032a6                dma1_channel4_isr
                0x00000000080032a6                tim8_brk_isr
                0x00000000080032a6                dma2_channel4_5_isr
                0x00000000080032a6                pvd_isr
                0x00000000080032a6                rcc_isr
                0x00000000080032a6                flash_isr
                0x00000000080032a6                uart4_isr
                0x00000000080032a6                rtc_alarm_isr
                0x00000000080032a6                exti15_10_isr
                0x00000000080032a6                hard_fault_handler
                0x00000000080032a6                exti1_isr
                0x00000000080032a6                i2c1_ev_isr
                0x00000000080032a6                dma2_channel1_isr
                0x00000000080032a6                spi2_isr
                0x00000000080032a6                tim8_up_isr
                0x00000000080032a6                dma2_channel2_isr
                0x00000000080032a6                exti3_isr
                0x00000000080032a6                adc3_isr
                0x00000000080032a6                tim3_isr
                0x00000000080032a6                usb_lp_can_rx0_isr
                0x00000000080032a6                i2c2_er_isr
                0x00000000080032a6                i2c2_ev_isr
                0x00000000080032a6                uart5_isr
                0x00000000080032a6                fsmc_isr
                0x00000000080032a6                dma1_channel1_isr
                0x00000000080032a6                exti4_isr
                0x00000000080032a6                mem_manage_handler
                0x00000000080032a6                can2_tx_isr
                0x00000000080032a6                exti9_5_isr
                0x00000000080032a6                dma2_channel3_isr
                0x00000000080032a6                dma1_channel7_isr
                0x00000000080032a6                tim1_up_isr
                0x00000000080032a6                can2_sce_isr
                0x00000000080032a6                tim4_isr
                0x00000000080032a6                dma1_channel2_isr
                0x00000000080032a6                i2c1_er_isr
                0x00000000080032a6                can_sce_isr
                0x00000000080032a6                tim8_cc_isr
                0x00000000080032a6                tamper_isr
                0x00000000080032a6                eth_wkup_isr
                0x00000000080032a6                bus_fault_handler
                0x00000000080032a6                wwdg_isr
                0x00000000080032a6                dma1_channel3_isr
                0x00000000080032a6                spi3_isr
                0x00000000080032a6                tim2_isr
                0x00000000080032a6                exti0_isr
 .text.null_handler
                0x00000000080032a8        0x2 /home/hades/bp/stm32/libopencm3/lib/libopencm3_stm32f1.a(vector.o)
                0x00000000080032a8                null_handler
                0x00000000080032a8                debug_monitor_handler
                0x00000000080032a8                nmi_handler
 *fill*         0x00000000080032aa        0x2 
 .text.reset_handler
                0x00000000080032ac       0x94 /home/hades/bp/stm32/libopencm3/lib/libopencm3_stm32f1.a(vector.o)
                0x00000000080032ac                reset_handler
 .text.nvic_enable_irq
                0x0000000008003340       0x1a /home/hades/bp/stm32/libopencm3/lib/libopencm3_stm32f1.a(nvic.o)
                0x0000000008003340                nvic_enable_irq
 *fill*         0x000000000800335a        0x2 
 .text.flash_set_ws
                0x000000000800335c       0x14 /home/hades/bp/stm32/libopencm3/lib/libopencm3_stm32f1.a(flash_common_all.o)
                0x000000000800335c                flash_set_ws
 .text.pwr_disable_backup_domain_write_protect
                0x0000000008003370       0x10 /home/hades/bp/stm32/libopencm3/lib/libopencm3_stm32f1.a(pwr_common_v1.o)
                0x0000000008003370                pwr_disable_backup_domain_write_protect
 .text.st_usbfs_set_address
                0x0000000008003380       0x10 /home/hades/bp/stm32/libopencm3/lib/libopencm3_stm32f1.a(st_usbfs_core.o)
                0x0000000008003380                st_usbfs_set_address
 .text.st_usbfs_set_ep_rx_bufsize
                0x0000000008003390       0x44 /home/hades/bp/stm32/libopencm3/lib/libopencm3_stm32f1.a(st_usbfs_core.o)
                0x0000000008003390                st_usbfs_set_ep_rx_bufsize
 .text.st_usbfs_ep_setup
                0x00000000080033d4      0x138 /home/hades/bp/stm32/libopencm3/lib/libopencm3_stm32f1.a(st_usbfs_core.o)
                0x00000000080033d4                st_usbfs_ep_setup
 .text.st_usbfs_endpoints_reset
                0x000000000800350c       0x44 /home/hades/bp/stm32/libopencm3/lib/libopencm3_stm32f1.a(st_usbfs_core.o)
                0x000000000800350c                st_usbfs_endpoints_reset
 .text.st_usbfs_ep_stall_set
                0x0000000008003550       0xc4 /home/hades/bp/stm32/libopencm3/lib/libopencm3_stm32f1.a(st_usbfs_core.o)
                0x0000000008003550                st_usbfs_ep_stall_set
 .text.st_usbfs_ep_stall_get
                0x0000000008003614       0x38 /home/hades/bp/stm32/libopencm3/lib/libopencm3_stm32f1.a(st_usbfs_core.o)
                0x0000000008003614                st_usbfs_ep_stall_get
 .text.st_usbfs_ep_nak_set
                0x000000000800364c       0x3c /home/hades/bp/stm32/libopencm3/lib/libopencm3_stm32f1.a(st_usbfs_core.o)
                0x000000000800364c                st_usbfs_ep_nak_set
 .text.st_usbfs_ep_write_packet
                0x0000000008003688       0x88 /home/hades/bp/stm32/libopencm3/lib/libopencm3_stm32f1.a(st_usbfs_core.o)
                0x0000000008003688                st_usbfs_ep_write_packet
 .text.st_usbfs_ep_read_packet
                0x0000000008003710       0xb4 /home/hades/bp/stm32/libopencm3/lib/libopencm3_stm32f1.a(st_usbfs_core.o)
                0x0000000008003710                st_usbfs_ep_read_packet
 .text.st_usbfs_poll
                0x00000000080037c4       0xf4 /home/hades/bp/stm32/libopencm3/lib/libopencm3_stm32f1.a(st_usbfs_core.o)
                0x00000000080037c4                st_usbfs_poll
 .text          0x00000000080038b8       0xcc /usr/lib/gcc/arm-none-eabi/9.2.1/../../../arm-none-eabi/lib/thumb/v7-m/nofp/libc.a(lib_a-memmove.o)
                0x00000000080038b8                memmove
 .text          0x0000000008003984       0x5c /usr/lib/gcc/arm-none-eabi/9.2.1/../../../arm-none-eabi/lib/thumb/v7-m/nofp/libc.a(lib_a-strlen-stub.o)
                0x0000000008003984                strlen
                0x00000000080039e0                . = ALIGN (0x4)
 *(.rodata*)
 .rodata.task3.str1.1
                0x00000000080039e0       0x22 main.o
 .rodata.task2.str1.1
                0x0000000008003a02       0x1a main.o
 .rodata.task1.str1.1
                0x0000000008003a1c       0x92 main.o
 .rodata.main.str1.1
                0x0000000008003aae       0x12 main.o
 .rodata.vTaskStartScheduler.str1.1
                0x0000000008003ac0        0x5 rtos/tasks.o
 .rodata.usb_start.str1.1
                0x0000000008003ac5        0x4 rtos/usbcdc.o
 .rodata.str1.1
                0x0000000008003ac9       0x29 rtos/usbcdc.o
 .rodata.cdcacm_functional_descriptors
                0x0000000008003af2       0x13 rtos/usbcdc.o
 .rodata.comm_endp
                0x0000000008003b05        0xf rtos/usbcdc.o
 .rodata.comm_iface
                0x0000000008003b14       0x15 rtos/usbcdc.o
 .rodata.config
                0x0000000008003b29        0xd rtos/usbcdc.o
 .rodata.cr.5698
                0x0000000008003b36        0x1 rtos/usbcdc.o
 .rodata.data_endp
                0x0000000008003b37       0x1e rtos/usbcdc.o
 .rodata.data_iface
                0x0000000008003b55       0x15 rtos/usbcdc.o
 .rodata.dev    0x0000000008003b6a       0x12 rtos/usbcdc.o
 .rodata.ifaces
                0x0000000008003b7c       0x20 rtos/usbcdc.o
 .rodata.internal_vprintf.str1.1
                0x0000000008003b9c        0x3 /home/hades/bp/stm32//rtos/libwwg/libwwg.a(miniprintf.o)
 *fill*         0x0000000008003b9f        0x1 
 .rodata.dev_usb
                0x0000000008003ba0       0x20 /home/hades/bp/stm32//rtos/libwwg/libwwg.a(mcuio.o)
 .rodata.uarts  0x0000000008003bc0       0x3c /home/hades/bp/stm32//rtos/libwwg/libwwg.a(uartlib.o)
 .rodata.st_usbfs_v1_usb_driver
                0x0000000008003bfc       0x34 /home/hades/bp/stm32/libopencm3/lib/libopencm3_stm32f1.a(st_usbfs_v1.o)
                0x0000000008003bfc                st_usbfs_v1_usb_driver
                0x0000000008003c30                . = ALIGN (0x4)

.glue_7         0x0000000008003c30        0x0
 .glue_7        0x0000000008003c30        0x0 linker stubs

.glue_7t        0x0000000008003c30        0x0
 .glue_7t       0x0000000008003c30        0x0 linker stubs

.vfp11_veneer   0x0000000008003c30        0x0
 .vfp11_veneer  0x0000000008003c30        0x0 linker stubs

.v4_bx          0x0000000008003c30        0x0
 .v4_bx         0x0000000008003c30        0x0 linker stubs

.iplt           0x0000000008003c30        0x0
 .iplt          0x0000000008003c30        0x0 main.o

.rel.dyn        0x0000000008003c30        0x0
 .rel.iplt      0x0000000008003c30        0x0 main.o

.preinit_array  0x0000000008003c30        0x0
                0x0000000008003c30                . = ALIGN (0x4)
                0x0000000008003c30                __preinit_array_start = .
 *(.preinit_array)
                0x0000000008003c30                __preinit_array_end = .

.init_array     0x0000000008003c30        0x0
                0x0000000008003c30                . = ALIGN (0x4)
                0x0000000008003c30                __init_array_start = .
 *(SORT_BY_NAME(.init_array.*))
 *(.init_array)
                0x0000000008003c30                __init_array_end = .

.fini_array     0x0000000008003c30        0x0
                0x0000000008003c30                . = ALIGN (0x4)
                0x0000000008003c30                __fini_array_start = .
 *(.fini_array)
 *(SORT_BY_NAME(.fini_array.*))
                0x0000000008003c30                __fini_array_end = .

.ARM.extab
 *(.ARM.extab*)

.ARM.exidx      0x0000000008003c30        0x0
                0x0000000008003c30                __exidx_start = .
 *(.ARM.exidx*)
                0x0000000008003c30                __exidx_end = .
                0x0000000008003c30                . = ALIGN (0x4)
                0x0000000008003c30                _etext = .

.data           0x0000000020000000       0x28 load address 0x0000000008003c30
                0x0000000020000000                _data = .
 *(.data*)
 .data.uxCriticalNesting
                0x0000000020000000        0x4 rtos/port.o
 .data.uxTopUsedPriority
                0x0000000020000004        0x4 rtos/tasks.o
                0x0000000020000004                uxTopUsedPriority
 .data.usb_strings
                0x0000000020000008        0xc rtos/usbcdc.o
 .data.mcu_stdio
                0x0000000020000014        0x4 /home/hades/bp/stm32//rtos/libwwg/libwwg.a(mcuio.o)
                0x0000000020000014                mcu_stdio
 .data.mcu_usb  0x0000000020000018        0x4 /home/hades/bp/stm32//rtos/libwwg/libwwg.a(mcuio.o)
                0x0000000020000018                mcu_usb
 .data.rcc_ahb_frequency
                0x000000002000001c        0x4 /home/hades/bp/stm32/libopencm3/lib/libopencm3_stm32f1.a(rcc.o)
                0x000000002000001c                rcc_ahb_frequency
 .data.rcc_apb1_frequency
                0x0000000020000020        0x4 /home/hades/bp/stm32/libopencm3/lib/libopencm3_stm32f1.a(rcc.o)
                0x0000000020000020                rcc_apb1_frequency
 .data.rcc_apb2_frequency
                0x0000000020000024        0x4 /home/hades/bp/stm32/libopencm3/lib/libopencm3_stm32f1.a(rcc.o)
                0x0000000020000024                rcc_apb2_frequency
                0x0000000020000028                . = ALIGN (0x4)
                0x0000000020000028                _edata = .
                0x0000000008003c30                _data_loadaddr = LOADADDR (.data)

.igot.plt       0x0000000020000028        0x0 load address 0x0000000008003c58
 .igot.plt      0x0000000020000028        0x0 main.o

.bss            0x0000000020000028     0x46f8 load address 0x0000000008003c58
 *(.bss*)
 .bss.Vin       0x0000000020000028        0x4 main.o
                0x0000000020000028                Vin
 .bss.alarm     0x000000002000002c        0x4 main.o
 .bss.days      0x0000000020000030        0x4 main.o
 .bss.h_mutex   0x0000000020000034        0x4 main.o
 .bss.h_task2   0x0000000020000038        0x4 main.o
 .bss.h_task3   0x000000002000003c        0x4 main.o
 .bss.hours     0x0000000020000040        0x4 main.o
 .bss.minutes   0x0000000020000044        0x4 main.o
 .bss.rtc_alarm_count
                0x0000000020000048        0x4 main.o
 .bss.rtc_isr_count
                0x000000002000004c        0x4 main.o
 .bss.rtc_overflow_count
                0x0000000020000050        0x4 main.o
 .bss.seconds   0x0000000020000054        0x4 main.o
 .bss.pxEnd     0x0000000020000058        0x4 rtos/heap_4.o
 .bss.ucHeap    0x000000002000005c     0x4400 rtos/heap_4.o
 .bss.xBlockAllocatedBit
                0x000000002000445c        0x4 rtos/heap_4.o
 .bss.xFreeBytesRemaining
                0x0000000020004460        0x4 rtos/heap_4.o
 .bss.xMinimumEverFreeBytesRemaining
                0x0000000020004464        0x4 rtos/heap_4.o
 .bss.xNumberOfSuccessfulAllocations
                0x0000000020004468        0x4 rtos/heap_4.o
 .bss.xNumberOfSuccessfulFrees
                0x000000002000446c        0x4 rtos/heap_4.o
 .bss.xStart    0x0000000020004470        0x8 rtos/heap_4.o
 .bss.pxCurrentTCB
                0x0000000020004478        0x4 rtos/tasks.o
                0x0000000020004478                pxCurrentTCB
 .bss.pxDelayedTaskList
                0x000000002000447c        0x4 rtos/tasks.o
 .bss.pxOverflowDelayedTaskList
                0x0000000020004480        0x4 rtos/tasks.o
 .bss.pxReadyTasksLists
                0x0000000020004484       0x64 rtos/tasks.o
 .bss.uxCurrentNumberOfTasks
                0x00000000200044e8        0x4 rtos/tasks.o
 .bss.uxDeletedTasksWaitingCleanUp
                0x00000000200044ec        0x4 rtos/tasks.o
 .bss.uxSchedulerSuspended
                0x00000000200044f0        0x4 rtos/tasks.o
 .bss.uxTaskNumber
                0x00000000200044f4        0x4 rtos/tasks.o
 .bss.uxTopReadyPriority
                0x00000000200044f8        0x4 rtos/tasks.o
 .bss.xDelayedTaskList1
                0x00000000200044fc       0x14 rtos/tasks.o
 .bss.xDelayedTaskList2
                0x0000000020004510       0x14 rtos/tasks.o
 .bss.xIdleTaskHandle
                0x0000000020004524        0x4 rtos/tasks.o
 .bss.xNextTaskUnblockTime
                0x0000000020004528        0x4 rtos/tasks.o
 .bss.xNumOfOverflows
                0x000000002000452c        0x4 rtos/tasks.o
 .bss.xPendedTicks
                0x0000000020004530        0x4 rtos/tasks.o
 .bss.xPendingReadyList
                0x0000000020004534       0x14 rtos/tasks.o
 .bss.xSchedulerRunning
                0x0000000020004548        0x4 rtos/tasks.o
 .bss.xSuspendedTaskList
                0x000000002000454c       0x14 rtos/tasks.o
 .bss.xTasksWaitingTermination
                0x0000000020004560       0x14 rtos/tasks.o
 .bss.xTickCount
                0x0000000020004574        0x4 rtos/tasks.o
 .bss.xYieldPending
                0x0000000020004578        0x4 rtos/tasks.o
 .bss.initialized
                0x000000002000457c        0x1 rtos/usbcdc.o
 *fill*         0x000000002000457d        0x3 
 .bss.usb_rxq   0x0000000020004580        0x4 rtos/usbcdc.o
 .bss.usb_txq   0x0000000020004584        0x4 rtos/usbcdc.o
 .bss.usbd_control_buffer
                0x0000000020004588       0x80 rtos/usbcdc.o
                0x0000000020004588                usbd_control_buffer
 .bss.uart_data
                0x0000000020004608        0xc /home/hades/bp/stm32//rtos/libwwg/libwwg.a(uartlib.o)
 .bss.st_usbfs_dev
                0x0000000020004614      0x104 /home/hades/bp/stm32/libopencm3/lib/libopencm3_stm32f1.a(st_usbfs_core.o)
                0x0000000020004614                st_usbfs_dev
 .bss.st_usbfs_force_nak
                0x0000000020004718        0x8 /home/hades/bp/stm32/libopencm3/lib/libopencm3_stm32f1.a(st_usbfs_core.o)
                0x0000000020004718                st_usbfs_force_nak
 *(COMMON)
                0x0000000020004720                . = ALIGN (0x4)
                0x0000000020004720                _ebss = .

/DISCARD/
 *(.eh_frame)
                0x0000000020004720                . = ALIGN (0x4)
                0x0000000020004720                end = .
                0x0000000020005000                PROVIDE (_stack = (ORIGIN (ram) + LENGTH (ram)))
OUTPUT(main.elf elf32-littlearm)
LOAD linker stubs

.debug_info     0x0000000000000000    0x17c00
 .debug_info    0x0000000000000000     0x1d48 main.o
 .debug_info    0x0000000000001d48      0xdb5 rtos/heap_4.o
 .debug_info    0x0000000000002afd      0xb5b rtos/list.o
 .debug_info    0x0000000000003658      0x343 rtos/port.o
 .debug_info    0x000000000000399b     0x21e0 rtos/queue.o
 .debug_info    0x0000000000005b7b     0x2d52 rtos/tasks.o
 .debug_info    0x00000000000088cd      0x26e rtos/opencm3.o
 .debug_info    0x0000000000008b3b     0x1d0c rtos/usbcdc.o
 .debug_info    0x000000000000a847       0x26 /usr/lib/gcc/arm-none-eabi/9.2.1/../../../arm-none-eabi/lib/thumb/v7-m/nofp/libc.a(lib_a-memcpy.o)
 .debug_info    0x000000000000a86d      0x92e /home/hades/bp/stm32//rtos/libwwg/libwwg.a(miniprintf.o)
 .debug_info    0x000000000000b19b      0x394 /home/hades/bp/stm32//rtos/libwwg/libwwg.a(mcuio.o)
 .debug_info    0x000000000000b52f      0x2c5 /home/hades/bp/stm32//rtos/libwwg/libwwg.a(getline.o)
 .debug_info    0x000000000000b7f4     0x1407 /home/hades/bp/stm32//rtos/libwwg/libwwg.a(uartlib.o)
 .debug_info    0x000000000000cbfb      0x3cf /home/hades/bp/stm32/libopencm3/lib/libopencm3_stm32f1.a(adc.o)
 .debug_info    0x000000000000cfca      0x8e9 /home/hades/bp/stm32/libopencm3/lib/libopencm3_stm32f1.a(adc_common_v1.o)
 .debug_info    0x000000000000d8b3      0x210 /home/hades/bp/stm32/libopencm3/lib/libopencm3_stm32f1.a(gpio.o)
 .debug_info    0x000000000000dac3      0x266 /home/hades/bp/stm32/libopencm3/lib/libopencm3_stm32f1.a(gpio_common_all.o)
 .debug_info    0x000000000000dd29     0x1574 /home/hades/bp/stm32/libopencm3/lib/libopencm3_stm32f1.a(rcc.o)
 .debug_info    0x000000000000f29d      0x63d /home/hades/bp/stm32/libopencm3/lib/libopencm3_stm32f1.a(rcc_common_all.o)
 .debug_info    0x000000000000f8da      0x70a /home/hades/bp/stm32/libopencm3/lib/libopencm3_stm32f1.a(rtc.o)
 .debug_info    0x000000000000ffe4      0x5a4 /home/hades/bp/stm32/libopencm3/lib/libopencm3_stm32f1.a(usart_common_all.o)
 .debug_info    0x0000000000010588      0x19e /home/hades/bp/stm32/libopencm3/lib/libopencm3_stm32f1.a(usart_common_f124.o)
 .debug_info    0x0000000000010726      0xf7e /home/hades/bp/stm32/libopencm3/lib/libopencm3_stm32f1.a(usb.o)
 .debug_info    0x00000000000116a4     0x105d /home/hades/bp/stm32/libopencm3/lib/libopencm3_stm32f1.a(usb_control.o)
 .debug_info    0x0000000000012701     0x168c /home/hades/bp/stm32/libopencm3/lib/libopencm3_stm32f1.a(usb_standard.o)
 .debug_info    0x0000000000013d8d      0xd9c /home/hades/bp/stm32/libopencm3/lib/libopencm3_stm32f1.a(st_usbfs_v1.o)
 .debug_info    0x0000000000014b29      0x2dd /home/hades/bp/stm32/libopencm3/lib/libopencm3_stm32f1.a(vector.o)
 .debug_info    0x0000000000014e06      0x251 /home/hades/bp/stm32/libopencm3/lib/libopencm3_stm32f1.a(nvic.o)
 .debug_info    0x0000000000015057       0xf6 /home/hades/bp/stm32/libopencm3/lib/libopencm3_stm32f1.a(flash_common_all.o)
 .debug_info    0x000000000001514d      0x1bc /home/hades/bp/stm32/libopencm3/lib/libopencm3_stm32f1.a(pwr_common_v1.o)
 .debug_info    0x0000000000015309     0x108b /home/hades/bp/stm32/libopencm3/lib/libopencm3_stm32f1.a(st_usbfs_core.o)
 .debug_info    0x0000000000016394      0xf2b /usr/lib/gcc/arm-none-eabi/9.2.1/../../../arm-none-eabi/lib/thumb/v7-m/nofp/libc.a(lib_a-memmove.o)
 .debug_info    0x00000000000172bf      0x941 /usr/lib/gcc/arm-none-eabi/9.2.1/../../../arm-none-eabi/lib/thumb/v7-m/nofp/libc.a(lib_a-strlen-stub.o)

.debug_abbrev   0x0000000000000000     0x4806
 .debug_abbrev  0x0000000000000000      0x471 main.o
 .debug_abbrev  0x0000000000000471      0x374 rtos/heap_4.o
 .debug_abbrev  0x00000000000007e5      0x236 rtos/list.o
 .debug_abbrev  0x0000000000000a1b      0x217 rtos/port.o
 .debug_abbrev  0x0000000000000c32      0x3f4 rtos/queue.o
 .debug_abbrev  0x0000000000001026      0x540 rtos/tasks.o
 .debug_abbrev  0x0000000000001566       0xc4 rtos/opencm3.o
 .debug_abbrev  0x000000000000162a      0x46e rtos/usbcdc.o
 .debug_abbrev  0x0000000000001a98       0x14 /usr/lib/gcc/arm-none-eabi/9.2.1/../../../arm-none-eabi/lib/thumb/v7-m/nofp/libc.a(lib_a-memcpy.o)
 .debug_abbrev  0x0000000000001aac      0x390 /home/hades/bp/stm32//rtos/libwwg/libwwg.a(miniprintf.o)
 .debug_abbrev  0x0000000000001e3c      0x181 /home/hades/bp/stm32//rtos/libwwg/libwwg.a(mcuio.o)
 .debug_abbrev  0x0000000000001fbd      0x11a /home/hades/bp/stm32//rtos/libwwg/libwwg.a(getline.o)
 .debug_abbrev  0x00000000000020d7      0x35c /home/hades/bp/stm32//rtos/libwwg/libwwg.a(uartlib.o)
 .debug_abbrev  0x0000000000002433      0x192 /home/hades/bp/stm32/libopencm3/lib/libopencm3_stm32f1.a(adc.o)
 .debug_abbrev  0x00000000000025c5      0x181 /home/hades/bp/stm32/libopencm3/lib/libopencm3_stm32f1.a(adc_common_v1.o)
 .debug_abbrev  0x0000000000002746       0xd0 /home/hades/bp/stm32/libopencm3/lib/libopencm3_stm32f1.a(gpio.o)
 .debug_abbrev  0x0000000000002816      0x116 /home/hades/bp/stm32/libopencm3/lib/libopencm3_stm32f1.a(gpio_common_all.o)
 .debug_abbrev  0x000000000000292c      0x282 /home/hades/bp/stm32/libopencm3/lib/libopencm3_stm32f1.a(rcc.o)
 .debug_abbrev  0x0000000000002bae      0x17c /home/hades/bp/stm32/libopencm3/lib/libopencm3_stm32f1.a(rcc_common_all.o)
 .debug_abbrev  0x0000000000002d2a      0x1af /home/hades/bp/stm32/libopencm3/lib/libopencm3_stm32f1.a(rtc.o)
 .debug_abbrev  0x0000000000002ed9      0x129 /home/hades/bp/stm32/libopencm3/lib/libopencm3_stm32f1.a(usart_common_all.o)
 .debug_abbrev  0x0000000000003002       0xb5 /home/hades/bp/stm32/libopencm3/lib/libopencm3_stm32f1.a(usart_common_f124.o)
 .debug_abbrev  0x00000000000030b7      0x27c /home/hades/bp/stm32/libopencm3/lib/libopencm3_stm32f1.a(usb.o)
 .debug_abbrev  0x0000000000003333      0x3a8 /home/hades/bp/stm32/libopencm3/lib/libopencm3_stm32f1.a(usb_control.o)
 .debug_abbrev  0x00000000000036db      0x4a9 /home/hades/bp/stm32/libopencm3/lib/libopencm3_stm32f1.a(usb_standard.o)
 .debug_abbrev  0x0000000000003b84      0x277 /home/hades/bp/stm32/libopencm3/lib/libopencm3_stm32f1.a(st_usbfs_v1.o)
 .debug_abbrev  0x0000000000003dfb      0x145 /home/hades/bp/stm32/libopencm3/lib/libopencm3_stm32f1.a(vector.o)
 .debug_abbrev  0x0000000000003f40       0xb5 /home/hades/bp/stm32/libopencm3/lib/libopencm3_stm32f1.a(nvic.o)
 .debug_abbrev  0x0000000000003ff5       0x97 /home/hades/bp/stm32/libopencm3/lib/libopencm3_stm32f1.a(flash_common_all.o)
 .debug_abbrev  0x000000000000408c       0x9f /home/hades/bp/stm32/libopencm3/lib/libopencm3_stm32f1.a(pwr_common_v1.o)
 .debug_abbrev  0x000000000000412b      0x2ed /home/hades/bp/stm32/libopencm3/lib/libopencm3_stm32f1.a(st_usbfs_core.o)
 .debug_abbrev  0x0000000000004418      0x21c /usr/lib/gcc/arm-none-eabi/9.2.1/../../../arm-none-eabi/lib/thumb/v7-m/nofp/libc.a(lib_a-memmove.o)
 .debug_abbrev  0x0000000000004634      0x1d2 /usr/lib/gcc/arm-none-eabi/9.2.1/../../../arm-none-eabi/lib/thumb/v7-m/nofp/libc.a(lib_a-strlen-stub.o)

.debug_loc      0x0000000000000000     0x97c3
 .debug_loc     0x0000000000000000      0x1e6 main.o
 .debug_loc     0x00000000000001e6      0x3e0 rtos/heap_4.o
 .debug_loc     0x00000000000005c6       0xaf rtos/list.o
 .debug_loc     0x0000000000000675       0xbe rtos/port.o
 .debug_loc     0x0000000000000733     0x1339 rtos/queue.o
 .debug_loc     0x0000000000001a6c     0x1ba0 rtos/tasks.o
 .debug_loc     0x000000000000360c      0x4ea rtos/usbcdc.o
 .debug_loc     0x0000000000003af6      0xa2a /home/hades/bp/stm32//rtos/libwwg/libwwg.a(miniprintf.o)
 .debug_loc     0x0000000000004520       0x4f /home/hades/bp/stm32//rtos/libwwg/libwwg.a(mcuio.o)
 .debug_loc     0x000000000000456f      0x2d5 /home/hades/bp/stm32//rtos/libwwg/libwwg.a(getline.o)
 .debug_loc     0x0000000000004844      0xda9 /home/hades/bp/stm32//rtos/libwwg/libwwg.a(uartlib.o)
 .debug_loc     0x00000000000055ed      0x1f4 /home/hades/bp/stm32/libopencm3/lib/libopencm3_stm32f1.a(adc.o)
 .debug_loc     0x00000000000057e1      0x44e /home/hades/bp/stm32/libopencm3/lib/libopencm3_stm32f1.a(adc_common_v1.o)
 .debug_loc     0x0000000000005c2f      0x14c /home/hades/bp/stm32/libopencm3/lib/libopencm3_stm32f1.a(gpio.o)
 .debug_loc     0x0000000000005d7b       0xbe /home/hades/bp/stm32/libopencm3/lib/libopencm3_stm32f1.a(gpio_common_all.o)
 .debug_loc     0x0000000000005e39      0x3d0 /home/hades/bp/stm32/libopencm3/lib/libopencm3_stm32f1.a(rcc.o)
 .debug_loc     0x0000000000006209       0x94 /home/hades/bp/stm32/libopencm3/lib/libopencm3_stm32f1.a(rcc_common_all.o)
 .debug_loc     0x000000000000629d      0x268 /home/hades/bp/stm32/libopencm3/lib/libopencm3_stm32f1.a(rtc.o)
 .debug_loc     0x0000000000006505      0x14d /home/hades/bp/stm32/libopencm3/lib/libopencm3_stm32f1.a(usart_common_all.o)
 .debug_loc     0x0000000000006652       0x99 /home/hades/bp/stm32/libopencm3/lib/libopencm3_stm32f1.a(usart_common_f124.o)
 .debug_loc     0x00000000000066eb      0x544 /home/hades/bp/stm32/libopencm3/lib/libopencm3_stm32f1.a(usb.o)
 .debug_loc     0x0000000000006c2f      0x861 /home/hades/bp/stm32/libopencm3/lib/libopencm3_stm32f1.a(usb_control.o)
 .debug_loc     0x0000000000007490     0x133d /home/hades/bp/stm32/libopencm3/lib/libopencm3_stm32f1.a(usb_standard.o)
 .debug_loc     0x00000000000087cd      0x1de /home/hades/bp/stm32/libopencm3/lib/libopencm3_stm32f1.a(st_usbfs_v1.o)
 .debug_loc     0x00000000000089ab      0x128 /home/hades/bp/stm32/libopencm3/lib/libopencm3_stm32f1.a(vector.o)
 .debug_loc     0x0000000000008ad3      0x14d /home/hades/bp/stm32/libopencm3/lib/libopencm3_stm32f1.a(nvic.o)
 .debug_loc     0x0000000000008c20       0x15 /home/hades/bp/stm32/libopencm3/lib/libopencm3_stm32f1.a(flash_common_all.o)
 .debug_loc     0x0000000000008c35      0x885 /home/hades/bp/stm32/libopencm3/lib/libopencm3_stm32f1.a(st_usbfs_core.o)
 .debug_loc     0x00000000000094ba      0x2e4 /usr/lib/gcc/arm-none-eabi/9.2.1/../../../arm-none-eabi/lib/thumb/v7-m/nofp/libc.a(lib_a-memmove.o)
 .debug_loc     0x000000000000979e       0x25 /usr/lib/gcc/arm-none-eabi/9.2.1/../../../arm-none-eabi/lib/thumb/v7-m/nofp/libc.a(lib_a-strlen-stub.o)

.debug_aranges  0x0000000000000000     0x1008
 .debug_aranges
                0x0000000000000000       0x50 main.o
 .debug_aranges
                0x0000000000000050       0x50 rtos/heap_4.o
 .debug_aranges
                0x00000000000000a0       0x40 rtos/list.o
 .debug_aranges
                0x00000000000000e0       0x70 rtos/port.o
 .debug_aranges
                0x0000000000000150       0xc0 rtos/queue.o
 .debug_aranges
                0x0000000000000210      0x178 rtos/tasks.o
 .debug_aranges
                0x0000000000000388       0x30 rtos/opencm3.o
 .debug_aranges
                0x00000000000003b8       0x98 rtos/usbcdc.o
 .debug_aranges
                0x0000000000000450       0x20 /usr/lib/gcc/arm-none-eabi/9.2.1/../../../arm-none-eabi/lib/thumb/v7-m/nofp/libc.a(lib_a-memcpy.o)
 .debug_aranges
                0x0000000000000470       0x58 /home/hades/bp/stm32//rtos/libwwg/libwwg.a(miniprintf.o)
 .debug_aranges
                0x00000000000004c8       0x28 /home/hades/bp/stm32//rtos/libwwg/libwwg.a(mcuio.o)
 .debug_aranges
                0x00000000000004f0       0x20 /home/hades/bp/stm32//rtos/libwwg/libwwg.a(getline.o)
 .debug_aranges
                0x0000000000000510      0x140 /home/hades/bp/stm32//rtos/libwwg/libwwg.a(uartlib.o)
 .debug_aranges
                0x0000000000000650       0x98 /home/hades/bp/stm32/libopencm3/lib/libopencm3_stm32f1.a(adc.o)
 .debug_aranges
                0x00000000000006e8      0x158 /home/hades/bp/stm32/libopencm3/lib/libopencm3_stm32f1.a(adc_common_v1.o)
 .debug_aranges
                0x0000000000000840       0x38 /home/hades/bp/stm32/libopencm3/lib/libopencm3_stm32f1.a(gpio.o)
 .debug_aranges
                0x0000000000000878       0x50 /home/hades/bp/stm32/libopencm3/lib/libopencm3_stm32f1.a(gpio_common_all.o)
 .debug_aranges
                0x00000000000008c8      0x170 /home/hades/bp/stm32/libopencm3/lib/libopencm3_stm32f1.a(rcc.o)
 .debug_aranges
                0x0000000000000a38       0x60 /home/hades/bp/stm32/libopencm3/lib/libopencm3_stm32f1.a(rcc_common_all.o)
 .debug_aranges
                0x0000000000000a98       0xa0 /home/hades/bp/stm32/libopencm3/lib/libopencm3_stm32f1.a(rtc.o)
 .debug_aranges
                0x0000000000000b38       0xd8 /home/hades/bp/stm32/libopencm3/lib/libopencm3_stm32f1.a(usart_common_all.o)
 .debug_aranges
                0x0000000000000c10       0x40 /home/hades/bp/stm32/libopencm3/lib/libopencm3_stm32f1.a(usart_common_f124.o)
 .debug_aranges
                0x0000000000000c50       0x90 /home/hades/bp/stm32/libopencm3/lib/libopencm3_stm32f1.a(usb.o)
 .debug_aranges
                0x0000000000000ce0       0x60 /home/hades/bp/stm32/libopencm3/lib/libopencm3_stm32f1.a(usb_control.o)
 .debug_aranges
                0x0000000000000d40       0x98 /home/hades/bp/stm32/libopencm3/lib/libopencm3_stm32f1.a(usb_standard.o)
 .debug_aranges
                0x0000000000000dd8       0x30 /home/hades/bp/stm32/libopencm3/lib/libopencm3_stm32f1.a(st_usbfs_v1.o)
 .debug_aranges
                0x0000000000000e08       0x30 /home/hades/bp/stm32/libopencm3/lib/libopencm3_stm32f1.a(vector.o)
 .debug_aranges
                0x0000000000000e38       0x60 /home/hades/bp/stm32/libopencm3/lib/libopencm3_stm32f1.a(nvic.o)
 .debug_aranges
                0x0000000000000e98       0x38 /home/hades/bp/stm32/libopencm3/lib/libopencm3_stm32f1.a(flash_common_all.o)
 .debug_aranges
                0x0000000000000ed0       0x90 /home/hades/bp/stm32/libopencm3/lib/libopencm3_stm32f1.a(pwr_common_v1.o)
 .debug_aranges
                0x0000000000000f60       0x68 /home/hades/bp/stm32/libopencm3/lib/libopencm3_stm32f1.a(st_usbfs_core.o)
 .debug_aranges
                0x0000000000000fc8       0x20 /usr/lib/gcc/arm-none-eabi/9.2.1/../../../arm-none-eabi/lib/thumb/v7-m/nofp/libc.a(lib_a-memmove.o)
 .debug_aranges
                0x0000000000000fe8       0x20 /usr/lib/gcc/arm-none-eabi/9.2.1/../../../arm-none-eabi/lib/thumb/v7-m/nofp/libc.a(lib_a-strlen-stub.o)

.debug_ranges   0x0000000000000000     0x1570
 .debug_ranges  0x0000000000000000      0x120 main.o
 .debug_ranges  0x0000000000000120       0x40 rtos/heap_4.o
 .debug_ranges  0x0000000000000160       0x30 rtos/list.o
 .debug_ranges  0x0000000000000190       0x78 rtos/port.o
 .debug_ranges  0x0000000000000208      0x250 rtos/queue.o
 .debug_ranges  0x0000000000000458      0x360 rtos/tasks.o
 .debug_ranges  0x00000000000007b8       0x20 rtos/opencm3.o
 .debug_ranges  0x00000000000007d8       0xa0 rtos/usbcdc.o
 .debug_ranges  0x0000000000000878       0x90 /home/hades/bp/stm32//rtos/libwwg/libwwg.a(miniprintf.o)
 .debug_ranges  0x0000000000000908       0x18 /home/hades/bp/stm32//rtos/libwwg/libwwg.a(mcuio.o)
 .debug_ranges  0x0000000000000920       0x58 /home/hades/bp/stm32//rtos/libwwg/libwwg.a(getline.o)
 .debug_ranges  0x0000000000000978      0x148 /home/hades/bp/stm32//rtos/libwwg/libwwg.a(uartlib.o)
 .debug_ranges  0x0000000000000ac0       0x88 /home/hades/bp/stm32/libopencm3/lib/libopencm3_stm32f1.a(adc.o)
 .debug_ranges  0x0000000000000b48      0x148 /home/hades/bp/stm32/libopencm3/lib/libopencm3_stm32f1.a(adc_common_v1.o)
 .debug_ranges  0x0000000000000c90       0x28 /home/hades/bp/stm32/libopencm3/lib/libopencm3_stm32f1.a(gpio.o)
 .debug_ranges  0x0000000000000cb8       0x40 /home/hades/bp/stm32/libopencm3/lib/libopencm3_stm32f1.a(gpio_common_all.o)
 .debug_ranges  0x0000000000000cf8      0x208 /home/hades/bp/stm32/libopencm3/lib/libopencm3_stm32f1.a(rcc.o)
 .debug_ranges  0x0000000000000f00       0x50 /home/hades/bp/stm32/libopencm3/lib/libopencm3_stm32f1.a(rcc_common_all.o)
 .debug_ranges  0x0000000000000f50       0x90 /home/hades/bp/stm32/libopencm3/lib/libopencm3_stm32f1.a(rtc.o)
 .debug_ranges  0x0000000000000fe0       0xc8 /home/hades/bp/stm32/libopencm3/lib/libopencm3_stm32f1.a(usart_common_all.o)
 .debug_ranges  0x00000000000010a8       0x30 /home/hades/bp/stm32/libopencm3/lib/libopencm3_stm32f1.a(usart_common_f124.o)
 .debug_ranges  0x00000000000010d8       0x80 /home/hades/bp/stm32/libopencm3/lib/libopencm3_stm32f1.a(usb.o)
 .debug_ranges  0x0000000000001158       0xa8 /home/hades/bp/stm32/libopencm3/lib/libopencm3_stm32f1.a(usb_control.o)
 .debug_ranges  0x0000000000001200      0x120 /home/hades/bp/stm32/libopencm3/lib/libopencm3_stm32f1.a(usb_standard.o)
 .debug_ranges  0x0000000000001320       0x20 /home/hades/bp/stm32/libopencm3/lib/libopencm3_stm32f1.a(st_usbfs_v1.o)
 .debug_ranges  0x0000000000001340       0x20 /home/hades/bp/stm32/libopencm3/lib/libopencm3_stm32f1.a(vector.o)
 .debug_ranges  0x0000000000001360       0x50 /home/hades/bp/stm32/libopencm3/lib/libopencm3_stm32f1.a(nvic.o)
 .debug_ranges  0x00000000000013b0       0x28 /home/hades/bp/stm32/libopencm3/lib/libopencm3_stm32f1.a(flash_common_all.o)
 .debug_ranges  0x00000000000013d8       0x80 /home/hades/bp/stm32/libopencm3/lib/libopencm3_stm32f1.a(pwr_common_v1.o)
 .debug_ranges  0x0000000000001458      0x108 /home/hades/bp/stm32/libopencm3/lib/libopencm3_stm32f1.a(st_usbfs_core.o)
 .debug_ranges  0x0000000000001560       0x10 /usr/lib/gcc/arm-none-eabi/9.2.1/../../../arm-none-eabi/lib/thumb/v7-m/nofp/libc.a(lib_a-strlen-stub.o)

.debug_line     0x0000000000000000     0xbfb4
 .debug_line    0x0000000000000000      0x6ba main.o
 .debug_line    0x00000000000006ba      0x4c4 rtos/heap_4.o
 .debug_line    0x0000000000000b7e      0x26c rtos/list.o
 .debug_line    0x0000000000000dea      0x2eb rtos/port.o
 .debug_line    0x00000000000010d5      0xe64 rtos/queue.o
 .debug_line    0x0000000000001f39     0x1a4b rtos/tasks.o
 .debug_line    0x0000000000003984       0xe5 rtos/opencm3.o
 .debug_line    0x0000000000003a69      0x629 rtos/usbcdc.o
 .debug_line    0x0000000000004092       0xc1 /usr/lib/gcc/arm-none-eabi/9.2.1/../../../arm-none-eabi/lib/thumb/v7-m/nofp/libc.a(lib_a-memcpy.o)
 .debug_line    0x0000000000004153      0x546 /home/hades/bp/stm32//rtos/libwwg/libwwg.a(miniprintf.o)
 .debug_line    0x0000000000004699      0x114 /home/hades/bp/stm32//rtos/libwwg/libwwg.a(mcuio.o)
 .debug_line    0x00000000000047ad      0x2e5 /home/hades/bp/stm32//rtos/libwwg/libwwg.a(getline.o)
 .debug_line    0x0000000000004a92      0x9f3 /home/hades/bp/stm32//rtos/libwwg/libwwg.a(uartlib.o)
 .debug_line    0x0000000000005485      0x59c /home/hades/bp/stm32/libopencm3/lib/libopencm3_stm32f1.a(adc.o)
 .debug_line    0x0000000000005a21      0x879 /home/hades/bp/stm32/libopencm3/lib/libopencm3_stm32f1.a(adc_common_v1.o)
 .debug_line    0x000000000000629a      0x34b /home/hades/bp/stm32/libopencm3/lib/libopencm3_stm32f1.a(gpio.o)
 .debug_line    0x00000000000065e5      0x355 /home/hades/bp/stm32/libopencm3/lib/libopencm3_stm32f1.a(gpio_common_all.o)
 .debug_line    0x000000000000693a      0xd02 /home/hades/bp/stm32/libopencm3/lib/libopencm3_stm32f1.a(rcc.o)
 .debug_line    0x000000000000763c      0x3b4 /home/hades/bp/stm32/libopencm3/lib/libopencm3_stm32f1.a(rcc_common_all.o)
 .debug_line    0x00000000000079f0      0x6cc /home/hades/bp/stm32/libopencm3/lib/libopencm3_stm32f1.a(rtc.o)
 .debug_line    0x00000000000080bc      0x5c8 /home/hades/bp/stm32/libopencm3/lib/libopencm3_stm32f1.a(usart_common_all.o)
 .debug_line    0x0000000000008684      0x34a /home/hades/bp/stm32/libopencm3/lib/libopencm3_stm32f1.a(usart_common_f124.o)
 .debug_line    0x00000000000089ce      0x4cc /home/hades/bp/stm32/libopencm3/lib/libopencm3_stm32f1.a(usb.o)
 .debug_line    0x0000000000008e9a      0x6b2 /home/hades/bp/stm32/libopencm3/lib/libopencm3_stm32f1.a(usb_control.o)
 .debug_line    0x000000000000954c      0xc60 /home/hades/bp/stm32/libopencm3/lib/libopencm3_stm32f1.a(usb_standard.o)
 .debug_line    0x000000000000a1ac      0x3e9 /home/hades/bp/stm32/libopencm3/lib/libopencm3_stm32f1.a(st_usbfs_v1.o)
 .debug_line    0x000000000000a595      0x3e0 /home/hades/bp/stm32/libopencm3/lib/libopencm3_stm32f1.a(vector.o)
 .debug_line    0x000000000000a975      0x377 /home/hades/bp/stm32/libopencm3/lib/libopencm3_stm32f1.a(nvic.o)
 .debug_line    0x000000000000acec      0x306 /home/hades/bp/stm32/libopencm3/lib/libopencm3_stm32f1.a(flash_common_all.o)
 .debug_line    0x000000000000aff2      0x3f2 /home/hades/bp/stm32/libopencm3/lib/libopencm3_stm32f1.a(pwr_common_v1.o)
 .debug_line    0x000000000000b3e4      0x7f6 /home/hades/bp/stm32/libopencm3/lib/libopencm3_stm32f1.a(st_usbfs_core.o)
 .debug_line    0x000000000000bbda      0x28c /usr/lib/gcc/arm-none-eabi/9.2.1/../../../arm-none-eabi/lib/thumb/v7-m/nofp/libc.a(lib_a-memmove.o)
 .debug_line    0x000000000000be66      0x14e /usr/lib/gcc/arm-none-eabi/9.2.1/../../../arm-none-eabi/lib/thumb/v7-m/nofp/libc.a(lib_a-strlen-stub.o)

.debug_str      0x0000000000000000    0x1a69f
 .debug_str     0x0000000000000000      0xea2 main.o
                                       0x108f (size before relaxing)
 .debug_str     0x0000000000000ea2      0x2fa rtos/heap_4.o
                                        0x889 (size before relaxing)
 .debug_str     0x000000000000119c      0x11e rtos/list.o
                                        0x6b5 (size before relaxing)
 .debug_str     0x00000000000012ba      0x14d rtos/port.o
                                        0x34b (size before relaxing)
 .debug_str     0x0000000000001407      0x562 rtos/queue.o
                                        0xd0e (size before relaxing)
 .debug_str     0x0000000000001969      0x8fe rtos/tasks.o
                                       0x12ec (size before relaxing)
 .debug_str     0x0000000000002267       0x40 rtos/opencm3.o
                                        0x312 (size before relaxing)
 .debug_str     0x00000000000022a7      0x6ea rtos/usbcdc.o
                                       0x11fc (size before relaxing)
 .debug_str     0x0000000000002991       0xad /usr/lib/gcc/arm-none-eabi/9.2.1/../../../arm-none-eabi/lib/thumb/v7-m/nofp/libc.a(lib_a-memcpy.o)
 .debug_str     0x0000000000002a3e      0x1d4 /home/hades/bp/stm32//rtos/libwwg/libwwg.a(miniprintf.o)
                                        0x2c7 (size before relaxing)
 .debug_str     0x0000000000002c12       0x39 /home/hades/bp/stm32//rtos/libwwg/libwwg.a(mcuio.o)
                                        0x26c (size before relaxing)
 .debug_str     0x0000000000002c4b       0x25 /home/hades/bp/stm32//rtos/libwwg/libwwg.a(getline.o)
                                        0x18a (size before relaxing)
 .debug_str     0x0000000000002c70      0x336 /home/hades/bp/stm32//rtos/libwwg/libwwg.a(uartlib.o)
                                        0x887 (size before relaxing)
 .debug_str     0x0000000000002fa6     0x70cd /home/hades/bp/stm32/libopencm3/lib/libopencm3_stm32f1.a(adc.o)
                                       0x732d (size before relaxing)
 .debug_str     0x000000000000a073      0x42d /home/hades/bp/stm32/libopencm3/lib/libopencm3_stm32f1.a(adc_common_v1.o)
                                       0x767e (size before relaxing)
 .debug_str     0x000000000000a4a0     0x3822 /home/hades/bp/stm32/libopencm3/lib/libopencm3_stm32f1.a(gpio.o)
                                       0x849e (size before relaxing)
 .debug_str     0x000000000000dcc2       0x63 /home/hades/bp/stm32/libopencm3/lib/libopencm3_stm32f1.a(gpio_common_all.o)
                                       0x8492 (size before relaxing)
 .debug_str     0x000000000000dd25     0x328e /home/hades/bp/stm32/libopencm3/lib/libopencm3_stm32f1.a(rcc.o)
                                       0x8186 (size before relaxing)
 .debug_str     0x0000000000010fb3      0x325 /home/hades/bp/stm32/libopencm3/lib/libopencm3_stm32f1.a(rcc_common_all.o)
                                       0x7894 (size before relaxing)
 .debug_str     0x00000000000112d8      0x5a2 /home/hades/bp/stm32/libopencm3/lib/libopencm3_stm32f1.a(rtc.o)
                                       0x7be5 (size before relaxing)
 .debug_str     0x000000000001187a     0x1132 /home/hades/bp/stm32/libopencm3/lib/libopencm3_stm32f1.a(usart_common_all.o)
                                       0x84b5 (size before relaxing)
 .debug_str     0x00000000000129ac       0x2d /home/hades/bp/stm32/libopencm3/lib/libopencm3_stm32f1.a(usart_common_f124.o)
                                       0x8249 (size before relaxing)
 .debug_str     0x00000000000129d9     0x36aa /home/hades/bp/stm32/libopencm3/lib/libopencm3_stm32f1.a(usb.o)
                                       0x7af4 (size before relaxing)
 .debug_str     0x0000000000016083      0x19b /home/hades/bp/stm32/libopencm3/lib/libopencm3_stm32f1.a(usb_control.o)
                                       0x7b0d (size before relaxing)
 .debug_str     0x000000000001621e      0x2a4 /home/hades/bp/stm32/libopencm3/lib/libopencm3_stm32f1.a(usb_standard.o)
                                       0x7c40 (size before relaxing)
 .debug_str     0x00000000000164c2     0x1581 /home/hades/bp/stm32/libopencm3/lib/libopencm3_stm32f1.a(st_usbfs_v1.o)
                                       0x99eb (size before relaxing)
 .debug_str     0x0000000000017a43     0x2485 /home/hades/bp/stm32/libopencm3/lib/libopencm3_stm32f1.a(vector.o)
                                       0x6567 (size before relaxing)
 .debug_str     0x0000000000019ec8       0xc4 /home/hades/bp/stm32/libopencm3/lib/libopencm3_stm32f1.a(nvic.o)
                                       0x5b49 (size before relaxing)
 .debug_str     0x0000000000019f8c       0x64 /home/hades/bp/stm32/libopencm3/lib/libopencm3_stm32f1.a(flash_common_all.o)
                                       0x546a (size before relaxing)
 .debug_str     0x0000000000019ff0      0x190 /home/hades/bp/stm32/libopencm3/lib/libopencm3_stm32f1.a(pwr_common_v1.o)
                                       0x50bf (size before relaxing)
 .debug_str     0x000000000001a180      0x12c /home/hades/bp/stm32/libopencm3/lib/libopencm3_stm32f1.a(st_usbfs_core.o)
                                       0x98f7 (size before relaxing)
 .debug_str     0x000000000001a2ac      0x3b2 /usr/lib/gcc/arm-none-eabi/9.2.1/../../../arm-none-eabi/lib/thumb/v7-m/nofp/libc.a(lib_a-memmove.o)
                                        0x8e4 (size before relaxing)
 .debug_str     0x000000000001a65e       0x41 /usr/lib/gcc/arm-none-eabi/9.2.1/../../../arm-none-eabi/lib/thumb/v7-m/nofp/libc.a(lib_a-strlen-stub.o)
                                        0x5ae (size before relaxing)

.comment        0x0000000000000000       0xf4
 .comment       0x0000000000000000       0x59 main.o
                                         0x5a (size before relaxing)
 .comment       0x0000000000000059       0x5a rtos/heap_4.o
 .comment       0x0000000000000059       0x5a rtos/list.o
 .comment       0x0000000000000059       0x5a rtos/port.o
 .comment       0x0000000000000059       0x5a rtos/queue.o
 .comment       0x0000000000000059       0x5a rtos/tasks.o
 .comment       0x0000000000000059       0x5a rtos/opencm3.o
 .comment       0x0000000000000059       0x5a rtos/usbcdc.o
 .comment       0x0000000000000059       0x4d /home/hades/bp/stm32//rtos/libwwg/libwwg.a(miniprintf.o)
                                         0x4e (size before relaxing)
 .comment       0x00000000000000a6       0x4e /home/hades/bp/stm32//rtos/libwwg/libwwg.a(mcuio.o)
 .comment       0x00000000000000a6       0x4e /home/hades/bp/stm32//rtos/libwwg/libwwg.a(getline.o)
 .comment       0x00000000000000a6       0x4e /home/hades/bp/stm32//rtos/libwwg/libwwg.a(uartlib.o)
 .comment       0x00000000000000a6       0x4e /home/hades/bp/stm32/libopencm3/lib/libopencm3_stm32f1.a(adc.o)
 .comment       0x00000000000000a6       0x4e /home/hades/bp/stm32/libopencm3/lib/libopencm3_stm32f1.a(adc_common_v1.o)
 .comment       0x00000000000000a6       0x4e /home/hades/bp/stm32/libopencm3/lib/libopencm3_stm32f1.a(gpio.o)
 .comment       0x00000000000000a6       0x4e /home/hades/bp/stm32/libopencm3/lib/libopencm3_stm32f1.a(gpio_common_all.o)
 .comment       0x00000000000000a6       0x4e /home/hades/bp/stm32/libopencm3/lib/libopencm3_stm32f1.a(rcc.o)
 .comment       0x00000000000000a6       0x4e /home/hades/bp/stm32/libopencm3/lib/libopencm3_stm32f1.a(rcc_common_all.o)
 .comment       0x00000000000000a6       0x4e /home/hades/bp/stm32/libopencm3/lib/libopencm3_stm32f1.a(rtc.o)
 .comment       0x00000000000000a6       0x4e /home/hades/bp/stm32/libopencm3/lib/libopencm3_stm32f1.a(usart_common_all.o)
 .comment       0x00000000000000a6       0x4e /home/hades/bp/stm32/libopencm3/lib/libopencm3_stm32f1.a(usart_common_f124.o)
 .comment       0x00000000000000a6       0x4e /home/hades/bp/stm32/libopencm3/lib/libopencm3_stm32f1.a(usb.o)
 .comment       0x00000000000000a6       0x4e /home/hades/bp/stm32/libopencm3/lib/libopencm3_stm32f1.a(usb_control.o)
 .comment       0x00000000000000a6       0x4e /home/hades/bp/stm32/libopencm3/lib/libopencm3_stm32f1.a(usb_standard.o)
 .comment       0x00000000000000a6       0x4e /home/hades/bp/stm32/libopencm3/lib/libopencm3_stm32f1.a(st_usbfs_v1.o)
 .comment       0x00000000000000a6       0x4e /home/hades/bp/stm32/libopencm3/lib/libopencm3_stm32f1.a(vector.o)
 .comment       0x00000000000000a6       0x4e /home/hades/bp/stm32/libopencm3/lib/libopencm3_stm32f1.a(nvic.o)
 .comment       0x00000000000000a6       0x4e /home/hades/bp/stm32/libopencm3/lib/libopencm3_stm32f1.a(flash_common_all.o)
 .comment       0x00000000000000a6       0x4e /home/hades/bp/stm32/libopencm3/lib/libopencm3_stm32f1.a(pwr_common_v1.o)
 .comment       0x00000000000000a6       0x4e /home/hades/bp/stm32/libopencm3/lib/libopencm3_stm32f1.a(st_usbfs_core.o)
 .comment       0x00000000000000a6       0x4e /usr/lib/gcc/arm-none-eabi/9.2.1/../../../arm-none-eabi/lib/thumb/v7-m/nofp/libc.a(lib_a-memmove.o)
                                         0x4f (size before relaxing)
 .comment       0x00000000000000f4       0x4f /usr/lib/gcc/arm-none-eabi/9.2.1/../../../arm-none-eabi/lib/thumb/v7-m/nofp/libc.a(lib_a-strlen-stub.o)

.ARM.attributes
                0x0000000000000000       0x2b
 .ARM.attributes
                0x0000000000000000       0x2d main.o
 .ARM.attributes
                0x000000000000002d       0x2d rtos/heap_4.o
 .ARM.attributes
                0x000000000000005a       0x2d rtos/list.o
 .ARM.attributes
                0x0000000000000087       0x2d rtos/port.o
 .ARM.attributes
                0x00000000000000b4       0x2d rtos/queue.o
 .ARM.attributes
                0x00000000000000e1       0x2d rtos/tasks.o
 .ARM.attributes
                0x000000000000010e       0x2d rtos/opencm3.o
 .ARM.attributes
                0x000000000000013b       0x2d rtos/usbcdc.o
 .ARM.attributes
                0x0000000000000168       0x1b /usr/lib/gcc/arm-none-eabi/9.2.1/../../../arm-none-eabi/lib/thumb/v7-m/nofp/libc.a(lib_a-memcpy.o)
 .ARM.attributes
                0x0000000000000183       0x2d /home/hades/bp/stm32//rtos/libwwg/libwwg.a(miniprintf.o)
 .ARM.attributes
                0x00000000000001b0       0x2d /home/hades/bp/stm32//rtos/libwwg/libwwg.a(mcuio.o)
 .ARM.attributes
                0x00000000000001dd       0x2d /home/hades/bp/stm32//rtos/libwwg/libwwg.a(getline.o)
 .ARM.attributes
                0x000000000000020a       0x2d /home/hades/bp/stm32//rtos/libwwg/libwwg.a(uartlib.o)
 .ARM.attributes
                0x0000000000000237       0x2d /home/hades/bp/stm32/libopencm3/lib/libopencm3_stm32f1.a(adc.o)
 .ARM.attributes
                0x0000000000000264       0x2d /home/hades/bp/stm32/libopencm3/lib/libopencm3_stm32f1.a(adc_common_v1.o)
 .ARM.attributes
                0x0000000000000291       0x2d /home/hades/bp/stm32/libopencm3/lib/libopencm3_stm32f1.a(gpio.o)
 .ARM.attributes
                0x00000000000002be       0x2d /home/hades/bp/stm32/libopencm3/lib/libopencm3_stm32f1.a(gpio_common_all.o)
 .ARM.attributes
                0x00000000000002eb       0x2d /home/hades/bp/stm32/libopencm3/lib/libopencm3_stm32f1.a(rcc.o)
 .ARM.attributes
                0x0000000000000318       0x2d /home/hades/bp/stm32/libopencm3/lib/libopencm3_stm32f1.a(rcc_common_all.o)
 .ARM.attributes
                0x0000000000000345       0x2d /home/hades/bp/stm32/libopencm3/lib/libopencm3_stm32f1.a(rtc.o)
 .ARM.attributes
                0x0000000000000372       0x2d /home/hades/bp/stm32/libopencm3/lib/libopencm3_stm32f1.a(usart_common_all.o)
 .ARM.attributes
                0x000000000000039f       0x2d /home/hades/bp/stm32/libopencm3/lib/libopencm3_stm32f1.a(usart_common_f124.o)
 .ARM.attributes
                0x00000000000003cc       0x2d /home/hades/bp/stm32/libopencm3/lib/libopencm3_stm32f1.a(usb.o)
 .ARM.attributes
                0x00000000000003f9       0x2d /home/hades/bp/stm32/libopencm3/lib/libopencm3_stm32f1.a(usb_control.o)
 .ARM.attributes
                0x0000000000000426       0x2d /home/hades/bp/stm32/libopencm3/lib/libopencm3_stm32f1.a(usb_standard.o)
 .ARM.attributes
                0x0000000000000453       0x2d /home/hades/bp/stm32/libopencm3/lib/libopencm3_stm32f1.a(st_usbfs_v1.o)
 .ARM.attributes
                0x0000000000000480       0x2d /home/hades/bp/stm32/libopencm3/lib/libopencm3_stm32f1.a(vector.o)
 .ARM.attributes
                0x00000000000004ad       0x2d /home/hades/bp/stm32/libopencm3/lib/libopencm3_stm32f1.a(nvic.o)
 .ARM.attributes
                0x00000000000004da       0x2d /home/hades/bp/stm32/libopencm3/lib/libopencm3_stm32f1.a(flash_common_all.o)
 .ARM.attributes
                0x0000000000000507       0x2d /home/hades/bp/stm32/libopencm3/lib/libopencm3_stm32f1.a(pwr_common_v1.o)
 .ARM.attributes
                0x0000000000000534       0x2d /home/hades/bp/stm32/libopencm3/lib/libopencm3_stm32f1.a(st_usbfs_core.o)
 .ARM.attributes
                0x0000000000000561       0x2d /usr/lib/gcc/arm-none-eabi/9.2.1/../../../arm-none-eabi/lib/thumb/v7-m/nofp/libc.a(lib_a-memmove.o)
 .ARM.attributes
                0x000000000000058e       0x2d /usr/lib/gcc/arm-none-eabi/9.2.1/../../../arm-none-eabi/lib/thumb/v7-m/nofp/libc.a(lib_a-strlen-stub.o)

.debug_frame    0x0000000000000000     0x2680
 .debug_frame   0x0000000000000000       0xbc main.o
 .debug_frame   0x00000000000000bc       0xc4 rtos/heap_4.o
 .debug_frame   0x0000000000000180       0x6c rtos/list.o
 .debug_frame   0x00000000000001ec       0xd8 rtos/port.o
 .debug_frame   0x00000000000002c4      0x278 rtos/queue.o
 .debug_frame   0x000000000000053c      0x4ec rtos/tasks.o
 .debug_frame   0x0000000000000a28       0x40 rtos/opencm3.o
 .debug_frame   0x0000000000000a68      0x1b4 rtos/usbcdc.o
 .debug_frame   0x0000000000000c1c      0x110 /home/hades/bp/stm32//rtos/libwwg/libwwg.a(miniprintf.o)
 .debug_frame   0x0000000000000d2c       0x6c /home/hades/bp/stm32//rtos/libwwg/libwwg.a(mcuio.o)
 .debug_frame   0x0000000000000d98       0x3c /home/hades/bp/stm32//rtos/libwwg/libwwg.a(getline.o)
 .debug_frame   0x0000000000000dd4      0x3a0 /home/hades/bp/stm32//rtos/libwwg/libwwg.a(uartlib.o)
 .debug_frame   0x0000000000001174      0x128 /home/hades/bp/stm32/libopencm3/lib/libopencm3_stm32f1.a(adc.o)
 .debug_frame   0x000000000000129c      0x2b4 /home/hades/bp/stm32/libopencm3/lib/libopencm3_stm32f1.a(adc_common_v1.o)
 .debug_frame   0x0000000000001550       0x60 /home/hades/bp/stm32/libopencm3/lib/libopencm3_stm32f1.a(gpio.o)
 .debug_frame   0x00000000000015b0       0x80 /home/hades/bp/stm32/libopencm3/lib/libopencm3_stm32f1.a(gpio_common_all.o)
 .debug_frame   0x0000000000001630      0x318 /home/hades/bp/stm32/libopencm3/lib/libopencm3_stm32f1.a(rcc.o)
 .debug_frame   0x0000000000001948       0xe0 /home/hades/bp/stm32/libopencm3/lib/libopencm3_stm32f1.a(rcc_common_all.o)
 .debug_frame   0x0000000000001a28      0x1ac /home/hades/bp/stm32/libopencm3/lib/libopencm3_stm32f1.a(rtc.o)
 .debug_frame   0x0000000000001bd4      0x1b0 /home/hades/bp/stm32/libopencm3/lib/libopencm3_stm32f1.a(usart_common_all.o)
 .debug_frame   0x0000000000001d84       0x60 /home/hades/bp/stm32/libopencm3/lib/libopencm3_stm32f1.a(usart_common_f124.o)
 .debug_frame   0x0000000000001de4      0x14c /home/hades/bp/stm32/libopencm3/lib/libopencm3_stm32f1.a(usb.o)
 .debug_frame   0x0000000000001f30      0x164 /home/hades/bp/stm32/libopencm3/lib/libopencm3_stm32f1.a(usb_control.o)
 .debug_frame   0x0000000000002094      0x1e4 /home/hades/bp/stm32/libopencm3/lib/libopencm3_stm32f1.a(usb_standard.o)
 .debug_frame   0x0000000000002278       0x54 /home/hades/bp/stm32/libopencm3/lib/libopencm3_stm32f1.a(st_usbfs_v1.o)
 .debug_frame   0x00000000000022cc       0x4c /home/hades/bp/stm32/libopencm3/lib/libopencm3_stm32f1.a(vector.o)
 .debug_frame   0x0000000000002318       0xa0 /home/hades/bp/stm32/libopencm3/lib/libopencm3_stm32f1.a(nvic.o)
 .debug_frame   0x00000000000023b8       0x50 /home/hades/bp/stm32/libopencm3/lib/libopencm3_stm32f1.a(flash_common_all.o)
 .debug_frame   0x0000000000002408      0x100 /home/hades/bp/stm32/libopencm3/lib/libopencm3_stm32f1.a(pwr_common_v1.o)
 .debug_frame   0x0000000000002508      0x118 /home/hades/bp/stm32/libopencm3/lib/libopencm3_stm32f1.a(st_usbfs_core.o)
 .debug_frame   0x0000000000002620       0x40 /usr/lib/gcc/arm-none-eabi/9.2.1/../../../arm-none-eabi/lib/thumb/v7-m/nofp/libc.a(lib_a-memmove.o)
 .debug_frame   0x0000000000002660       0x20 /usr/lib/gcc/arm-none-eabi/9.2.1/../../../arm-none-eabi/lib/thumb/v7-m/nofp/libc.a(lib_a-strlen-stub.o)

.debug_macro    0x0000000000000000     0x627d
 .debug_macro   0x0000000000000000       0xb8 /home/hades/bp/stm32/libopencm3/lib/libopencm3_stm32f1.a(adc.o)
 .debug_macro   0x00000000000000b8      0xa60 /home/hades/bp/stm32/libopencm3/lib/libopencm3_stm32f1.a(adc.o)
 .debug_macro   0x0000000000000b18       0x1c /home/hades/bp/stm32/libopencm3/lib/libopencm3_stm32f1.a(adc.o)
 .debug_macro   0x0000000000000b34       0x22 /home/hades/bp/stm32/libopencm3/lib/libopencm3_stm32f1.a(adc.o)
 .debug_macro   0x0000000000000b56       0x56 /home/hades/bp/stm32/libopencm3/lib/libopencm3_stm32f1.a(adc.o)
 .debug_macro   0x0000000000000bac       0x51 /home/hades/bp/stm32/libopencm3/lib/libopencm3_stm32f1.a(adc.o)
 .debug_macro   0x0000000000000bfd      0x103 /home/hades/bp/stm32/libopencm3/lib/libopencm3_stm32f1.a(adc.o)
 .debug_macro   0x0000000000000d00       0x6a /home/hades/bp/stm32/libopencm3/lib/libopencm3_stm32f1.a(adc.o)
 .debug_macro   0x0000000000000d6a      0x1df /home/hades/bp/stm32/libopencm3/lib/libopencm3_stm32f1.a(adc.o)
 .debug_macro   0x0000000000000f49       0x22 /home/hades/bp/stm32/libopencm3/lib/libopencm3_stm32f1.a(adc.o)
 .debug_macro   0x0000000000000f6b       0xe8 /home/hades/bp/stm32/libopencm3/lib/libopencm3_stm32f1.a(adc.o)
 .debug_macro   0x0000000000001053       0x76 /home/hades/bp/stm32/libopencm3/lib/libopencm3_stm32f1.a(adc.o)
 .debug_macro   0x00000000000010c9      0x1b4 /home/hades/bp/stm32/libopencm3/lib/libopencm3_stm32f1.a(adc.o)
 .debug_macro   0x000000000000127d      0x449 /home/hades/bp/stm32/libopencm3/lib/libopencm3_stm32f1.a(adc.o)
 .debug_macro   0x00000000000016c6      0x456 /home/hades/bp/stm32/libopencm3/lib/libopencm3_stm32f1.a(adc.o)
 .debug_macro   0x0000000000001b1c       0xb8 /home/hades/bp/stm32/libopencm3/lib/libopencm3_stm32f1.a(adc_common_v1.o)
 .debug_macro   0x0000000000001bd4       0xb8 /home/hades/bp/stm32/libopencm3/lib/libopencm3_stm32f1.a(gpio.o)
 .debug_macro   0x0000000000001c8c       0x76 /home/hades/bp/stm32/libopencm3/lib/libopencm3_stm32f1.a(gpio.o)
 .debug_macro   0x0000000000001d02      0xe04 /home/hades/bp/stm32/libopencm3/lib/libopencm3_stm32f1.a(gpio.o)
 .debug_macro   0x0000000000002b06       0xb8 /home/hades/bp/stm32/libopencm3/lib/libopencm3_stm32f1.a(gpio_common_all.o)
 .debug_macro   0x0000000000002bbe       0xe7 /home/hades/bp/stm32/libopencm3/lib/libopencm3_stm32f1.a(rcc.o)
 .debug_macro   0x0000000000002ca5       0x16 /home/hades/bp/stm32/libopencm3/lib/libopencm3_stm32f1.a(rcc.o)
 .debug_macro   0x0000000000002cbb      0x8c6 /home/hades/bp/stm32/libopencm3/lib/libopencm3_stm32f1.a(rcc.o)
 .debug_macro   0x0000000000003581       0xee /home/hades/bp/stm32/libopencm3/lib/libopencm3_stm32f1.a(rcc.o)
 .debug_macro   0x000000000000366f       0x82 /home/hades/bp/stm32/libopencm3/lib/libopencm3_stm32f1.a(rcc.o)
 .debug_macro   0x00000000000036f1       0xce /home/hades/bp/stm32/libopencm3/lib/libopencm3_stm32f1.a(rcc_common_all.o)
 .debug_macro   0x00000000000037bf       0xe6 /home/hades/bp/stm32/libopencm3/lib/libopencm3_stm32f1.a(rtc.o)
 .debug_macro   0x00000000000038a5       0x8e /home/hades/bp/stm32/libopencm3/lib/libopencm3_stm32f1.a(rtc.o)
 .debug_macro   0x0000000000003933       0x76 /home/hades/bp/stm32/libopencm3/lib/libopencm3_stm32f1.a(rtc.o)
 .debug_macro   0x00000000000039a9       0xda /home/hades/bp/stm32/libopencm3/lib/libopencm3_stm32f1.a(usart_common_all.o)
 .debug_macro   0x0000000000003a83       0x94 /home/hades/bp/stm32/libopencm3/lib/libopencm3_stm32f1.a(usart_common_all.o)
 .debug_macro   0x0000000000003b17      0x29e /home/hades/bp/stm32/libopencm3/lib/libopencm3_stm32f1.a(usart_common_all.o)
 .debug_macro   0x0000000000003db5       0xda /home/hades/bp/stm32/libopencm3/lib/libopencm3_stm32f1.a(usart_common_f124.o)
 .debug_macro   0x0000000000003e8f      0x146 /home/hades/bp/stm32/libopencm3/lib/libopencm3_stm32f1.a(usb.o)
 .debug_macro   0x0000000000003fd5       0x5e /home/hades/bp/stm32/libopencm3/lib/libopencm3_stm32f1.a(usb.o)
 .debug_macro   0x0000000000004033       0x18 /home/hades/bp/stm32/libopencm3/lib/libopencm3_stm32f1.a(usb.o)
 .debug_macro   0x000000000000404b       0x5c /home/hades/bp/stm32/libopencm3/lib/libopencm3_stm32f1.a(usb.o)
 .debug_macro   0x00000000000040a7       0x35 /home/hades/bp/stm32/libopencm3/lib/libopencm3_stm32f1.a(usb.o)
 .debug_macro   0x00000000000040dc       0x34 /home/hades/bp/stm32/libopencm3/lib/libopencm3_stm32f1.a(usb.o)
 .debug_macro   0x0000000000004110      0x16d /home/hades/bp/stm32/libopencm3/lib/libopencm3_stm32f1.a(usb.o)
 .debug_macro   0x000000000000427d       0x16 /home/hades/bp/stm32/libopencm3/lib/libopencm3_stm32f1.a(usb.o)
 .debug_macro   0x0000000000004293       0x43 /home/hades/bp/stm32/libopencm3/lib/libopencm3_stm32f1.a(usb.o)
 .debug_macro   0x00000000000042d6       0x57 /home/hades/bp/stm32/libopencm3/lib/libopencm3_stm32f1.a(usb.o)
 .debug_macro   0x000000000000432d       0x34 /home/hades/bp/stm32/libopencm3/lib/libopencm3_stm32f1.a(usb.o)
 .debug_macro   0x0000000000004361       0x10 /home/hades/bp/stm32/libopencm3/lib/libopencm3_stm32f1.a(usb.o)
 .debug_macro   0x0000000000004371       0x58 /home/hades/bp/stm32/libopencm3/lib/libopencm3_stm32f1.a(usb.o)
 .debug_macro   0x00000000000043c9      0x182 /home/hades/bp/stm32/libopencm3/lib/libopencm3_stm32f1.a(usb.o)
 .debug_macro   0x000000000000454b      0x356 /home/hades/bp/stm32/libopencm3/lib/libopencm3_stm32f1.a(usb.o)
 .debug_macro   0x00000000000048a1       0x10 /home/hades/bp/stm32/libopencm3/lib/libopencm3_stm32f1.a(usb.o)
 .debug_macro   0x00000000000048b1       0x35 /home/hades/bp/stm32/libopencm3/lib/libopencm3_stm32f1.a(usb.o)
 .debug_macro   0x00000000000048e6      0x19c /home/hades/bp/stm32/libopencm3/lib/libopencm3_stm32f1.a(usb.o)
 .debug_macro   0x0000000000004a82       0x10 /home/hades/bp/stm32/libopencm3/lib/libopencm3_stm32f1.a(usb.o)
 .debug_macro   0x0000000000004a92       0x1c /home/hades/bp/stm32/libopencm3/lib/libopencm3_stm32f1.a(usb.o)
 .debug_macro   0x0000000000004aae      0x154 /home/hades/bp/stm32/libopencm3/lib/libopencm3_stm32f1.a(usb_control.o)