Archive member included to satisfy reference by file (symbol)

/usr/lib/gcc/arm-none-eabi/9.2.1/../../../arm-none-eabi/lib/thumb/v7-m/nofp/libc.a(lib_a-memcpy.o)
                              rtos/queue.o (memcpy)
/home/hades/bp/stm32//rtos/libwwg/libwwg.a(miniprintf.o)
                              rtos/usbcdc.o (mini_vprintf_cooked)
/home/hades/bp/stm32//rtos/libwwg/libwwg.a(mcuio.o)
                              main.o (std_printf)
/home/hades/bp/stm32//rtos/libwwg/libwwg.a(getline.o)
                              rtos/usbcdc.o (getline)
/home/hades/bp/stm32//rtos/libwwg/libwwg.a(uartlib.o)
                              /home/hades/bp/stm32//rtos/libwwg/libwwg.a(mcuio.o) (uart1_putc)
/home/hades/bp/stm32/libopencm3/lib/libopencm3_stm32f1.a(gpio.o)
                              main.o (gpio_set_mode)
/home/hades/bp/stm32/libopencm3/lib/libopencm3_stm32f1.a(gpio_common_all.o)
                              main.o (gpio_clear)
/home/hades/bp/stm32/libopencm3/lib/libopencm3_stm32f1.a(rcc.o)
                              main.o (rcc_enable_rtc_clock)
/home/hades/bp/stm32/libopencm3/lib/libopencm3_stm32f1.a(rcc_common_all.o)
                              main.o (rcc_periph_clock_enable)
/home/hades/bp/stm32/libopencm3/lib/libopencm3_stm32f1.a(rtc.o)
                              main.o (rtc_awake_from_off)
/home/hades/bp/stm32/libopencm3/lib/libopencm3_stm32f1.a(usart_common_all.o)
                              /home/hades/bp/stm32//rtos/libwwg/libwwg.a(uartlib.o) (usart_set_baudrate)
/home/hades/bp/stm32/libopencm3/lib/libopencm3_stm32f1.a(usart_common_f124.o)
                              /home/hades/bp/stm32/libopencm3/lib/libopencm3_stm32f1.a(usart_common_all.o) (usart_send)
/home/hades/bp/stm32/libopencm3/lib/libopencm3_stm32f1.a(usb.o)
                              rtos/usbcdc.o (usbd_init)
/home/hades/bp/stm32/libopencm3/lib/libopencm3_stm32f1.a(usb_control.o)
                              rtos/usbcdc.o (usbd_register_control_callback)
/home/hades/bp/stm32/libopencm3/lib/libopencm3_stm32f1.a(usb_standard.o)
                              rtos/usbcdc.o (usbd_register_set_config_callback)
/home/hades/bp/stm32/libopencm3/lib/libopencm3_stm32f1.a(st_usbfs_v1.o)
                              rtos/usbcdc.o (st_usbfs_v1_usb_driver)
/home/hades/bp/stm32/libopencm3/lib/libopencm3_stm32f1.a(vector.o)
                              (reset_handler)
/home/hades/bp/stm32/libopencm3/lib/libopencm3_stm32f1.a(nvic.o)
                              main.o (nvic_enable_irq)
/home/hades/bp/stm32/libopencm3/lib/libopencm3_stm32f1.a(assert.o)
                              /home/hades/bp/stm32/libopencm3/lib/libopencm3_stm32f1.a(rcc.o) (cm3_assert_failed)
/home/hades/bp/stm32/libopencm3/lib/libopencm3_stm32f1.a(flash_common_all.o)
                              /home/hades/bp/stm32/libopencm3/lib/libopencm3_stm32f1.a(rcc.o) (flash_set_ws)
/home/hades/bp/stm32/libopencm3/lib/libopencm3_stm32f1.a(pwr_common_v1.o)
                              /home/hades/bp/stm32/libopencm3/lib/libopencm3_stm32f1.a(rtc.o) (pwr_disable_backup_domain_write_protect)
/home/hades/bp/stm32/libopencm3/lib/libopencm3_stm32f1.a(st_usbfs_core.o)
                              /home/hades/bp/stm32/libopencm3/lib/libopencm3_stm32f1.a(st_usbfs_v1.o) (st_usbfs_set_address)
/usr/lib/gcc/arm-none-eabi/9.2.1/../../../arm-none-eabi/lib/thumb/v7-m/nofp/libc.a(lib_a-malloc.o)
                              /home/hades/bp/stm32//rtos/libwwg/libwwg.a(uartlib.o) (malloc)
/usr/lib/gcc/arm-none-eabi/9.2.1/../../../arm-none-eabi/lib/thumb/v7-m/nofp/libc.a(lib_a-mallocr.o)
                              /usr/lib/gcc/arm-none-eabi/9.2.1/../../../arm-none-eabi/lib/thumb/v7-m/nofp/libc.a(lib_a-malloc.o) (_malloc_r)
/usr/lib/gcc/arm-none-eabi/9.2.1/../../../arm-none-eabi/lib/thumb/v7-m/nofp/libc.a(lib_a-memmove.o)
                              /home/hades/bp/stm32//rtos/libwwg/libwwg.a(getline.o) (memmove)
/usr/lib/gcc/arm-none-eabi/9.2.1/../../../arm-none-eabi/lib/thumb/v7-m/nofp/libc.a(lib_a-mlock.o)
                              /usr/lib/gcc/arm-none-eabi/9.2.1/../../../arm-none-eabi/lib/thumb/v7-m/nofp/libc.a(lib_a-mallocr.o) (__malloc_lock)
/usr/lib/gcc/arm-none-eabi/9.2.1/../../../arm-none-eabi/lib/thumb/v7-m/nofp/libc.a(lib_a-sbrkr.o)
                              /usr/lib/gcc/arm-none-eabi/9.2.1/../../../arm-none-eabi/lib/thumb/v7-m/nofp/libc.a(lib_a-mallocr.o) (_sbrk_r)
/usr/lib/gcc/arm-none-eabi/9.2.1/../../../arm-none-eabi/lib/thumb/v7-m/nofp/libc.a(lib_a-strlen-stub.o)
                              /home/hades/bp/stm32//rtos/libwwg/libwwg.a(miniprintf.o) (strlen)
/usr/lib/gcc/arm-none-eabi/9.2.1/../../../arm-none-eabi/lib/thumb/v7-m/nofp/libc.a(lib_a-freer.o)
                              /usr/lib/gcc/arm-none-eabi/9.2.1/../../../arm-none-eabi/lib/thumb/v7-m/nofp/libc.a(lib_a-malloc.o) (_free_r)
/usr/lib/gcc/arm-none-eabi/9.2.1/../../../arm-none-eabi/lib/thumb/v7-m/nofp/libc.a(lib_a-impure.o)
[...]
Memory Configuration

Name             Origin             Length             Attributes
rom              0x0000000008000000 0x0000000000010000 xr
ram              0x0000000020000000 0x0000000000005000 xrw
*default*        0x0000000000000000 0xffffffffffffffff

Linker script and memory map

LOAD main.o
LOAD rtos/heap_4.o
LOAD rtos/list.o
LOAD rtos/port.o
LOAD rtos/queue.o
LOAD rtos/tasks.o
LOAD rtos/opencm3.o
LOAD rtos/usbcdc.o
START GROUP
LOAD /usr/lib/gcc/arm-none-eabi/9.2.1/../../../arm-none-eabi/lib/thumb/v7-m/nofp/libc.a
LOAD /usr/lib/gcc/arm-none-eabi/9.2.1/thumb/v7-m/nofp/libgcc.a
LOAD /usr/lib/gcc/arm-none-eabi/9.2.1/../../../arm-none-eabi/lib/thumb/v7-m/nofp/libnosys.a
END GROUP
LOAD /home/hades/bp/stm32//rtos/libwwg/libwwg.a
LOAD /home/hades/bp/stm32/libopencm3/lib/libopencm3_stm32f1.a
START GROUP
LOAD /usr/lib/gcc/arm-none-eabi/9.2.1/thumb/v7-m/nofp/libgcc.a
LOAD /usr/lib/gcc/arm-none-eabi/9.2.1/../../../arm-none-eabi/lib/thumb/v7-m/nofp/libc.a
END GROUP
START GROUP
LOAD /usr/lib/gcc/arm-none-eabi/9.2.1/thumb/v7-m/nofp/libgcc.a
LOAD /usr/lib/gcc/arm-none-eabi/9.2.1/../../../arm-none-eabi/lib/thumb/v7-m/nofp/libc.a
LOAD /usr/lib/gcc/arm-none-eabi/9.2.1/../../../arm-none-eabi/lib/thumb/v7-m/nofp/libnosys.a
END GROUP

.text           0x0000000008000000     0x3aa4
 *(.vectors)
 .vectors       0x0000000008000000      0x150 /home/hades/bp/stm32/libopencm3/lib/libopencm3_stm32f1.a(vector.o)
                0x0000000008000000                vector_table
 *(.text*)
 .text.mutex_lock
                0x0000000008000150       0x10 main.o
 .text.mutex_unlock
                0x0000000008000160       0x14 main.o
 .text.task3    0x0000000008000174       0x44 main.o
 .text.task2    0x00000000080001b8       0x7c main.o
 .text.task1    0x0000000008000234      0x130 main.o
 .text.rtc_isr  0x0000000008000364      0x10c main.o
                0x0000000008000364                rtc_isr
 .text.startup.main
                0x0000000008000470       0xb8 main.o
                0x0000000008000470                main
 .text.prvInsertBlockIntoFreeList
                0x0000000008000528       0x48 rtos/heap_4.o
 .text.pvPortMalloc
                0x0000000008000570       0xfc rtos/heap_4.o
                0x0000000008000570                pvPortMalloc
 .text.vPortFree
                0x000000000800066c       0x58 rtos/heap_4.o
                0x000000000800066c                vPortFree
 .text.vListInitialise
                0x00000000080006c4       0x16 rtos/list.o
                0x00000000080006c4                vListInitialise
 .text.vListInitialiseItem
                0x00000000080006da        0x6 rtos/list.o
                0x00000000080006da                vListInitialiseItem
 .text.vListInsertEnd
                0x00000000080006e0       0x18 rtos/list.o
                0x00000000080006e0                vListInsertEnd
 .text.vListInsert
                0x00000000080006f8       0x2e rtos/list.o
                0x00000000080006f8                vListInsert
 .text.uxListRemove
                0x0000000008000726       0x20 rtos/list.o
                0x0000000008000726                uxListRemove
 .text.prvTaskExitError
                0x0000000008000746       0x20 rtos/port.o
 *fill*         0x0000000008000766        0x2 
 .text.prvPortStartFirstTask
                0x0000000008000768       0x20 rtos/port.o
 .text.pxPortInitialiseStack
                0x0000000008000788       0x24 rtos/port.o
                0x0000000008000788                pxPortInitialiseStack
 *fill*         0x00000000080007ac        0x4 
 .text.vPortSVCHandler
                0x00000000080007b0       0x24 rtos/port.o
                0x00000000080007b0                vPortSVCHandler
 .text.vPortEnterCritical
                0x00000000080007d4       0x20 rtos/port.o
                0x00000000080007d4                vPortEnterCritical
 .text.vPortExitCritical
                0x00000000080007f4       0x14 rtos/port.o
                0x00000000080007f4                vPortExitCritical
 *fill*         0x0000000008000808        0x8 
 .text.xPortPendSVHandler
                0x0000000008000810       0x44 rtos/port.o
                0x0000000008000810                xPortPendSVHandler
 .text.xPortSysTickHandler
                0x0000000008000854       0x2c rtos/port.o
                0x0000000008000854                xPortSysTickHandler
 .text.vPortSetupTimerInterrupt
                0x0000000008000880       0x24 rtos/port.o
                0x0000000008000880                vPortSetupTimerInterrupt
 .text.xPortStartScheduler
                0x00000000080008a4       0x38 rtos/port.o
                0x00000000080008a4                xPortStartScheduler
 .text.prvIsQueueEmpty
                0x00000000080008dc       0x16 rtos/queue.o
 .text.prvCopyDataToQueue
                0x00000000080008f2       0x6a rtos/queue.o
 .text.prvCopyDataFromQueue
                0x000000000800095c       0x28 rtos/queue.o
 .text.prvUnlockQueue
                0x0000000008000984       0x70 rtos/queue.o
 .text.xQueueGenericReset
                0x00000000080009f4       0x6c rtos/queue.o
                0x00000000080009f4                xQueueGenericReset
 .text.xQueueGenericCreate
                0x0000000008000a60       0x2e rtos/queue.o
                0x0000000008000a60                xQueueGenericCreate
 *fill*         0x0000000008000a8e        0x2 
 .text.xQueueGenericSend
                0x0000000008000a90      0x104 rtos/queue.o
                0x0000000008000a90                xQueueGenericSend
 .text.xQueueCreateMutex
                0x0000000008000b94       0x24 rtos/queue.o
                0x0000000008000b94                xQueueCreateMutex
 .text.xQueueReceive
                0x0000000008000bb8       0xf0 rtos/queue.o
                0x0000000008000bb8                xQueueReceive
 .text.xQueueSemaphoreTake
                0x0000000008000ca8      0x128 rtos/queue.o
                0x0000000008000ca8                xQueueSemaphoreTake
 .text.xQueuePeek
                0x0000000008000dd0       0xf0 rtos/queue.o
                0x0000000008000dd0                xQueuePeek
 .text.uxQueueSpacesAvailable
                0x0000000008000ec0       0x16 rtos/queue.o
                0x0000000008000ec0                uxQueueSpacesAvailable
 *fill*         0x0000000008000ed6        0x2 
 .text.prvResetNextTaskUnblockTime
                0x0000000008000ed8       0x24 rtos/tasks.o
 .text.prvAddCurrentTaskToDelayedList
                0x0000000008000efc       0x8c rtos/tasks.o
 .text.prvIdleTask
                0x0000000008000f88       0x6c rtos/tasks.o
 .text.xTaskCreate
                0x0000000008000ff4      0x1b8 rtos/tasks.o
                0x0000000008000ff4                xTaskCreate
 .text.vTaskStartScheduler
                0x00000000080011ac       0x64 rtos/tasks.o
                0x00000000080011ac                vTaskStartScheduler
 .text.vTaskSuspendAll
                0x0000000008001210       0x10 rtos/tasks.o
                0x0000000008001210                vTaskSuspendAll
 .text.xTaskGetTickCount
                0x0000000008001220        0xc rtos/tasks.o
                0x0000000008001220                xTaskGetTickCount
 .text.xTaskIncrementTick
                0x000000000800122c      0x10c rtos/tasks.o
                0x000000000800122c                xTaskIncrementTick
 .text.xTaskResumeAll
                0x0000000008001338       0xd8 rtos/tasks.o
                0x0000000008001338                xTaskResumeAll
 .text.vTaskSwitchContext
                0x0000000008001410       0x60 rtos/tasks.o
                0x0000000008001410                vTaskSwitchContext
 .text.vTaskPlaceOnEventList
                0x0000000008001470       0x20 rtos/tasks.o
                0x0000000008001470                vTaskPlaceOnEventList
 .text.xTaskRemoveFromEventList
                0x0000000008001490       0x70 rtos/tasks.o
                0x0000000008001490                xTaskRemoveFromEventList
 .text.vTaskInternalSetTimeOutState
                0x0000000008001500       0x18 rtos/tasks.o
                0x0000000008001500                vTaskInternalSetTimeOutState
 .text.xTaskCheckForTimeOut
                0x0000000008001518       0x50 rtos/tasks.o
                0x0000000008001518                xTaskCheckForTimeOut
 .text.vTaskMissedYield
                0x0000000008001568        0xc rtos/tasks.o
                0x0000000008001568                vTaskMissedYield
 .text.xTaskPriorityInherit
                0x0000000008001574       0x98 rtos/tasks.o
                0x0000000008001574                xTaskPriorityInherit
 .text.xTaskPriorityDisinherit
                0x000000000800160c       0x68 rtos/tasks.o
                0x000000000800160c                xTaskPriorityDisinherit
 .text.vTaskPriorityDisinheritAfterTimeout
                0x0000000008001674       0x78 rtos/tasks.o
                0x0000000008001674                vTaskPriorityDisinheritAfterTimeout
 .text.pvTaskIncrementMutexHeldCount
                0x00000000080016ec       0x18 rtos/tasks.o
                0x00000000080016ec                pvTaskIncrementMutexHeldCount
 .text.ulTaskGenericNotifyTake
                0x0000000008001704       0x84 rtos/tasks.o
                0x0000000008001704                ulTaskGenericNotifyTake
 .text.vTaskGenericNotifyGiveFromISR
                0x0000000008001788       0xa4 rtos/tasks.o
                0x0000000008001788                vTaskGenericNotifyGiveFromISR
 .text.sv_call_handler
                0x000000000800182c        0x4 rtos/opencm3.o
                0x000000000800182c                sv_call_handler
 .text.pend_sv_handler
                0x0000000008001830        0x4 rtos/opencm3.o
                0x0000000008001830                pend_sv_handler
 .text.sys_tick_handler
                0x0000000008001834        0x4 rtos/opencm3.o
                0x0000000008001834                sys_tick_handler
 .text.cdcacm_control_request
                0x0000000008001838       0x1c rtos/usbcdc.o
 .text.usb_putc
                0x0000000008001854       0x5c rtos/usbcdc.o
                0x0000000008001854                usb_putc
 .text.usb_getc
                0x00000000080018b0       0x28 rtos/usbcdc.o
                0x00000000080018b0                usb_getc
 .text.usb_task
                0x00000000080018d8       0x64 rtos/usbcdc.o
 .text.cdcacm_set_config
                0x000000000800193c       0x54 rtos/usbcdc.o
 .text.cdcacm_data_rx_cb
                0x0000000008001990       0x48 rtos/usbcdc.o
 .text.usb_puts
                0x00000000080019d8       0x12 rtos/usbcdc.o
                0x00000000080019d8                usb_puts
 *fill*         0x00000000080019ea        0x2 
 .text.usb_vprintf
                0x00000000080019ec       0x10 rtos/usbcdc.o
                0x00000000080019ec                usb_vprintf
 .text.usb_write
                0x00000000080019fc       0x24 rtos/usbcdc.o
                0x00000000080019fc                usb_write
 .text.usb_peek
                0x0000000008001a20       0x24 rtos/usbcdc.o
                0x0000000008001a20                usb_peek
 .text.usb_gets
                0x0000000008001a44       0x4c rtos/usbcdc.o
                0x0000000008001a44                usb_gets
 .text.usb_getline
                0x0000000008001a90       0x10 rtos/usbcdc.o
                0x0000000008001a90                usb_getline
 .text.usb_start
                0x0000000008001aa0       0x98 rtos/usbcdc.o
                0x0000000008001aa0                usb_start
 .text          0x0000000008001b38       0xec /usr/lib/gcc/arm-none-eabi/9.2.1/../../../arm-none-eabi/lib/thumb/v7-m/nofp/libc.a(lib_a-memcpy.o)
                0x0000000008001b38                memcpy
 .text.mini_write
                0x0000000008001c24       0x16 /home/hades/bp/stm32//rtos/libwwg/libwwg.a(miniprintf.o)
 .text.mini_putc
                0x0000000008001c3a       0x2a /home/hades/bp/stm32//rtos/libwwg/libwwg.a(miniprintf.o)
 .text.mini_pad
                0x0000000008001c64       0x24 /home/hades/bp/stm32//rtos/libwwg/libwwg.a(miniprintf.o)
 .text.internal_vprintf
                0x0000000008001c88      0x1f0 /home/hades/bp/stm32//rtos/libwwg/libwwg.a(miniprintf.o)
 .text.mini_vprintf_cooked
                0x0000000008001e78       0x30 /home/hades/bp/stm32//rtos/libwwg/libwwg.a(miniprintf.o)
                0x0000000008001e78                mini_vprintf_cooked
 .text.std_printf
                0x0000000008001ea8       0x24 /home/hades/bp/stm32//rtos/libwwg/libwwg.a(mcuio.o)
                0x0000000008001ea8                std_printf
 .text.getline  0x0000000008001ecc      0x18e /home/hades/bp/stm32//rtos/libwwg/libwwg.a(getline.o)
                0x0000000008001ecc                getline
 *fill*         0x000000000800205a        0x2 
 .text.uart_common_isr
                0x000000000800205c       0x44 /home/hades/bp/stm32//rtos/libwwg/libwwg.a(uartlib.o)
 .text.usart1_isr
                0x00000000080020a0        0x6 /home/hades/bp/stm32//rtos/libwwg/libwwg.a(uartlib.o)
                0x00000000080020a0                usart1_isr
 .text.usart2_isr
                0x00000000080020a6        0x6 /home/hades/bp/stm32//rtos/libwwg/libwwg.a(uartlib.o)
                0x00000000080020a6                usart2_isr
 .text.usart3_isr
                0x00000000080020ac        0x6 /home/hades/bp/stm32//rtos/libwwg/libwwg.a(uartlib.o)
                0x00000000080020ac                usart3_isr
 *fill*         0x00000000080020b2        0x2 
 .text.putc_uart
                0x00000000080020b4       0x34 /home/hades/bp/stm32//rtos/libwwg/libwwg.a(uartlib.o)
                0x00000000080020b4                putc_uart
 .text.uart1_putc
                0x00000000080020e8       0x1c /home/hades/bp/stm32//rtos/libwwg/libwwg.a(uartlib.o)
                0x00000000080020e8                uart1_putc
 .text.uart2_putc
                0x0000000008002104       0x1c /home/hades/bp/stm32//rtos/libwwg/libwwg.a(uartlib.o)
                0x0000000008002104                uart2_putc
 .text.uart3_putc
                0x0000000008002120       0x1c /home/hades/bp/stm32//rtos/libwwg/libwwg.a(uartlib.o)
                0x0000000008002120                uart3_putc
 .text.getc_uart
                0x000000000800213c       0x4c /home/hades/bp/stm32//rtos/libwwg/libwwg.a(uartlib.o)
                0x000000000800213c                getc_uart
 .text.uart1_getc
                0x0000000008002188        0xa /home/hades/bp/stm32//rtos/libwwg/libwwg.a(uartlib.o)
                0x0000000008002188                uart1_getc
 .text.uart2_getc
                0x0000000008002192        0xa /home/hades/bp/stm32//rtos/libwwg/libwwg.a(uartlib.o)
                0x0000000008002192                uart2_getc
 .text.uart3_getc
                0x000000000800219c        0xa /home/hades/bp/stm32//rtos/libwwg/libwwg.a(uartlib.o)
                0x000000000800219c                uart3_getc
 .text.gpio_set_mode
                0x00000000080021a6       0x5e /home/hades/bp/stm32/libopencm3/lib/libopencm3_stm32f1.a(gpio.o)
                0x00000000080021a6                gpio_set_mode
 .text.gpio_clear
                0x0000000008002204        0x6 /home/hades/bp/stm32/libopencm3/lib/libopencm3_stm32f1.a(gpio_common_all.o)
                0x0000000008002204                gpio_clear
 .text.gpio_toggle
                0x000000000800220a       0x12 /home/hades/bp/stm32/libopencm3/lib/libopencm3_stm32f1.a(gpio_common_all.o)
                0x000000000800220a                gpio_toggle
 .text.rcc_is_osc_ready
                0x000000000800221c       0x58 /home/hades/bp/stm32/libopencm3/lib/libopencm3_stm32f1.a(rcc.o)
                0x000000000800221c                rcc_is_osc_ready
 .text.rcc_wait_for_osc_ready
                0x0000000008002274       0x10 /home/hades/bp/stm32/libopencm3/lib/libopencm3_stm32f1.a(rcc.o)
                0x0000000008002274                rcc_wait_for_osc_ready
 .text.rcc_osc_on
                0x0000000008002284       0x60 /home/hades/bp/stm32/libopencm3/lib/libopencm3_stm32f1.a(rcc.o)
                0x0000000008002284                rcc_osc_on
 .text.rcc_set_sysclk_source
                0x00000000080022e4       0x14 /home/hades/bp/stm32/libopencm3/lib/libopencm3_stm32f1.a(rcc.o)
                0x00000000080022e4                rcc_set_sysclk_source
 .text.rcc_set_pll_multiplication_factor
                0x00000000080022f8       0x14 /home/hades/bp/stm32/libopencm3/lib/libopencm3_stm32f1.a(rcc.o)
                0x00000000080022f8                rcc_set_pll_multiplication_factor
 .text.rcc_set_pll_source
                0x000000000800230c       0x14 /home/hades/bp/stm32/libopencm3/lib/libopencm3_stm32f1.a(rcc.o)
                0x000000000800230c                rcc_set_pll_source
 .text.rcc_set_pllxtpre
                0x0000000008002320       0x14 /home/hades/bp/stm32/libopencm3/lib/libopencm3_stm32f1.a(rcc.o)
                0x0000000008002320                rcc_set_pllxtpre
 .text.rcc_enable_rtc_clock
                0x0000000008002334       0x10 /home/hades/bp/stm32/libopencm3/lib/libopencm3_stm32f1.a(rcc.o)
                0x0000000008002334                rcc_enable_rtc_clock
 .text.rcc_set_rtc_clock_source
                0x0000000008002344       0x84 /home/hades/bp/stm32/libopencm3/lib/libopencm3_stm32f1.a(rcc.o)
                0x0000000008002344                rcc_set_rtc_clock_source
 .text.rcc_set_adcpre
                0x00000000080023c8       0x14 /home/hades/bp/stm32/libopencm3/lib/libopencm3_stm32f1.a(rcc.o)
                0x00000000080023c8                rcc_set_adcpre
 .text.rcc_set_ppre2
                0x00000000080023dc       0x14 /home/hades/bp/stm32/libopencm3/lib/libopencm3_stm32f1.a(rcc.o)
                0x00000000080023dc                rcc_set_ppre2
 .text.rcc_set_ppre1
                0x00000000080023f0       0x14 /home/hades/bp/stm32/libopencm3/lib/libopencm3_stm32f1.a(rcc.o)
                0x00000000080023f0                rcc_set_ppre1
 .text.rcc_set_hpre
                0x0000000008002404       0x14 /home/hades/bp/stm32/libopencm3/lib/libopencm3_stm32f1.a(rcc.o)
                0x0000000008002404                rcc_set_hpre
 .text.rcc_clock_setup_in_hse_8mhz_out_72mhz
                0x0000000008002418       0x88 /home/hades/bp/stm32/libopencm3/lib/libopencm3_stm32f1.a(rcc.o)
                0x0000000008002418                rcc_clock_setup_in_hse_8mhz_out_72mhz
 .text.rcc_periph_clock_enable
                0x00000000080024a0       0x1c /home/hades/bp/stm32/libopencm3/lib/libopencm3_stm32f1.a(rcc_common_all.o)
                0x00000000080024a0                rcc_periph_clock_enable
 .text.rtc_enter_config_mode
                0x00000000080024bc       0x1c /home/hades/bp/stm32/libopencm3/lib/libopencm3_stm32f1.a(rtc.o)
                0x00000000080024bc                rtc_enter_config_mode
 .text.rtc_exit_config_mode
                0x00000000080024d8       0x1c /home/hades/bp/stm32/libopencm3/lib/libopencm3_stm32f1.a(rtc.o)
                0x00000000080024d8                rtc_exit_config_mode
 .text.rtc_awake_from_off
                0x00000000080024f4       0x6c /home/hades/bp/stm32/libopencm3/lib/libopencm3_stm32f1.a(rtc.o)
                0x00000000080024f4                rtc_awake_from_off
 .text.rtc_set_alarm_time
                0x0000000008002560       0x20 /home/hades/bp/stm32/libopencm3/lib/libopencm3_stm32f1.a(rtc.o)
                0x0000000008002560                rtc_set_alarm_time
 .text.rtc_enable_alarm
                0x0000000008002580       0x20 /home/hades/bp/stm32/libopencm3/lib/libopencm3_stm32f1.a(rtc.o)
                0x0000000008002580                rtc_enable_alarm
 .text.rtc_disable_alarm
                0x00000000080025a0       0x20 /home/hades/bp/stm32/libopencm3/lib/libopencm3_stm32f1.a(rtc.o)
                0x00000000080025a0                rtc_disable_alarm
 .text.rtc_set_prescale_val
                0x00000000080025c0       0x24 /home/hades/bp/stm32/libopencm3/lib/libopencm3_stm32f1.a(rtc.o)
                0x00000000080025c0                rtc_set_prescale_val
 .text.rtc_get_counter_val
                0x00000000080025e4       0x14 /home/hades/bp/stm32/libopencm3/lib/libopencm3_stm32f1.a(rtc.o)
                0x00000000080025e4                rtc_get_counter_val
 .text.rtc_set_counter_val
                0x00000000080025f8       0x20 /home/hades/bp/stm32/libopencm3/lib/libopencm3_stm32f1.a(rtc.o)
                0x00000000080025f8                rtc_set_counter_val
 .text.rtc_interrupt_enable
                0x0000000008002618       0x44 /home/hades/bp/stm32/libopencm3/lib/libopencm3_stm32f1.a(rtc.o)
                0x0000000008002618                rtc_interrupt_enable
 .text.rtc_interrupt_disable
                0x000000000800265c       0x44 /home/hades/bp/stm32/libopencm3/lib/libopencm3_stm32f1.a(rtc.o)
                0x000000000800265c                rtc_interrupt_disable
 .text.rtc_clear_flag
                0x00000000080026a0       0x38 /home/hades/bp/stm32/libopencm3/lib/libopencm3_stm32f1.a(rtc.o)
                0x00000000080026a0                rtc_clear_flag
 .text.rtc_check_flag
                0x00000000080026d8       0x38 /home/hades/bp/stm32/libopencm3/lib/libopencm3_stm32f1.a(rtc.o)
                0x00000000080026d8                rtc_check_flag
 .text.usart_send_blocking
                0x0000000008002710       0x16 /home/hades/bp/stm32/libopencm3/lib/libopencm3_stm32f1.a(usart_common_all.o)
                0x0000000008002710                usart_send_blocking
 .text.usart_send
                0x0000000008002726        0x8 /home/hades/bp/stm32/libopencm3/lib/libopencm3_stm32f1.a(usart_common_f124.o)
                0x0000000008002726                usart_send
 .text.usart_wait_send_ready
                0x000000000800272e        0x8 /home/hades/bp/stm32/libopencm3/lib/libopencm3_stm32f1.a(usart_common_f124.o)
                0x000000000800272e                usart_wait_send_ready
 *fill*         0x0000000008002736        0x2 
 .text.usbd_init
                0x0000000008002738       0x54 /home/hades/bp/stm32/libopencm3/lib/libopencm3_stm32f1.a(usb.o)
                0x0000000008002738                usbd_init
 .text.usbd_poll
                0x000000000800278c        0x8 /home/hades/bp/stm32/libopencm3/lib/libopencm3_stm32f1.a(usb.o)
                0x000000000800278c                usbd_poll
 .text.usbd_ep_setup
                0x0000000008002794        0xe /home/hades/bp/stm32/libopencm3/lib/libopencm3_stm32f1.a(usb.o)
                0x0000000008002794                usbd_ep_setup
 .text._usbd_reset
                0x00000000080027a2       0x32 /home/hades/bp/stm32/libopencm3/lib/libopencm3_stm32f1.a(usb.o)
                0x00000000080027a2                _usbd_reset
 .text.usbd_ep_write_packet
                0x00000000080027d4        0xe /home/hades/bp/stm32/libopencm3/lib/libopencm3_stm32f1.a(usb.o)
                0x00000000080027d4                usbd_ep_write_packet
 .text.usbd_ep_read_packet
                0x00000000080027e2        0xe /home/hades/bp/stm32/libopencm3/lib/libopencm3_stm32f1.a(usb.o)
                0x00000000080027e2                usbd_ep_read_packet
 .text.usbd_ep_stall_set
                0x00000000080027f0        0x8 /home/hades/bp/stm32/libopencm3/lib/libopencm3_stm32f1.a(usb.o)
                0x00000000080027f0                usbd_ep_stall_set
 .text.usbd_ep_stall_get
                0x00000000080027f8        0x8 /home/hades/bp/stm32/libopencm3/lib/libopencm3_stm32f1.a(usb.o)
                0x00000000080027f8                usbd_ep_stall_get
 .text.usbd_ep_nak_set
                0x0000000008002800        0x8 /home/hades/bp/stm32/libopencm3/lib/libopencm3_stm32f1.a(usb.o)
                0x0000000008002800                usbd_ep_nak_set
 .text.usb_control_send_chunk
                0x0000000008002808       0x52 /home/hades/bp/stm32/libopencm3/lib/libopencm3_stm32f1.a(usb_control.o)
 .text.usb_control_request_dispatch
                0x000000000800285a       0x60 /home/hades/bp/stm32/libopencm3/lib/libopencm3_stm32f1.a(usb_control.o)
 .text.stall_transaction
                0x00000000080028ba       0x14 /home/hades/bp/stm32/libopencm3/lib/libopencm3_stm32f1.a(usb_control.o)
 .text.usb_control_recv_chunk
                0x00000000080028ce       0x3c /home/hades/bp/stm32/libopencm3/lib/libopencm3_stm32f1.a(usb_control.o)
 .text.usb_control_setup_read
                0x000000000800290a       0x66 /home/hades/bp/stm32/libopencm3/lib/libopencm3_stm32f1.a(usb_control.o)
 .text.usbd_register_control_callback
                0x0000000008002970       0x2c /home/hades/bp/stm32/libopencm3/lib/libopencm3_stm32f1.a(usb_control.o)
                0x0000000008002970                usbd_register_control_callback
 .text._usbd_control_setup
                0x000000000800299c       0x60 /home/hades/bp/stm32/libopencm3/lib/libopencm3_stm32f1.a(usb_control.o)
                0x000000000800299c                _usbd_control_setup
 .text._usbd_control_out
                0x00000000080029fc       0x82 /home/hades/bp/stm32/libopencm3/lib/libopencm3_stm32f1.a(usb_control.o)
                0x00000000080029fc                _usbd_control_out
 .text._usbd_control_in
                0x0000000008002a7e       0x64 /home/hades/bp/stm32/libopencm3/lib/libopencm3_stm32f1.a(usb_control.o)
                0x0000000008002a7e                _usbd_control_in
 .text.usb_standard_set_address
                0x0000000008002ae2       0x28 /home/hades/bp/stm32/libopencm3/lib/libopencm3_stm32f1.a(usb_standard.o)
 .text.usb_standard_set_configuration
                0x0000000008002b0a       0x92 /home/hades/bp/stm32/libopencm3/lib/libopencm3_stm32f1.a(usb_standard.o)
 .text.usb_standard_get_configuration
                0x0000000008002b9c       0x22 /home/hades/bp/stm32/libopencm3/lib/libopencm3_stm32f1.a(usb_standard.o)
 .text.usb_standard_set_interface
                0x0000000008002bbe       0x50 /home/hades/bp/stm32/libopencm3/lib/libopencm3_stm32f1.a(usb_standard.o)
 .text.usb_standard_get_interface
                0x0000000008002c0e       0x34 /home/hades/bp/stm32/libopencm3/lib/libopencm3_stm32f1.a(usb_standard.o)
 .text.usb_standard_device_get_status
                0x0000000008002c42       0x18 /home/hades/bp/stm32/libopencm3/lib/libopencm3_stm32f1.a(usb_standard.o)
 .text.usb_standard_endpoint_get_status
                0x0000000008002c5a       0x2a /home/hades/bp/stm32/libopencm3/lib/libopencm3_stm32f1.a(usb_standard.o)
 .text.usb_standard_endpoint_stall
                0x0000000008002c84       0x10 /home/hades/bp/stm32/libopencm3/lib/libopencm3_stm32f1.a(usb_standard.o)
 .text.usb_standard_endpoint_unstall
                0x0000000008002c94       0x10 /home/hades/bp/stm32/libopencm3/lib/libopencm3_stm32f1.a(usb_standard.o)
 .text.usb_standard_get_descriptor
                0x0000000008002ca4      0x2a6 /home/hades/bp/stm32/libopencm3/lib/libopencm3_stm32f1.a(usb_standard.o)
 .text.usb_standard_interface_get_status
                0x0000000008002f4a       0x18 /home/hades/bp/stm32/libopencm3/lib/libopencm3_stm32f1.a(usb_standard.o)
 .text.usbd_register_set_config_callback
                0x0000000008002f62       0x2c /home/hades/bp/stm32/libopencm3/lib/libopencm3_stm32f1.a(usb_standard.o)
                0x0000000008002f62                usbd_register_set_config_callback
 *fill*         0x0000000008002f8e        0x2 
 .text._usbd_standard_request_device
                0x0000000008002f90       0x48 /home/hades/bp/stm32/libopencm3/lib/libopencm3_stm32f1.a(usb_standard.o)
                0x0000000008002f90                _usbd_standard_request_device
 .text._usbd_standard_request_interface
                0x0000000008002fd8       0x30 /home/hades/bp/stm32/libopencm3/lib/libopencm3_stm32f1.a(usb_standard.o)
                0x0000000008002fd8                _usbd_standard_request_interface
 .text._usbd_standard_request_endpoint
                0x0000000008003008       0x3c /home/hades/bp/stm32/libopencm3/lib/libopencm3_stm32f1.a(usb_standard.o)
                0x0000000008003008                _usbd_standard_request_endpoint
 .text._usbd_standard_request
                0x0000000008003044       0x30 /home/hades/bp/stm32/libopencm3/lib/libopencm3_stm32f1.a(usb_standard.o)
                0x0000000008003044                _usbd_standard_request
 .text.st_usbfs_v1_usbd_init
                0x0000000008003074       0x30 /home/hades/bp/stm32/libopencm3/lib/libopencm3_stm32f1.a(st_usbfs_v1.o)
 .text.st_usbfs_copy_to_pm
                0x00000000080030a4       0x18 /home/hades/bp/stm32/libopencm3/lib/libopencm3_stm32f1.a(st_usbfs_v1.o)
                0x00000000080030a4                st_usbfs_copy_to_pm
 .text.st_usbfs_copy_from_pm
                0x00000000080030bc       0x26 /home/hades/bp/stm32/libopencm3/lib/libopencm3_stm32f1.a(st_usbfs_v1.o)
                0x00000000080030bc                st_usbfs_copy_from_pm
 .text.blocking_handler
                0x00000000080030e2        0x2 /home/hades/bp/stm32/libopencm3/lib/libopencm3_stm32f1.a(vector.o)
                0x00000000080030e2                tim7_isr
                0x00000000080030e2                adc1_2_isr
                0x00000000080030e2                tim1_trg_com_isr
                0x00000000080030e2                usb_hp_can_tx_isr
                0x00000000080030e2                tim6_isr
                0x00000000080030e2                usb_wakeup_isr
                0x00000000080030e2                blocking_handler
                0x00000000080030e2                tim5_isr
                0x00000000080030e2                otg_fs_isr
                0x00000000080030e2                spi1_isr
                0x00000000080030e2                exti2_isr
                0x00000000080030e2                dma1_channel6_isr
                0x00000000080030e2                can_rx1_isr
                0x00000000080030e2                dma1_channel5_isr
                0x00000000080030e2                dma2_channel5_isr
                0x00000000080030e2                usage_fault_handler
                0x00000000080030e2                tim8_trg_com_isr
                0x00000000080030e2                can2_rx0_isr
                0x00000000080030e2                tim1_brk_isr
                0x00000000080030e2                can2_rx1_isr
                0x00000000080030e2                tim1_cc_isr
                0x00000000080030e2                sdio_isr
                0x00000000080030e2                eth_isr
                0x00000000080030e2                dma1_channel4_isr
                0x00000000080030e2                tim8_brk_isr
                0x00000000080030e2                dma2_channel4_5_isr
                0x00000000080030e2                pvd_isr
                0x00000000080030e2                rcc_isr
                0x00000000080030e2                flash_isr
                0x00000000080030e2                uart4_isr
                0x00000000080030e2                rtc_alarm_isr
                0x00000000080030e2                exti15_10_isr
                0x00000000080030e2                hard_fault_handler
                0x00000000080030e2                exti1_isr
                0x00000000080030e2                i2c1_ev_isr
                0x00000000080030e2                dma2_channel1_isr
                0x00000000080030e2                spi2_isr
                0x00000000080030e2                tim8_up_isr
                0x00000000080030e2                dma2_channel2_isr
                0x00000000080030e2                exti3_isr
                0x00000000080030e2                adc3_isr
                0x00000000080030e2                tim3_isr
                0x00000000080030e2                usb_lp_can_rx0_isr
                0x00000000080030e2                i2c2_er_isr
                0x00000000080030e2                i2c2_ev_isr
                0x00000000080030e2                uart5_isr
                0x00000000080030e2                fsmc_isr
                0x00000000080030e2                dma1_channel1_isr
                0x00000000080030e2                exti4_isr
                0x00000000080030e2                mem_manage_handler
                0x00000000080030e2                can2_tx_isr
                0x00000000080030e2                exti9_5_isr
                0x00000000080030e2                dma2_channel3_isr
                0x00000000080030e2                dma1_channel7_isr
                0x00000000080030e2                tim1_up_isr
                0x00000000080030e2                can2_sce_isr
                0x00000000080030e2                tim4_isr
                0x00000000080030e2                dma1_channel2_isr
                0x00000000080030e2                i2c1_er_isr
                0x00000000080030e2                can_sce_isr
                0x00000000080030e2                tim8_cc_isr
                0x00000000080030e2                tamper_isr
                0x00000000080030e2                eth_wkup_isr
                0x00000000080030e2                bus_fault_handler
                0x00000000080030e2                wwdg_isr
                0x00000000080030e2                dma1_channel3_isr
                0x00000000080030e2                spi3_isr
                0x00000000080030e2                tim2_isr
                0x00000000080030e2                exti0_isr
 .text.null_handler
                0x00000000080030e4        0x2 /home/hades/bp/stm32/libopencm3/lib/libopencm3_stm32f1.a(vector.o)
                0x00000000080030e4                null_handler
                0x00000000080030e4                debug_monitor_handler
                0x00000000080030e4                nmi_handler
 *fill*         0x00000000080030e6        0x2 
 .text.reset_handler
                0x00000000080030e8       0x94 /home/hades/bp/stm32/libopencm3/lib/libopencm3_stm32f1.a(vector.o)
                0x00000000080030e8                reset_handler
 .text.nvic_enable_irq
                0x000000000800317c       0x1a /home/hades/bp/stm32/libopencm3/lib/libopencm3_stm32f1.a(nvic.o)
                0x000000000800317c                nvic_enable_irq
 *fill*         0x0000000008003196        0x2 
 .text.flash_set_ws
                0x0000000008003198       0x14 /home/hades/bp/stm32/libopencm3/lib/libopencm3_stm32f1.a(flash_common_all.o)
                0x0000000008003198                flash_set_ws
 .text.pwr_disable_backup_domain_write_protect
                0x00000000080031ac       0x10 /home/hades/bp/stm32/libopencm3/lib/libopencm3_stm32f1.a(pwr_common_v1.o)
                0x00000000080031ac                pwr_disable_backup_domain_write_protect
 .text.st_usbfs_set_address
                0x00000000080031bc       0x10 /home/hades/bp/stm32/libopencm3/lib/libopencm3_stm32f1.a(st_usbfs_core.o)
                0x00000000080031bc                st_usbfs_set_address
 .text.st_usbfs_set_ep_rx_bufsize
                0x00000000080031cc       0x44 /home/hades/bp/stm32/libopencm3/lib/libopencm3_stm32f1.a(st_usbfs_core.o)
                0x00000000080031cc                st_usbfs_set_ep_rx_bufsize
 .text.st_usbfs_ep_setup
                0x0000000008003210      0x138 /home/hades/bp/stm32/libopencm3/lib/libopencm3_stm32f1.a(st_usbfs_core.o)
                0x0000000008003210                st_usbfs_ep_setup
 .text.st_usbfs_endpoints_reset
                0x0000000008003348       0x44 /home/hades/bp/stm32/libopencm3/lib/libopencm3_stm32f1.a(st_usbfs_core.o)
                0x0000000008003348                st_usbfs_endpoints_reset
 .text.st_usbfs_ep_stall_set
                0x000000000800338c       0xc4 /home/hades/bp/stm32/libopencm3/lib/libopencm3_stm32f1.a(st_usbfs_core.o)
                0x000000000800338c                st_usbfs_ep_stall_set
 .text.st_usbfs_ep_stall_get
                0x0000000008003450       0x38 /home/hades/bp/stm32/libopencm3/lib/libopencm3_stm32f1.a(st_usbfs_core.o)
                0x0000000008003450                st_usbfs_ep_stall_get
 .text.st_usbfs_ep_nak_set
                0x0000000008003488       0x3c /home/hades/bp/stm32/libopencm3/lib/libopencm3_stm32f1.a(st_usbfs_core.o)
                0x0000000008003488                st_usbfs_ep_nak_set
 .text.st_usbfs_ep_write_packet
                0x00000000080034c4       0x88 /home/hades/bp/stm32/libopencm3/lib/libopencm3_stm32f1.a(st_usbfs_core.o)
                0x00000000080034c4                st_usbfs_ep_write_packet
 .text.st_usbfs_ep_read_packet
                0x000000000800354c       0xb4 /home/hades/bp/stm32/libopencm3/lib/libopencm3_stm32f1.a(st_usbfs_core.o)
                0x000000000800354c                st_usbfs_ep_read_packet
 .text.st_usbfs_poll
                0x0000000008003600       0xf4 /home/hades/bp/stm32/libopencm3/lib/libopencm3_stm32f1.a(st_usbfs_core.o)
                0x0000000008003600                st_usbfs_poll
 .text          0x00000000080036f4       0xcc /usr/lib/gcc/arm-none-eabi/9.2.1/../../../arm-none-eabi/lib/thumb/v7-m/nofp/libc.a(lib_a-memmove.o)
                0x00000000080036f4                memmove
 .text          0x00000000080037c0       0x5c /usr/lib/gcc/arm-none-eabi/9.2.1/../../../arm-none-eabi/lib/thumb/v7-m/nofp/libc.a(lib_a-strlen-stub.o)
                0x00000000080037c0                strlen
                0x000000000800381c                . = ALIGN (0x4)
 *(.rodata*)
 .rodata.task3.str1.1
                0x000000000800381c       0x2a main.o
 .rodata.task2.str1.1
                0x0000000008003846       0x48 main.o
 .rodata.task1.str1.1
                0x000000000800388e       0x92 main.o
 .rodata.main.str1.1
                0x0000000008003920       0x12 main.o
 .rodata.vTaskStartScheduler.str1.1
                0x0000000008003932        0x5 rtos/tasks.o
 .rodata.usb_start.str1.1
                0x0000000008003937        0x4 rtos/usbcdc.o
 .rodata.str1.1
                0x000000000800393b       0x29 rtos/usbcdc.o
 .rodata.cdcacm_functional_descriptors
                0x0000000008003964       0x13 rtos/usbcdc.o
 .rodata.comm_endp
                0x0000000008003977        0xf rtos/usbcdc.o
 .rodata.comm_iface
                0x0000000008003986       0x15 rtos/usbcdc.o
 .rodata.config
                0x000000000800399b        0xd rtos/usbcdc.o
 .rodata.cr.5698
                0x00000000080039a8        0x1 rtos/usbcdc.o
 .rodata.data_endp
                0x00000000080039a9       0x1e rtos/usbcdc.o
 .rodata.data_iface
                0x00000000080039c7       0x15 rtos/usbcdc.o
 .rodata.dev    0x00000000080039dc       0x12 rtos/usbcdc.o
 *fill*         0x00000000080039ee        0x2 
 .rodata.ifaces
                0x00000000080039f0       0x20 rtos/usbcdc.o
 .rodata.internal_vprintf.str1.1
                0x0000000008003a10        0x3 /home/hades/bp/stm32//rtos/libwwg/libwwg.a(miniprintf.o)
 *fill*         0x0000000008003a13        0x1 
 .rodata.dev_usb
                0x0000000008003a14       0x20 /home/hades/bp/stm32//rtos/libwwg/libwwg.a(mcuio.o)
 .rodata.uarts  0x0000000008003a34       0x3c /home/hades/bp/stm32//rtos/libwwg/libwwg.a(uartlib.o)
 .rodata.st_usbfs_v1_usb_driver
                0x0000000008003a70       0x34 /home/hades/bp/stm32/libopencm3/lib/libopencm3_stm32f1.a(st_usbfs_v1.o)
                0x0000000008003a70                st_usbfs_v1_usb_driver
                0x0000000008003aa4                . = ALIGN (0x4)

.glue_7         0x0000000008003aa4        0x0
 .glue_7        0x0000000008003aa4        0x0 linker stubs

.glue_7t        0x0000000008003aa4        0x0
 .glue_7t       0x0000000008003aa4        0x0 linker stubs

.vfp11_veneer   0x0000000008003aa4        0x0
 .vfp11_veneer  0x0000000008003aa4        0x0 linker stubs

.v4_bx          0x0000000008003aa4        0x0
 .v4_bx         0x0000000008003aa4        0x0 linker stubs

.iplt           0x0000000008003aa4        0x0
 .iplt          0x0000000008003aa4        0x0 main.o

.rel.dyn        0x0000000008003aa4        0x0
 .rel.iplt      0x0000000008003aa4        0x0 main.o

.preinit_array  0x0000000008003aa4        0x0
                0x0000000008003aa4                . = ALIGN (0x4)
                0x0000000008003aa4                __preinit_array_start = .
 *(.preinit_array)
                0x0000000008003aa4                __preinit_array_end = .

.init_array     0x0000000008003aa4        0x0
                0x0000000008003aa4                . = ALIGN (0x4)
                0x0000000008003aa4                __init_array_start = .
 *(SORT_BY_NAME(.init_array.*))
 *(.init_array)
                0x0000000008003aa4                __init_array_end = .

.fini_array     0x0000000008003aa4        0x0
                0x0000000008003aa4                . = ALIGN (0x4)
                0x0000000008003aa4                __fini_array_start = .
 *(.fini_array)
 *(SORT_BY_NAME(.fini_array.*))
                0x0000000008003aa4                __fini_array_end = .

.ARM.extab
 *(.ARM.extab*)

.ARM.exidx      0x0000000008003aa4        0x0
                0x0000000008003aa4                __exidx_start = .
 *(.ARM.exidx*)
                0x0000000008003aa4                __exidx_end = .
                0x0000000008003aa4                . = ALIGN (0x4)
                0x0000000008003aa4                _etext = .

.data           0x0000000020000000       0x28 load address 0x0000000008003aa4
                0x0000000020000000                _data = .
 *(.data*)
 .data.uxCriticalNesting
                0x0000000020000000        0x4 rtos/port.o
 .data.uxTopUsedPriority
                0x0000000020000004        0x4 rtos/tasks.o
                0x0000000020000004                uxTopUsedPriority
 .data.usb_strings
                0x0000000020000008        0xc rtos/usbcdc.o
 .data.mcu_stdio
                0x0000000020000014        0x4 /home/hades/bp/stm32//rtos/libwwg/libwwg.a(mcuio.o)
                0x0000000020000014                mcu_stdio
 .data.mcu_usb  0x0000000020000018        0x4 /home/hades/bp/stm32//rtos/libwwg/libwwg.a(mcuio.o)
                0x0000000020000018                mcu_usb
 .data.rcc_ahb_frequency
                0x000000002000001c        0x4 /home/hades/bp/stm32/libopencm3/lib/libopencm3_stm32f1.a(rcc.o)
                0x000000002000001c                rcc_ahb_frequency
 .data.rcc_apb1_frequency
                0x0000000020000020        0x4 /home/hades/bp/stm32/libopencm3/lib/libopencm3_stm32f1.a(rcc.o)
                0x0000000020000020                rcc_apb1_frequency
 .data.rcc_apb2_frequency
                0x0000000020000024        0x4 /home/hades/bp/stm32/libopencm3/lib/libopencm3_stm32f1.a(rcc.o)
                0x0000000020000024                rcc_apb2_frequency
                0x0000000020000028                . = ALIGN (0x4)
                0x0000000020000028                _edata = .
                0x0000000008003aa4                _data_loadaddr = LOADADDR (.data)

.igot.plt       0x0000000020000028        0x0 load address 0x0000000008003acc
 .igot.plt      0x0000000020000028        0x0 main.o

.bss            0x0000000020000028     0x46f4 load address 0x0000000008003acc
 *(.bss*)
 .bss.alarm     0x0000000020000028        0x4 main.o
 .bss.days      0x000000002000002c        0x4 main.o
 .bss.h_mutex   0x0000000020000030        0x4 main.o
 .bss.h_task2   0x0000000020000034        0x4 main.o
 .bss.h_task3   0x0000000020000038        0x4 main.o
 .bss.hours     0x000000002000003c        0x4 main.o
 .bss.minutes   0x0000000020000040        0x4 main.o
 .bss.rtc_alarm_count
                0x0000000020000044        0x4 main.o
 .bss.rtc_isr_count
                0x0000000020000048        0x4 main.o
 .bss.rtc_overflow_count
                0x000000002000004c        0x4 main.o
 .bss.seconds   0x0000000020000050        0x4 main.o
 .bss.pxEnd     0x0000000020000054        0x4 rtos/heap_4.o
 .bss.ucHeap    0x0000000020000058     0x4400 rtos/heap_4.o
 .bss.xBlockAllocatedBit
                0x0000000020004458        0x4 rtos/heap_4.o
 .bss.xFreeBytesRemaining
                0x000000002000445c        0x4 rtos/heap_4.o
 .bss.xMinimumEverFreeBytesRemaining
                0x0000000020004460        0x4 rtos/heap_4.o
 .bss.xNumberOfSuccessfulAllocations
                0x0000000020004464        0x4 rtos/heap_4.o
 .bss.xNumberOfSuccessfulFrees
                0x0000000020004468        0x4 rtos/heap_4.o
 .bss.xStart    0x000000002000446c        0x8 rtos/heap_4.o
 .bss.pxCurrentTCB
                0x0000000020004474        0x4 rtos/tasks.o
                0x0000000020004474                pxCurrentTCB
 .bss.pxDelayedTaskList
                0x0000000020004478        0x4 rtos/tasks.o
 .bss.pxOverflowDelayedTaskList
                0x000000002000447c        0x4 rtos/tasks.o
 .bss.pxReadyTasksLists
                0x0000000020004480       0x64 rtos/tasks.o
 .bss.uxCurrentNumberOfTasks
                0x00000000200044e4        0x4 rtos/tasks.o
 .bss.uxDeletedTasksWaitingCleanUp
                0x00000000200044e8        0x4 rtos/tasks.o
 .bss.uxSchedulerSuspended
                0x00000000200044ec        0x4 rtos/tasks.o
 .bss.uxTaskNumber
                0x00000000200044f0        0x4 rtos/tasks.o
 .bss.uxTopReadyPriority
                0x00000000200044f4        0x4 rtos/tasks.o
 .bss.xDelayedTaskList1
                0x00000000200044f8       0x14 rtos/tasks.o
 .bss.xDelayedTaskList2
                0x000000002000450c       0x14 rtos/tasks.o
 .bss.xIdleTaskHandle
                0x0000000020004520        0x4 rtos/tasks.o
 .bss.xNextTaskUnblockTime
                0x0000000020004524        0x4 rtos/tasks.o
 .bss.xNumOfOverflows
                0x0000000020004528        0x4 rtos/tasks.o
 .bss.xPendedTicks
                0x000000002000452c        0x4 rtos/tasks.o
 .bss.xPendingReadyList
                0x0000000020004530       0x14 rtos/tasks.o
 .bss.xSchedulerRunning
                0x0000000020004544        0x4 rtos/tasks.o
 .bss.xSuspendedTaskList
                0x0000000020004548       0x14 rtos/tasks.o
 .bss.xTasksWaitingTermination
                0x000000002000455c       0x14 rtos/tasks.o
 .bss.xTickCount
                0x0000000020004570        0x4 rtos/tasks.o
 .bss.xYieldPending
                0x0000000020004574        0x4 rtos/tasks.o
 .bss.initialized
                0x0000000020004578        0x1 rtos/usbcdc.o
 *fill*         0x0000000020004579        0x3 
 .bss.usb_rxq   0x000000002000457c        0x4 rtos/usbcdc.o
 .bss.usb_txq   0x0000000020004580        0x4 rtos/usbcdc.o
 .bss.usbd_control_buffer
                0x0000000020004584       0x80 rtos/usbcdc.o
                0x0000000020004584                usbd_control_buffer
 .bss.uart_data
                0x0000000020004604        0xc /home/hades/bp/stm32//rtos/libwwg/libwwg.a(uartlib.o)
 .bss.st_usbfs_dev
                0x0000000020004610      0x104 /home/hades/bp/stm32/libopencm3/lib/libopencm3_stm32f1.a(st_usbfs_core.o)
                0x0000000020004610                st_usbfs_dev
 .bss.st_usbfs_force_nak
                0x0000000020004714        0x8 /home/hades/bp/stm32/libopencm3/lib/libopencm3_stm32f1.a(st_usbfs_core.o)
                0x0000000020004714                st_usbfs_force_nak
 *(COMMON)
                0x000000002000471c                . = ALIGN (0x4)
                0x000000002000471c                _ebss = .

/DISCARD/
 *(.eh_frame)
                0x000000002000471c                . = ALIGN (0x4)
                0x000000002000471c                end = .
                0x0000000020005000                PROVIDE (_stack = (ORIGIN (ram) + LENGTH (ram)))
OUTPUT(main.elf elf32-littlearm)
LOAD linker stubs

.debug_info     0x0000000000000000    0x16ba4
 .debug_info    0x0000000000000000     0x19a4 main.o
 .debug_info    0x00000000000019a4      0xdb5 rtos/heap_4.o
 .debug_info    0x0000000000002759      0xb5b rtos/list.o
 .debug_info    0x00000000000032b4      0x343 rtos/port.o
 .debug_info    0x00000000000035f7     0x21e0 rtos/queue.o
 .debug_info    0x00000000000057d7     0x2d52 rtos/tasks.o
 .debug_info    0x0000000000008529      0x26e rtos/opencm3.o
 .debug_info    0x0000000000008797     0x1d0c rtos/usbcdc.o
 .debug_info    0x000000000000a4a3       0x26 /usr/lib/gcc/arm-none-eabi/9.2.1/../../../arm-none-eabi/lib/thumb/v7-m/nofp/libc.a(lib_a-memcpy.o)
 .debug_info    0x000000000000a4c9      0x92e /home/hades/bp/stm32//rtos/libwwg/libwwg.a(miniprintf.o)
 .debug_info    0x000000000000adf7      0x394 /home/hades/bp/stm32//rtos/libwwg/libwwg.a(mcuio.o)
 .debug_info    0x000000000000b18b      0x2c5 /home/hades/bp/stm32//rtos/libwwg/libwwg.a(getline.o)
 .debug_info    0x000000000000b450     0x1407 /home/hades/bp/stm32//rtos/libwwg/libwwg.a(uartlib.o)
 .debug_info    0x000000000000c857      0x210 /home/hades/bp/stm32/libopencm3/lib/libopencm3_stm32f1.a(gpio.o)
 .debug_info    0x000000000000ca67      0x266 /home/hades/bp/stm32/libopencm3/lib/libopencm3_stm32f1.a(gpio_common_all.o)
 .debug_info    0x000000000000cccd     0x1574 /home/hades/bp/stm32/libopencm3/lib/libopencm3_stm32f1.a(rcc.o)
 .debug_info    0x000000000000e241      0x63d /home/hades/bp/stm32/libopencm3/lib/libopencm3_stm32f1.a(rcc_common_all.o)
 .debug_info    0x000000000000e87e      0x70a /home/hades/bp/stm32/libopencm3/lib/libopencm3_stm32f1.a(rtc.o)
 .debug_info    0x000000000000ef88      0x5a4 /home/hades/bp/stm32/libopencm3/lib/libopencm3_stm32f1.a(usart_common_all.o)
 .debug_info    0x000000000000f52c      0x19e /home/hades/bp/stm32/libopencm3/lib/libopencm3_stm32f1.a(usart_common_f124.o)
 .debug_info    0x000000000000f6ca      0xf7e /home/hades/bp/stm32/libopencm3/lib/libopencm3_stm32f1.a(usb.o)
 .debug_info    0x0000000000010648     0x105d /home/hades/bp/stm32/libopencm3/lib/libopencm3_stm32f1.a(usb_control.o)
 .debug_info    0x00000000000116a5     0x168c /home/hades/bp/stm32/libopencm3/lib/libopencm3_stm32f1.a(usb_standard.o)
 .debug_info    0x0000000000012d31      0xd9c /home/hades/bp/stm32/libopencm3/lib/libopencm3_stm32f1.a(st_usbfs_v1.o)
 .debug_info    0x0000000000013acd      0x2dd /home/hades/bp/stm32/libopencm3/lib/libopencm3_stm32f1.a(vector.o)
 .debug_info    0x0000000000013daa      0x251 /home/hades/bp/stm32/libopencm3/lib/libopencm3_stm32f1.a(nvic.o)
 .debug_info    0x0000000000013ffb       0xf6 /home/hades/bp/stm32/libopencm3/lib/libopencm3_stm32f1.a(flash_common_all.o)
 .debug_info    0x00000000000140f1      0x1bc /home/hades/bp/stm32/libopencm3/lib/libopencm3_stm32f1.a(pwr_common_v1.o)
 .debug_info    0x00000000000142ad     0x108b /home/hades/bp/stm32/libopencm3/lib/libopencm3_stm32f1.a(st_usbfs_core.o)
 .debug_info    0x0000000000015338      0xf2b /usr/lib/gcc/arm-none-eabi/9.2.1/../../../arm-none-eabi/lib/thumb/v7-m/nofp/libc.a(lib_a-memmove.o)
 .debug_info    0x0000000000016263      0x941 /usr/lib/gcc/arm-none-eabi/9.2.1/../../../arm-none-eabi/lib/thumb/v7-m/nofp/libc.a(lib_a-strlen-stub.o)

.debug_abbrev   0x0000000000000000     0x44c8
 .debug_abbrev  0x0000000000000000      0x446 main.o
 .debug_abbrev  0x0000000000000446      0x374 rtos/heap_4.o
 .debug_abbrev  0x00000000000007ba      0x236 rtos/list.o
 .debug_abbrev  0x00000000000009f0      0x217 rtos/port.o
 .debug_abbrev  0x0000000000000c07      0x3f4 rtos/queue.o
 .debug_abbrev  0x0000000000000ffb      0x540 rtos/tasks.o
 .debug_abbrev  0x000000000000153b       0xc4 rtos/opencm3.o
 .debug_abbrev  0x00000000000015ff      0x46e rtos/usbcdc.o
 .debug_abbrev  0x0000000000001a6d       0x14 /usr/lib/gcc/arm-none-eabi/9.2.1/../../../arm-none-eabi/lib/thumb/v7-m/nofp/libc.a(lib_a-memcpy.o)
 .debug_abbrev  0x0000000000001a81      0x390 /home/hades/bp/stm32//rtos/libwwg/libwwg.a(miniprintf.o)
 .debug_abbrev  0x0000000000001e11      0x181 /home/hades/bp/stm32//rtos/libwwg/libwwg.a(mcuio.o)
 .debug_abbrev  0x0000000000001f92      0x11a /home/hades/bp/stm32//rtos/libwwg/libwwg.a(getline.o)
 .debug_abbrev  0x00000000000020ac      0x35c /home/hades/bp/stm32//rtos/libwwg/libwwg.a(uartlib.o)
 .debug_abbrev  0x0000000000002408       0xd0 /home/hades/bp/stm32/libopencm3/lib/libopencm3_stm32f1.a(gpio.o)
 .debug_abbrev  0x00000000000024d8      0x116 /home/hades/bp/stm32/libopencm3/lib/libopencm3_stm32f1.a(gpio_common_all.o)
 .debug_abbrev  0x00000000000025ee      0x282 /home/hades/bp/stm32/libopencm3/lib/libopencm3_stm32f1.a(rcc.o)
 .debug_abbrev  0x0000000000002870      0x17c /home/hades/bp/stm32/libopencm3/lib/libopencm3_stm32f1.a(rcc_common_all.o)
 .debug_abbrev  0x00000000000029ec      0x1af /home/hades/bp/stm32/libopencm3/lib/libopencm3_stm32f1.a(rtc.o)
 .debug_abbrev  0x0000000000002b9b      0x129 /home/hades/bp/stm32/libopencm3/lib/libopencm3_stm32f1.a(usart_common_all.o)
 .debug_abbrev  0x0000000000002cc4       0xb5 /home/hades/bp/stm32/libopencm3/lib/libopencm3_stm32f1.a(usart_common_f124.o)
 .debug_abbrev  0x0000000000002d79      0x27c /home/hades/bp/stm32/libopencm3/lib/libopencm3_stm32f1.a(usb.o)
 .debug_abbrev  0x0000000000002ff5      0x3a8 /home/hades/bp/stm32/libopencm3/lib/libopencm3_stm32f1.a(usb_control.o)
 .debug_abbrev  0x000000000000339d      0x4a9 /home/hades/bp/stm32/libopencm3/lib/libopencm3_stm32f1.a(usb_standard.o)
 .debug_abbrev  0x0000000000003846      0x277 /home/hades/bp/stm32/libopencm3/lib/libopencm3_stm32f1.a(st_usbfs_v1.o)
 .debug_abbrev  0x0000000000003abd      0x145 /home/hades/bp/stm32/libopencm3/lib/libopencm3_stm32f1.a(vector.o)
 .debug_abbrev  0x0000000000003c02       0xb5 /home/hades/bp/stm32/libopencm3/lib/libopencm3_stm32f1.a(nvic.o)
 .debug_abbrev  0x0000000000003cb7       0x97 /home/hades/bp/stm32/libopencm3/lib/libopencm3_stm32f1.a(flash_common_all.o)
 .debug_abbrev  0x0000000000003d4e       0x9f /home/hades/bp/stm32/libopencm3/lib/libopencm3_stm32f1.a(pwr_common_v1.o)
 .debug_abbrev  0x0000000000003ded      0x2ed /home/hades/bp/stm32/libopencm3/lib/libopencm3_stm32f1.a(st_usbfs_core.o)
 .debug_abbrev  0x00000000000040da      0x21c /usr/lib/gcc/arm-none-eabi/9.2.1/../../../arm-none-eabi/lib/thumb/v7-m/nofp/libc.a(lib_a-memmove.o)
 .debug_abbrev  0x00000000000042f6      0x1d2 /usr/lib/gcc/arm-none-eabi/9.2.1/../../../arm-none-eabi/lib/thumb/v7-m/nofp/libc.a(lib_a-strlen-stub.o)

.debug_loc      0x0000000000000000     0x915f
 .debug_loc     0x0000000000000000      0x1c4 main.o
 .debug_loc     0x00000000000001c4      0x3e0 rtos/heap_4.o
 .debug_loc     0x00000000000005a4       0xaf rtos/list.o
 .debug_loc     0x0000000000000653       0xbe rtos/port.o
 .debug_loc     0x0000000000000711     0x1339 rtos/queue.o
 .debug_loc     0x0000000000001a4a     0x1ba0 rtos/tasks.o
 .debug_loc     0x00000000000035ea      0x4ea rtos/usbcdc.o
 .debug_loc     0x0000000000003ad4      0xa2a /home/hades/bp/stm32//rtos/libwwg/libwwg.a(miniprintf.o)
 .debug_loc     0x00000000000044fe       0x4f /home/hades/bp/stm32//rtos/libwwg/libwwg.a(mcuio.o)
 .debug_loc     0x000000000000454d      0x2d5 /home/hades/bp/stm32//rtos/libwwg/libwwg.a(getline.o)
 .debug_loc     0x0000000000004822      0xda9 /home/hades/bp/stm32//rtos/libwwg/libwwg.a(uartlib.o)
 .debug_loc     0x00000000000055cb      0x14c /home/hades/bp/stm32/libopencm3/lib/libopencm3_stm32f1.a(gpio.o)
 .debug_loc     0x0000000000005717       0xbe /home/hades/bp/stm32/libopencm3/lib/libopencm3_stm32f1.a(gpio_common_all.o)
 .debug_loc     0x00000000000057d5      0x3d0 /home/hades/bp/stm32/libopencm3/lib/libopencm3_stm32f1.a(rcc.o)
 .debug_loc     0x0000000000005ba5       0x94 /home/hades/bp/stm32/libopencm3/lib/libopencm3_stm32f1.a(rcc_common_all.o)
 .debug_loc     0x0000000000005c39      0x268 /home/hades/bp/stm32/libopencm3/lib/libopencm3_stm32f1.a(rtc.o)
 .debug_loc     0x0000000000005ea1      0x14d /home/hades/bp/stm32/libopencm3/lib/libopencm3_stm32f1.a(usart_common_all.o)
 .debug_loc     0x0000000000005fee       0x99 /home/hades/bp/stm32/libopencm3/lib/libopencm3_stm32f1.a(usart_common_f124.o)
 .debug_loc     0x0000000000006087      0x544 /home/hades/bp/stm32/libopencm3/lib/libopencm3_stm32f1.a(usb.o)
 .debug_loc     0x00000000000065cb      0x861 /home/hades/bp/stm32/libopencm3/lib/libopencm3_stm32f1.a(usb_control.o)
 .debug_loc     0x0000000000006e2c     0x133d /home/hades/bp/stm32/libopencm3/lib/libopencm3_stm32f1.a(usb_standard.o)
 .debug_loc     0x0000000000008169      0x1de /home/hades/bp/stm32/libopencm3/lib/libopencm3_stm32f1.a(st_usbfs_v1.o)
 .debug_loc     0x0000000000008347      0x128 /home/hades/bp/stm32/libopencm3/lib/libopencm3_stm32f1.a(vector.o)
 .debug_loc     0x000000000000846f      0x14d /home/hades/bp/stm32/libopencm3/lib/libopencm3_stm32f1.a(nvic.o)
 .debug_loc     0x00000000000085bc       0x15 /home/hades/bp/stm32/libopencm3/lib/libopencm3_stm32f1.a(flash_common_all.o)
 .debug_loc     0x00000000000085d1      0x885 /home/hades/bp/stm32/libopencm3/lib/libopencm3_stm32f1.a(st_usbfs_core.o)
 .debug_loc     0x0000000000008e56      0x2e4 /usr/lib/gcc/arm-none-eabi/9.2.1/../../../arm-none-eabi/lib/thumb/v7-m/nofp/libc.a(lib_a-memmove.o)
 .debug_loc     0x000000000000913a       0x25 /usr/lib/gcc/arm-none-eabi/9.2.1/../../../arm-none-eabi/lib/thumb/v7-m/nofp/libc.a(lib_a-strlen-stub.o)

.debug_aranges  0x0000000000000000      0xe18
 .debug_aranges
                0x0000000000000000       0x50 main.o
 .debug_aranges
                0x0000000000000050       0x50 rtos/heap_4.o
 .debug_aranges
                0x00000000000000a0       0x40 rtos/list.o
 .debug_aranges
                0x00000000000000e0       0x70 rtos/port.o
 .debug_aranges
                0x0000000000000150       0xc0 rtos/queue.o
 .debug_aranges
                0x0000000000000210      0x178 rtos/tasks.o
 .debug_aranges
                0x0000000000000388       0x30 rtos/opencm3.o
 .debug_aranges
                0x00000000000003b8       0x98 rtos/usbcdc.o
 .debug_aranges
                0x0000000000000450       0x20 /usr/lib/gcc/arm-none-eabi/9.2.1/../../../arm-none-eabi/lib/thumb/v7-m/nofp/libc.a(lib_a-memcpy.o)
 .debug_aranges
                0x0000000000000470       0x58 /home/hades/bp/stm32//rtos/libwwg/libwwg.a(miniprintf.o)
 .debug_aranges
                0x00000000000004c8       0x28 /home/hades/bp/stm32//rtos/libwwg/libwwg.a(mcuio.o)
 .debug_aranges
                0x00000000000004f0       0x20 /home/hades/bp/stm32//rtos/libwwg/libwwg.a(getline.o)
 .debug_aranges
                0x0000000000000510      0x140 /home/hades/bp/stm32//rtos/libwwg/libwwg.a(uartlib.o)
 .debug_aranges
                0x0000000000000650       0x38 /home/hades/bp/stm32/libopencm3/lib/libopencm3_stm32f1.a(gpio.o)
 .debug_aranges
                0x0000000000000688       0x50 /home/hades/bp/stm32/libopencm3/lib/libopencm3_stm32f1.a(gpio_common_all.o)
 .debug_aranges
                0x00000000000006d8      0x170 /home/hades/bp/stm32/libopencm3/lib/libopencm3_stm32f1.a(rcc.o)
 .debug_aranges
                0x0000000000000848       0x60 /home/hades/bp/stm32/libopencm3/lib/libopencm3_stm32f1.a(rcc_common_all.o)
 .debug_aranges
                0x00000000000008a8       0xa0 /home/hades/bp/stm32/libopencm3/lib/libopencm3_stm32f1.a(rtc.o)
 .debug_aranges
                0x0000000000000948       0xd8 /home/hades/bp/stm32/libopencm3/lib/libopencm3_stm32f1.a(usart_common_all.o)
 .debug_aranges
                0x0000000000000a20       0x40 /home/hades/bp/stm32/libopencm3/lib/libopencm3_stm32f1.a(usart_common_f124.o)
 .debug_aranges
                0x0000000000000a60       0x90 /home/hades/bp/stm32/libopencm3/lib/libopencm3_stm32f1.a(usb.o)
 .debug_aranges
                0x0000000000000af0       0x60 /home/hades/bp/stm32/libopencm3/lib/libopencm3_stm32f1.a(usb_control.o)
 .debug_aranges
                0x0000000000000b50       0x98 /home/hades/bp/stm32/libopencm3/lib/libopencm3_stm32f1.a(usb_standard.o)
 .debug_aranges
                0x0000000000000be8       0x30 /home/hades/bp/stm32/libopencm3/lib/libopencm3_stm32f1.a(st_usbfs_v1.o)
 .debug_aranges
                0x0000000000000c18       0x30 /home/hades/bp/stm32/libopencm3/lib/libopencm3_stm32f1.a(vector.o)
 .debug_aranges
                0x0000000000000c48       0x60 /home/hades/bp/stm32/libopencm3/lib/libopencm3_stm32f1.a(nvic.o)
 .debug_aranges
                0x0000000000000ca8       0x38 /home/hades/bp/stm32/libopencm3/lib/libopencm3_stm32f1.a(flash_common_all.o)
 .debug_aranges
                0x0000000000000ce0       0x90 /home/hades/bp/stm32/libopencm3/lib/libopencm3_stm32f1.a(pwr_common_v1.o)
 .debug_aranges
                0x0000000000000d70       0x68 /home/hades/bp/stm32/libopencm3/lib/libopencm3_stm32f1.a(st_usbfs_core.o)
 .debug_aranges
                0x0000000000000dd8       0x20 /usr/lib/gcc/arm-none-eabi/9.2.1/../../../arm-none-eabi/lib/thumb/v7-m/nofp/libc.a(lib_a-memmove.o)
 .debug_aranges
                0x0000000000000df8       0x20 /usr/lib/gcc/arm-none-eabi/9.2.1/../../../arm-none-eabi/lib/thumb/v7-m/nofp/libc.a(lib_a-strlen-stub.o)

.debug_ranges   0x0000000000000000     0x1388
 .debug_ranges  0x0000000000000000      0x108 main.o
 .debug_ranges  0x0000000000000108       0x40 rtos/heap_4.o
 .debug_ranges  0x0000000000000148       0x30 rtos/list.o
 .debug_ranges  0x0000000000000178       0x78 rtos/port.o
 .debug_ranges  0x00000000000001f0      0x250 rtos/queue.o
 .debug_ranges  0x0000000000000440      0x360 rtos/tasks.o
 .debug_ranges  0x00000000000007a0       0x20 rtos/opencm3.o
 .debug_ranges  0x00000000000007c0       0xa0 rtos/usbcdc.o
 .debug_ranges  0x0000000000000860       0x90 /home/hades/bp/stm32//rtos/libwwg/libwwg.a(miniprintf.o)
 .debug_ranges  0x00000000000008f0       0x18 /home/hades/bp/stm32//rtos/libwwg/libwwg.a(mcuio.o)
 .debug_ranges  0x0000000000000908       0x58 /home/hades/bp/stm32//rtos/libwwg/libwwg.a(getline.o)
 .debug_ranges  0x0000000000000960      0x148 /home/hades/bp/stm32//rtos/libwwg/libwwg.a(uartlib.o)
 .debug_ranges  0x0000000000000aa8       0x28 /home/hades/bp/stm32/libopencm3/lib/libopencm3_stm32f1.a(gpio.o)
 .debug_ranges  0x0000000000000ad0       0x40 /home/hades/bp/stm32/libopencm3/lib/libopencm3_stm32f1.a(gpio_common_all.o)
 .debug_ranges  0x0000000000000b10      0x208 /home/hades/bp/stm32/libopencm3/lib/libopencm3_stm32f1.a(rcc.o)
 .debug_ranges  0x0000000000000d18       0x50 /home/hades/bp/stm32/libopencm3/lib/libopencm3_stm32f1.a(rcc_common_all.o)
 .debug_ranges  0x0000000000000d68       0x90 /home/hades/bp/stm32/libopencm3/lib/libopencm3_stm32f1.a(rtc.o)
 .debug_ranges  0x0000000000000df8       0xc8 /home/hades/bp/stm32/libopencm3/lib/libopencm3_stm32f1.a(usart_common_all.o)
 .debug_ranges  0x0000000000000ec0       0x30 /home/hades/bp/stm32/libopencm3/lib/libopencm3_stm32f1.a(usart_common_f124.o)
 .debug_ranges  0x0000000000000ef0       0x80 /home/hades/bp/stm32/libopencm3/lib/libopencm3_stm32f1.a(usb.o)
 .debug_ranges  0x0000000000000f70       0xa8 /home/hades/bp/stm32/libopencm3/lib/libopencm3_stm32f1.a(usb_control.o)
 .debug_ranges  0x0000000000001018      0x120 /home/hades/bp/stm32/libopencm3/lib/libopencm3_stm32f1.a(usb_standard.o)
 .debug_ranges  0x0000000000001138       0x20 /home/hades/bp/stm32/libopencm3/lib/libopencm3_stm32f1.a(st_usbfs_v1.o)
 .debug_ranges  0x0000000000001158       0x20 /home/hades/bp/stm32/libopencm3/lib/libopencm3_stm32f1.a(vector.o)
 .debug_ranges  0x0000000000001178       0x50 /home/hades/bp/stm32/libopencm3/lib/libopencm3_stm32f1.a(nvic.o)
 .debug_ranges  0x00000000000011c8       0x28 /home/hades/bp/stm32/libopencm3/lib/libopencm3_stm32f1.a(flash_common_all.o)
 .debug_ranges  0x00000000000011f0       0x80 /home/hades/bp/stm32/libopencm3/lib/libopencm3_stm32f1.a(pwr_common_v1.o)
 .debug_ranges  0x0000000000001270      0x108 /home/hades/bp/stm32/libopencm3/lib/libopencm3_stm32f1.a(st_usbfs_core.o)
 .debug_ranges  0x0000000000001378       0x10 /usr/lib/gcc/arm-none-eabi/9.2.1/../../../arm-none-eabi/lib/thumb/v7-m/nofp/libc.a(lib_a-strlen-stub.o)

.debug_line     0x0000000000000000     0xb150
 .debug_line    0x0000000000000000      0x66b main.o
 .debug_line    0x000000000000066b      0x4c4 rtos/heap_4.o
 .debug_line    0x0000000000000b2f      0x26c rtos/list.o
 .debug_line    0x0000000000000d9b      0x2eb rtos/port.o
 .debug_line    0x0000000000001086      0xe64 rtos/queue.o
 .debug_line    0x0000000000001eea     0x1a4b rtos/tasks.o
 .debug_line    0x0000000000003935       0xe5 rtos/opencm3.o
 .debug_line    0x0000000000003a1a      0x629 rtos/usbcdc.o
 .debug_line    0x0000000000004043       0xc1 /usr/lib/gcc/arm-none-eabi/9.2.1/../../../arm-none-eabi/lib/thumb/v7-m/nofp/libc.a(lib_a-memcpy.o)
 .debug_line    0x0000000000004104      0x546 /home/hades/bp/stm32//rtos/libwwg/libwwg.a(miniprintf.o)
 .debug_line    0x000000000000464a      0x114 /home/hades/bp/stm32//rtos/libwwg/libwwg.a(mcuio.o)
 .debug_line    0x000000000000475e      0x2e5 /home/hades/bp/stm32//rtos/libwwg/libwwg.a(getline.o)
 .debug_line    0x0000000000004a43      0x9f3 /home/hades/bp/stm32//rtos/libwwg/libwwg.a(uartlib.o)
 .debug_line    0x0000000000005436      0x34b /home/hades/bp/stm32/libopencm3/lib/libopencm3_stm32f1.a(gpio.o)
 .debug_line    0x0000000000005781      0x355 /home/hades/bp/stm32/libopencm3/lib/libopencm3_stm32f1.a(gpio_common_all.o)
 .debug_line    0x0000000000005ad6      0xd02 /home/hades/bp/stm32/libopencm3/lib/libopencm3_stm32f1.a(rcc.o)
 .debug_line    0x00000000000067d8      0x3b4 /home/hades/bp/stm32/libopencm3/lib/libopencm3_stm32f1.a(rcc_common_all.o)
 .debug_line    0x0000000000006b8c      0x6cc /home/hades/bp/stm32/libopencm3/lib/libopencm3_stm32f1.a(rtc.o)
 .debug_line    0x0000000000007258      0x5c8 /home/hades/bp/stm32/libopencm3/lib/libopencm3_stm32f1.a(usart_common_all.o)
 .debug_line    0x0000000000007820      0x34a /home/hades/bp/stm32/libopencm3/lib/libopencm3_stm32f1.a(usart_common_f124.o)
 .debug_line    0x0000000000007b6a      0x4cc /home/hades/bp/stm32/libopencm3/lib/libopencm3_stm32f1.a(usb.o)
 .debug_line    0x0000000000008036      0x6b2 /home/hades/bp/stm32/libopencm3/lib/libopencm3_stm32f1.a(usb_control.o)
 .debug_line    0x00000000000086e8      0xc60 /home/hades/bp/stm32/libopencm3/lib/libopencm3_stm32f1.a(usb_standard.o)
 .debug_line    0x0000000000009348      0x3e9 /home/hades/bp/stm32/libopencm3/lib/libopencm3_stm32f1.a(st_usbfs_v1.o)
 .debug_line    0x0000000000009731      0x3e0 /home/hades/bp/stm32/libopencm3/lib/libopencm3_stm32f1.a(vector.o)
 .debug_line    0x0000000000009b11      0x377 /home/hades/bp/stm32/libopencm3/lib/libopencm3_stm32f1.a(nvic.o)
 .debug_line    0x0000000000009e88      0x306 /home/hades/bp/stm32/libopencm3/lib/libopencm3_stm32f1.a(flash_common_all.o)
 .debug_line    0x000000000000a18e      0x3f2 /home/hades/bp/stm32/libopencm3/lib/libopencm3_stm32f1.a(pwr_common_v1.o)
 .debug_line    0x000000000000a580      0x7f6 /home/hades/bp/stm32/libopencm3/lib/libopencm3_stm32f1.a(st_usbfs_core.o)
 .debug_line    0x000000000000ad76      0x28c /usr/lib/gcc/arm-none-eabi/9.2.1/../../../arm-none-eabi/lib/thumb/v7-m/nofp/libc.a(lib_a-memmove.o)
 .debug_line    0x000000000000b002      0x14e /usr/lib/gcc/arm-none-eabi/9.2.1/../../../arm-none-eabi/lib/thumb/v7-m/nofp/libc.a(lib_a-strlen-stub.o)

.debug_str      0x0000000000000000    0x17b22
 .debug_str     0x0000000000000000      0xd07 main.o
                                        0xedb (size before relaxing)
 .debug_str     0x0000000000000d07      0x2fa rtos/heap_4.o
                                        0x889 (size before relaxing)
 .debug_str     0x0000000000001001      0x11e rtos/list.o
                                        0x6b5 (size before relaxing)
 .debug_str     0x000000000000111f      0x14d rtos/port.o
                                        0x34b (size before relaxing)
 .debug_str     0x000000000000126c      0x562 rtos/queue.o
                                        0xd0e (size before relaxing)
 .debug_str     0x00000000000017ce      0x8fe rtos/tasks.o
                                       0x12ec (size before relaxing)
 .debug_str     0x00000000000020cc       0x40 rtos/opencm3.o
                                        0x312 (size before relaxing)
 .debug_str     0x000000000000210c      0x6ea rtos/usbcdc.o
                                       0x11fc (size before relaxing)
 .debug_str     0x00000000000027f6       0xad /usr/lib/gcc/arm-none-eabi/9.2.1/../../../arm-none-eabi/lib/thumb/v7-m/nofp/libc.a(lib_a-memcpy.o)
 .debug_str     0x00000000000028a3      0x1d4 /home/hades/bp/stm32//rtos/libwwg/libwwg.a(miniprintf.o)
                                        0x2c7 (size before relaxing)
 .debug_str     0x0000000000002a77       0x39 /home/hades/bp/stm32//rtos/libwwg/libwwg.a(mcuio.o)
                                        0x26c (size before relaxing)
 .debug_str     0x0000000000002ab0       0x25 /home/hades/bp/stm32//rtos/libwwg/libwwg.a(getline.o)
                                        0x18a (size before relaxing)
 .debug_str     0x0000000000002ad5      0x336 /home/hades/bp/stm32//rtos/libwwg/libwwg.a(uartlib.o)
                                        0x887 (size before relaxing)
 .debug_str     0x0000000000002e0b     0x82d2 /home/hades/bp/stm32/libopencm3/lib/libopencm3_stm32f1.a(gpio.o)
                                       0x849e (size before relaxing)
 .debug_str     0x000000000000b0dd       0x69 /home/hades/bp/stm32/libopencm3/lib/libopencm3_stm32f1.a(gpio_common_all.o)
                                       0x8492 (size before relaxing)
 .debug_str     0x000000000000b146     0x329d /home/hades/bp/stm32/libopencm3/lib/libopencm3_stm32f1.a(rcc.o)
                                       0x8186 (size before relaxing)
 .debug_str     0x000000000000e3e3      0x371 /home/hades/bp/stm32/libopencm3/lib/libopencm3_stm32f1.a(rcc_common_all.o)
                                       0x7894 (size before relaxing)
 .debug_str     0x000000000000e754      0x5a2 /home/hades/bp/stm32/libopencm3/lib/libopencm3_stm32f1.a(rtc.o)
                                       0x7be5 (size before relaxing)
 .debug_str     0x000000000000ecf6     0x1132 /home/hades/bp/stm32/libopencm3/lib/libopencm3_stm32f1.a(usart_common_all.o)
                                       0x84b5 (size before relaxing)
 .debug_str     0x000000000000fe28       0x2d /home/hades/bp/stm32/libopencm3/lib/libopencm3_stm32f1.a(usart_common_f124.o)
                                       0x8249 (size before relaxing)
 .debug_str     0x000000000000fe55     0x36aa /home/hades/bp/stm32/libopencm3/lib/libopencm3_stm32f1.a(usb.o)
                                       0x7af4 (size before relaxing)
 .debug_str     0x00000000000134ff      0x19b /home/hades/bp/stm32/libopencm3/lib/libopencm3_stm32f1.a(usb_control.o)
                                       0x7b0d (size before relaxing)
 .debug_str     0x000000000001369a      0x2a4 /home/hades/bp/stm32/libopencm3/lib/libopencm3_stm32f1.a(usb_standard.o)
                                       0x7c40 (size before relaxing)
 .debug_str     0x000000000001393e     0x1581 /home/hades/bp/stm32/libopencm3/lib/libopencm3_stm32f1.a(st_usbfs_v1.o)
                                       0x99eb (size before relaxing)
 .debug_str     0x0000000000014ebf     0x2485 /home/hades/bp/stm32/libopencm3/lib/libopencm3_stm32f1.a(vector.o)
                                       0x6567 (size before relaxing)
 .debug_str     0x0000000000017344       0xc4 /home/hades/bp/stm32/libopencm3/lib/libopencm3_stm32f1.a(nvic.o)
                                       0x5b49 (size before relaxing)
 .debug_str     0x0000000000017408       0x64 /home/hades/bp/stm32/libopencm3/lib/libopencm3_stm32f1.a(flash_common_all.o)
                                       0x546a (size before relaxing)
 .debug_str     0x000000000001746c      0x190 /home/hades/bp/stm32/libopencm3/lib/libopencm3_stm32f1.a(pwr_common_v1.o)
                                       0x50bf (size before relaxing)
 .debug_str     0x00000000000175fc      0x12c /home/hades/bp/stm32/libopencm3/lib/libopencm3_stm32f1.a(st_usbfs_core.o)
                                       0x98f7 (size before relaxing)
 .debug_str     0x0000000000017728      0x3b9 /usr/lib/gcc/arm-none-eabi/9.2.1/../../../arm-none-eabi/lib/thumb/v7-m/nofp/libc.a(lib_a-memmove.o)
                                        0x8e4 (size before relaxing)
 .debug_str     0x0000000000017ae1       0x41 /usr/lib/gcc/arm-none-eabi/9.2.1/../../../arm-none-eabi/lib/thumb/v7-m/nofp/libc.a(lib_a-strlen-stub.o)
                                        0x5ae (size before relaxing)

.comment        0x0000000000000000       0xf4
 .comment       0x0000000000000000       0x59 main.o
                                         0x5a (size before relaxing)
 .comment       0x0000000000000059       0x5a rtos/heap_4.o
 .comment       0x0000000000000059       0x5a rtos/list.o
 .comment       0x0000000000000059       0x5a rtos/port.o
 .comment       0x0000000000000059       0x5a rtos/queue.o
 .comment       0x0000000000000059       0x5a rtos/tasks.o
 .comment       0x0000000000000059       0x5a rtos/opencm3.o
 .comment       0x0000000000000059       0x5a rtos/usbcdc.o
 .comment       0x0000000000000059       0x4d /home/hades/bp/stm32//rtos/libwwg/libwwg.a(miniprintf.o)
                                         0x4e (size before relaxing)
 .comment       0x00000000000000a6       0x4e /home/hades/bp/stm32//rtos/libwwg/libwwg.a(mcuio.o)
 .comment       0x00000000000000a6       0x4e /home/hades/bp/stm32//rtos/libwwg/libwwg.a(getline.o)
 .comment       0x00000000000000a6       0x4e /home/hades/bp/stm32//rtos/libwwg/libwwg.a(uartlib.o)
 .comment       0x00000000000000a6       0x4e /home/hades/bp/stm32/libopencm3/lib/libopencm3_stm32f1.a(gpio.o)
 .comment       0x00000000000000a6       0x4e /home/hades/bp/stm32/libopencm3/lib/libopencm3_stm32f1.a(gpio_common_all.o)
 .comment       0x00000000000000a6       0x4e /home/hades/bp/stm32/libopencm3/lib/libopencm3_stm32f1.a(rcc.o)
 .comment       0x00000000000000a6       0x4e /home/hades/bp/stm32/libopencm3/lib/libopencm3_stm32f1.a(rcc_common_all.o)
 .comment       0x00000000000000a6       0x4e /home/hades/bp/stm32/libopencm3/lib/libopencm3_stm32f1.a(rtc.o)
 .comment       0x00000000000000a6       0x4e /home/hades/bp/stm32/libopencm3/lib/libopencm3_stm32f1.a(usart_common_all.o)
 .comment       0x00000000000000a6       0x4e /home/hades/bp/stm32/libopencm3/lib/libopencm3_stm32f1.a(usart_common_f124.o)
 .comment       0x00000000000000a6       0x4e /home/hades/bp/stm32/libopencm3/lib/libopencm3_stm32f1.a(usb.o)
 .comment       0x00000000000000a6       0x4e /home/hades/bp/stm32/libopencm3/lib/libopencm3_stm32f1.a(usb_control.o)
 .comment       0x00000000000000a6       0x4e /home/hades/bp/stm32/libopencm3/lib/libopencm3_stm32f1.a(usb_standard.o)
 .comment       0x00000000000000a6       0x4e /home/hades/bp/stm32/libopencm3/lib/libopencm3_stm32f1.a(st_usbfs_v1.o)
 .comment       0x00000000000000a6       0x4e /home/hades/bp/stm32/libopencm3/lib/libopencm3_stm32f1.a(vector.o)
 .comment       0x00000000000000a6       0x4e /home/hades/bp/stm32/libopencm3/lib/libopencm3_stm32f1.a(nvic.o)
 .comment       0x00000000000000a6       0x4e /home/hades/bp/stm32/libopencm3/lib/libopencm3_stm32f1.a(flash_common_all.o)
 .comment       0x00000000000000a6       0x4e /home/hades/bp/stm32/libopencm3/lib/libopencm3_stm32f1.a(pwr_common_v1.o)
 .comment       0x00000000000000a6       0x4e /home/hades/bp/stm32/libopencm3/lib/libopencm3_stm32f1.a(st_usbfs_core.o)
 .comment       0x00000000000000a6       0x4e /usr/lib/gcc/arm-none-eabi/9.2.1/../../../arm-none-eabi/lib/thumb/v7-m/nofp/libc.a(lib_a-memmove.o)
                                         0x4f (size before relaxing)
 .comment       0x00000000000000f4       0x4f /usr/lib/gcc/arm-none-eabi/9.2.1/../../../arm-none-eabi/lib/thumb/v7-m/nofp/libc.a(lib_a-strlen-stub.o)

.ARM.attributes
                0x0000000000000000       0x2b
 .ARM.attributes
                0x0000000000000000       0x2d main.o
 .ARM.attributes
                0x000000000000002d       0x2d rtos/heap_4.o
 .ARM.attributes
                0x000000000000005a       0x2d rtos/list.o
 .ARM.attributes
                0x0000000000000087       0x2d rtos/port.o
 .ARM.attributes
                0x00000000000000b4       0x2d rtos/queue.o
 .ARM.attributes
                0x00000000000000e1       0x2d rtos/tasks.o
 .ARM.attributes
                0x000000000000010e       0x2d rtos/opencm3.o
 .ARM.attributes
                0x000000000000013b       0x2d rtos/usbcdc.o
 .ARM.attributes
                0x0000000000000168       0x1b /usr/lib/gcc/arm-none-eabi/9.2.1/../../../arm-none-eabi/lib/thumb/v7-m/nofp/libc.a(lib_a-memcpy.o)
 .ARM.attributes
                0x0000000000000183       0x2d /home/hades/bp/stm32//rtos/libwwg/libwwg.a(miniprintf.o)
 .ARM.attributes
                0x00000000000001b0       0x2d /home/hades/bp/stm32//rtos/libwwg/libwwg.a(mcuio.o)
 .ARM.attributes
                0x00000000000001dd       0x2d /home/hades/bp/stm32//rtos/libwwg/libwwg.a(getline.o)
 .ARM.attributes
                0x000000000000020a       0x2d /home/hades/bp/stm32//rtos/libwwg/libwwg.a(uartlib.o)
 .ARM.attributes
                0x0000000000000237       0x2d /home/hades/bp/stm32/libopencm3/lib/libopencm3_stm32f1.a(gpio.o)
 .ARM.attributes
                0x0000000000000264       0x2d /home/hades/bp/stm32/libopencm3/lib/libopencm3_stm32f1.a(gpio_common_all.o)
 .ARM.attributes
                0x0000000000000291       0x2d /home/hades/bp/stm32/libopencm3/lib/libopencm3_stm32f1.a(rcc.o)
 .ARM.attributes
                0x00000000000002be       0x2d /home/hades/bp/stm32/libopencm3/lib/libopencm3_stm32f1.a(rcc_common_all.o)
 .ARM.attributes
                0x00000000000002eb       0x2d /home/hades/bp/stm32/libopencm3/lib/libopencm3_stm32f1.a(rtc.o)
 .ARM.attributes
                0x0000000000000318       0x2d /home/hades/bp/stm32/libopencm3/lib/libopencm3_stm32f1.a(usart_common_all.o)
 .ARM.attributes
                0x0000000000000345       0x2d /home/hades/bp/stm32/libopencm3/lib/libopencm3_stm32f1.a(usart_common_f124.o)
 .ARM.attributes
                0x0000000000000372       0x2d /home/hades/bp/stm32/libopencm3/lib/libopencm3_stm32f1.a(usb.o)
 .ARM.attributes
                0x000000000000039f       0x2d /home/hades/bp/stm32/libopencm3/lib/libopencm3_stm32f1.a(usb_control.o)
 .ARM.attributes
                0x00000000000003cc       0x2d /home/hades/bp/stm32/libopencm3/lib/libopencm3_stm32f1.a(usb_standard.o)
 .ARM.attributes
                0x00000000000003f9       0x2d /home/hades/bp/stm32/libopencm3/lib/libopencm3_stm32f1.a(st_usbfs_v1.o)
 .ARM.attributes
                0x0000000000000426       0x2d /home/hades/bp/stm32/libopencm3/lib/libopencm3_stm32f1.a(vector.o)
 .ARM.attributes
                0x0000000000000453       0x2d /home/hades/bp/stm32/libopencm3/lib/libopencm3_stm32f1.a(nvic.o)
 .ARM.attributes
                0x0000000000000480       0x2d /home/hades/bp/stm32/libopencm3/lib/libopencm3_stm32f1.a(flash_common_all.o)
 .ARM.attributes
                0x00000000000004ad       0x2d /home/hades/bp/stm32/libopencm3/lib/libopencm3_stm32f1.a(pwr_common_v1.o)
 .ARM.attributes
                0x00000000000004da       0x2d /home/hades/bp/stm32/libopencm3/lib/libopencm3_stm32f1.a(st_usbfs_core.o)
 .ARM.attributes
                0x0000000000000507       0x2d /usr/lib/gcc/arm-none-eabi/9.2.1/../../../arm-none-eabi/lib/thumb/v7-m/nofp/libc.a(lib_a-memmove.o)
 .ARM.attributes
                0x0000000000000534       0x2d /usr/lib/gcc/arm-none-eabi/9.2.1/../../../arm-none-eabi/lib/thumb/v7-m/nofp/libc.a(lib_a-strlen-stub.o)

.debug_frame    0x0000000000000000     0x22a0
 .debug_frame   0x0000000000000000       0xb8 main.o
 .debug_frame   0x00000000000000b8       0xc4 rtos/heap_4.o
 .debug_frame   0x000000000000017c       0x6c rtos/list.o
 .debug_frame   0x00000000000001e8       0xd8 rtos/port.o
 .debug_frame   0x00000000000002c0      0x278 rtos/queue.o
 .debug_frame   0x0000000000000538      0x4ec rtos/tasks.o
 .debug_frame   0x0000000000000a24       0x40 rtos/opencm3.o
 .debug_frame   0x0000000000000a64      0x1b4 rtos/usbcdc.o
 .debug_frame   0x0000000000000c18      0x110 /home/hades/bp/stm32//rtos/libwwg/libwwg.a(miniprintf.o)
 .debug_frame   0x0000000000000d28       0x6c /home/hades/bp/stm32//rtos/libwwg/libwwg.a(mcuio.o)
 .debug_frame   0x0000000000000d94       0x3c /home/hades/bp/stm32//rtos/libwwg/libwwg.a(getline.o)
 .debug_frame   0x0000000000000dd0      0x3a0 /home/hades/bp/stm32//rtos/libwwg/libwwg.a(uartlib.o)
 .debug_frame   0x0000000000001170       0x60 /home/hades/bp/stm32/libopencm3/lib/libopencm3_stm32f1.a(gpio.o)
 .debug_frame   0x00000000000011d0       0x80 /home/hades/bp/stm32/libopencm3/lib/libopencm3_stm32f1.a(gpio_common_all.o)
 .debug_frame   0x0000000000001250      0x318 /home/hades/bp/stm32/libopencm3/lib/libopencm3_stm32f1.a(rcc.o)
 .debug_frame   0x0000000000001568       0xe0 /home/hades/bp/stm32/libopencm3/lib/libopencm3_stm32f1.a(rcc_common_all.o)
 .debug_frame   0x0000000000001648      0x1ac /home/hades/bp/stm32/libopencm3/lib/libopencm3_stm32f1.a(rtc.o)
 .debug_frame   0x00000000000017f4      0x1b0 /home/hades/bp/stm32/libopencm3/lib/libopencm3_stm32f1.a(usart_common_all.o)
 .debug_frame   0x00000000000019a4       0x60 /home/hades/bp/stm32/libopencm3/lib/libopencm3_stm32f1.a(usart_common_f124.o)
 .debug_frame   0x0000000000001a04      0x14c /home/hades/bp/stm32/libopencm3/lib/libopencm3_stm32f1.a(usb.o)
 .debug_frame   0x0000000000001b50      0x164 /home/hades/bp/stm32/libopencm3/lib/libopencm3_stm32f1.a(usb_control.o)
 .debug_frame   0x0000000000001cb4      0x1e4 /home/hades/bp/stm32/libopencm3/lib/libopencm3_stm32f1.a(usb_standard.o)
 .debug_frame   0x0000000000001e98       0x54 /home/hades/bp/stm32/libopencm3/lib/libopencm3_stm32f1.a(st_usbfs_v1.o)
 .debug_frame   0x0000000000001eec       0x4c /home/hades/bp/stm32/libopencm3/lib/libopencm3_stm32f1.a(vector.o)
 .debug_frame   0x0000000000001f38       0xa0 /home/hades/bp/stm32/libopencm3/lib/libopencm3_stm32f1.a(nvic.o)
 .debug_frame   0x0000000000001fd8       0x50 /home/hades/bp/stm32/libopencm3/lib/libopencm3_stm32f1.a(flash_common_all.o)
 .debug_frame   0x0000000000002028      0x100 /home/hades/bp/stm32/libopencm3/lib/libopencm3_stm32f1.a(pwr_common_v1.o)
 .debug_frame   0x0000000000002128      0x118 /home/hades/bp/stm32/libopencm3/lib/libopencm3_stm32f1.a(st_usbfs_core.o)
 .debug_frame   0x0000000000002240       0x40 /usr/lib/gcc/arm-none-eabi/9.2.1/../../../arm-none-eabi/lib/thumb/v7-m/nofp/libc.a(lib_a-memmove.o)
 .debug_frame   0x0000000000002280       0x20 /usr/lib/gcc/arm-none-eabi/9.2.1/../../../arm-none-eabi/lib/thumb/v7-m/nofp/libc.a(lib_a-strlen-stub.o)

.debug_macro    0x0000000000000000     0x586e
 .debug_macro   0x0000000000000000       0xb8 /home/hades/bp/stm32/libopencm3/lib/libopencm3_stm32f1.a(gpio.o)
 .debug_macro   0x00000000000000b8      0xa60 /home/hades/bp/stm32/libopencm3/lib/libopencm3_stm32f1.a(gpio.o)
 .debug_macro   0x0000000000000b18       0x1c /home/hades/bp/stm32/libopencm3/lib/libopencm3_stm32f1.a(gpio.o)
 .debug_macro   0x0000000000000b34       0x22 /home/hades/bp/stm32/libopencm3/lib/libopencm3_stm32f1.a(gpio.o)
 .debug_macro   0x0000000000000b56       0x56 /home/hades/bp/stm32/libopencm3/lib/libopencm3_stm32f1.a(gpio.o)
 .debug_macro   0x0000000000000bac       0x51 /home/hades/bp/stm32/libopencm3/lib/libopencm3_stm32f1.a(gpio.o)
 .debug_macro   0x0000000000000bfd      0x103 /home/hades/bp/stm32/libopencm3/lib/libopencm3_stm32f1.a(gpio.o)
 .debug_macro   0x0000000000000d00       0x6a /home/hades/bp/stm32/libopencm3/lib/libopencm3_stm32f1.a(gpio.o)
 .debug_macro   0x0000000000000d6a      0x1df /home/hades/bp/stm32/libopencm3/lib/libopencm3_stm32f1.a(gpio.o)
 .debug_macro   0x0000000000000f49       0x22 /home/hades/bp/stm32/libopencm3/lib/libopencm3_stm32f1.a(gpio.o)
 .debug_macro   0x0000000000000f6b       0xe8 /home/hades/bp/stm32/libopencm3/lib/libopencm3_stm32f1.a(gpio.o)
 .debug_macro   0x0000000000001053       0x76 /home/hades/bp/stm32/libopencm3/lib/libopencm3_stm32f1.a(gpio.o)
 .debug_macro   0x00000000000010c9      0x1b4 /home/hades/bp/stm32/libopencm3/lib/libopencm3_stm32f1.a(gpio.o)
 .debug_macro   0x000000000000127d       0x76 /home/hades/bp/stm32/libopencm3/lib/libopencm3_stm32f1.a(gpio.o)
 .debug_macro   0x00000000000012f3      0xe04 /home/hades/bp/stm32/libopencm3/lib/libopencm3_stm32f1.a(gpio.o)
 .debug_macro   0x00000000000020f7       0xb8 /home/hades/bp/stm32/libopencm3/lib/libopencm3_stm32f1.a(gpio_common_all.o)
 .debug_macro   0x00000000000021af       0xe7 /home/hades/bp/stm32/libopencm3/lib/libopencm3_stm32f1.a(rcc.o)
 .debug_macro   0x0000000000002296       0x16 /home/hades/bp/stm32/libopencm3/lib/libopencm3_stm32f1.a(rcc.o)
 .debug_macro   0x00000000000022ac      0x8c6 /home/hades/bp/stm32/libopencm3/lib/libopencm3_stm32f1.a(rcc.o)
 .debug_macro   0x0000000000002b72       0xee /home/hades/bp/stm32/libopencm3/lib/libopencm3_stm32f1.a(rcc.o)
 .debug_macro   0x0000000000002c60       0x82 /home/hades/bp/stm32/libopencm3/lib/libopencm3_stm32f1.a(rcc.o)
 .debug_macro   0x0000000000002ce2       0xce /home/hades/bp/stm32/libopencm3/lib/libopencm3_stm32f1.a(rcc_common_all.o)
 .debug_macro   0x0000000000002db0       0xe6 /home/hades/bp/stm32/libopencm3/lib/libopencm3_stm32f1.a(rtc.o)
 .debug_macro   0x0000000000002e96       0x8e /home/hades/bp/stm32/libopencm3/lib/libopencm3_stm32f1.a(rtc.o)
 .debug_macro   0x0000000000002f24       0x76 /home/hades/bp/stm32/libopencm3/lib/libopencm3_stm32f1.a(rtc.o)
 .debug_macro   0x0000000000002f9a       0xda /home/hades/bp/stm32/libopencm3/lib/libopencm3_stm32f1.a(usart_common_all.o)
 .debug_macro   0x0000000000003074       0x94 /home/hades/bp/stm32/libopencm3/lib/libopencm3_stm32f1.a(usart_common_all.o)
 .debug_macro   0x0000000000003108      0x29e /home/hades/bp/stm32/libopencm3/lib/libopencm3_stm32f1.a(usart_common_all.o)
 .debug_macro   0x00000000000033a6       0xda /home/hades/bp/stm32/libopencm3/lib/libopencm3_stm32f1.a(usart_common_f124.o)
 .debug_macro   0x0000000000003480      0x146 /home/hades/bp/stm32/libopencm3/lib/libopencm3_stm32f1.a(usb.o)
 .debug_macro   0x00000000000035c6       0x5e /home/hades/bp/stm32/libopencm3/lib/libopencm3_stm32f1.a(usb.o)
 .debug_macro   0x0000000000003624       0x18 /home/hades/bp/stm32/libopencm3/lib/libopencm3_stm32f1.a(usb.o)
 .debug_macro   0x000000000000363c       0x5c /home/hades/bp/stm32/libopencm3/lib/libopencm3_stm32f1.a(usb.o)
 .debug_macro   0x0000000000003698       0x35 /home/hades/bp/stm32/libopencm3/lib/libopencm3_stm32f1.a(usb.o)
 .debug_macro   0x00000000000036cd       0x34 /home/hades/bp/stm32/libopencm3/lib/libopencm3_stm32f1.a(usb.o)
 .debug_macro   0x0000000000003701      0x16d /home/hades/bp/stm32/libopencm3/lib/libopencm3_stm32f1.a(usb.o)
 .debug_macro   0x000000000000386e       0x16 /home/hades/bp/stm32/libopencm3/lib/libopencm3_stm32f1.a(usb.o)
 .debug_macro   0x0000000000003884       0x43 /home/hades/bp/stm32/libopencm3/lib/libopencm3_stm32f1.a(usb.o)
 .debug_macro   0x00000000000038c7       0x57 /home/hades/bp/stm32/libopencm3/lib/libopencm3_stm32f1.a(usb.o)
 .debug_macro   0x000000000000391e       0x34 /home/hades/bp/stm32/libopencm3/lib/libopencm3_stm32f1.a(usb.o)
 .debug_macro   0x0000000000003952       0x10 /home/hades/bp/stm32/libopencm3/lib/libopencm3_stm32f1.a(usb.o)
 .debug_macro   0x0000000000003962       0x58 /home/hades/bp/stm32/libopencm3/lib/libopencm3_stm32f1.a(usb.o)
 .debug_macro   0x00000000000039ba      0x182 /home/hades/bp/stm32/libopencm3/lib/libopencm3_stm32f1.a(usb.o)
 .debug_macro   0x0000000000003b3c      0x356 /home/hades/bp/stm32/libopencm3/lib/libopencm3_stm32f1.a(usb.o)
 .debug_macro   0x0000000000003e92       0x10 /home/hades/bp/stm32/libopencm3/lib/libopencm3_stm32f1.a(usb.o)
 .debug_macro   0x0000000000003ea2       0x35 /home/hades/bp/stm32/libopencm3/lib/libopencm3_stm32f1.a(usb.o)
 .debug_macro   0x0000000000003ed7      0x19c /home/hades/bp/stm32/libopencm3/lib/libopencm3_stm32f1.a(usb.o)
 .debug_macro   0x0000000000004073       0x10 /home/hades/bp/stm32/libopencm3/lib/libopencm3_stm32f1.a(usb.o)
 .debug_macro   0x0000000000004083       0x1c /home/hades/bp/stm32/libopencm3/lib/libopencm3_stm32f1.a(usb.o)
 .debug_macro   0x000000000000409f      0x154 /home/hades/bp/stm32/libopencm3/lib/libopencm3_stm32f1.a(usb_control.o)
 .debug_macro   0x00000000000041f3       0x16 /home/hades/bp/stm32/libopencm3/lib/libopencm3_stm32f1.a(usb_control.o)
 .debug_macro   0x0000000000004209      0x10e /home/hades/bp/stm32/libopencm3/lib/libopencm3_stm32f1.a(usb_control.o)
 .debug_macro   0x0000000000004317       0x86 /home/hades/bp/stm32/libopencm3/lib/libopencm3_stm32f1.a(usb_control.o)
 .debug_macro   0x000000000000439d       0x22 /home/hades/bp/stm32/libopencm3/lib/libopencm3_stm32f1.a(usb_control.o)
 .debug_macro   0x00000000000043bf      0x146 /home/hades/bp/stm32/libopencm3/lib/libopencm3_stm32f1.a(usb_standard.o)
 .debug_macro   0x0000000000004505      0x10d /home/hades/bp/stm32/libopencm3/lib/libopencm3_stm32f1.a(st_usbfs_v1.o)
 .debug_macro   0x0000000000004612       0x3a /home/hades/bp/stm32/libopencm3/lib/libopencm3_stm32f1.a(st_usbfs_v1.o)
 .debug_macro   0x000000000000464c      0x29e /home/hades/bp/stm32/libopencm3/lib/libopencm3_stm32f1.a(st_usbfs_v1.o)
 .debug_macro   0x00000000000048ea       0x28 /home/hades/bp/stm32/libopencm3/lib/libopencm3_stm32f1.a(st_usbfs_v1.o)
 .debug_macro   0x0000000000004912      0x1a2 /home/hades/bp/stm32/libopencm3/lib/libopencm3_stm32f1.a(st_usbfs_v1.o)
 .debug_macro   0x0000000000004ab4       0x10 /home/hades/bp/stm32/libopencm3/lib/libopencm3_stm32f1.a(st_usbfs_v1.o)
 .debug_macro   0x0000000000004ac4       0xcf /home/hades/bp/stm32/libopencm3/lib/libopencm3_stm32f1.a(vector.o)
 .debug_macro   0x0000000000004b93      0x395 /home/hades/bp/stm32/libopencm3/lib/libopencm3_stm32f1.a(vector.o)
 .debug_macro   0x0000000000004f28       0x6e /home/hades/bp/stm32/libopencm3/lib/libopencm3_stm32f1.a(vector.o)
 .debug_macro   0x0000000000004f96      0x1a2 /home/hades/bp/stm32/libopencm3/lib/libopencm3_stm32f1.a(vector.o)
 .debug_macro   0x0000000000005138       0xb3 /home/hades/bp/stm32/libopencm3/lib/libopencm3_stm32f1.a(nvic.o)
 .debug_macro   0x00000000000051eb       0x68 /home/hades/bp/stm32/libopencm3/lib/libopencm3_stm32f1.a(nvic.o)
 .debug_macro   0x0000000000005253      0x39b /home/hades/bp/stm32/libopencm3/lib/libopencm3_stm32f1.a(nvic.o)
 .debug_macro   0x00000000000055ee       0xc0 /home/hades/bp/stm32/libopencm3/lib/libopencm3_stm32f1.a(flash_common_all.o)
 .debug_macro   0x00000000000056ae       0xb3 /home/hades/bp/stm32/libopencm3/lib/libopencm3_stm32f1.a(pwr_common_v1.o)
 .debug_macro   0x0000000000005761      0x10d /home/hades/bp/stm32/libopencm3/lib/libopencm3_stm32f1.a(st_usbfs_core.o)
